<html>
<body>
<pre>
<h1>µVision Build Log</h1>
<h2>Tool Versions:</h2>
IDE-Version: ¦ÌVision V5.15
Copyright (C) 2015 ARM Ltd and ARM Germany GmbH. All rights reserved.
License Information: king king, nuc, LIC=----
 
Tool Versions:
Toolchain:       MDK-Lite  Version: 5.15.0
Toolchain Path:  E:\keil5\ARM\ARMCC\Bin
C Compiler:      Armcc.exe V5.05 update 2 (build 169)
Assembler:       Armasm.exe V5.05 update 2 (build 169)
Linker/Locator:  ArmLink.exe V5.05 update 2 (build 169)
Library Manager: ArmAr.exe V5.05 update 2 (build 169)
Hex Converter:   FromElf.exe V5.05 update 2 (build 169)
CPU DLL:         SARMCM3.DLL V5.15.0
Dialog DLL:      DARMSTM.DLL V1.65.0.0
Target DLL:      Segger\JL2CM3.dll V2.99.15.0
Dialog DLL:      TARMSTM.DLL V1.64.0.0
 
<h2>Project:</h2>
D:\2016NEW\UCOS\ledone-uart-v0.2\LY-STM32.Uv2
Project File Date:  11/23/2014

<h2>Output:</h2>
*** Using Compiler 'V5.05 update 2 (build 169)', folder: 'E:\keil5\ARM\ARMCC\Bin'
Build target 'LY-STM32'
compiling stm32f10x_it.c...
USR\usart.h(6): warning:  #1295-D: Deprecated declaration usart_config - give arg types
  void usart_config();
USR\stm32f10x_it.c: 1 warning, 0 errors
compiling usart.c...
USR\usart.h(6): warning:  #1295-D: Deprecated declaration usart_config - give arg types
  void usart_config();
USR\usart.c: 1 warning, 0 errors
linking...
Program Size: Code=15500 RO-data=604 RW-data=128 ZI-data=5088  
FromELF: creating hex file...
".\LY-STM32.axf" - 0 Error(s), 2 Warning(s).
</pre>
</body>
</html>
