<html>
<body>
<pre>
<h1>礦ision3 Build Log</h1>
<h2>Project:</h2>
E:\ZXKJ\LY-STM32\LY-STM32 光盘资料(2015)\1.课程\3.系统篇\系统篇(uCOS-Ⅱ) 1.4 创建一个任务点亮一个发光二极管\程序\LY-STM32.uv2
Project File Date:  11/20/2014

<h2>Output:</h2>
Build target 'LY-STM32'
compiling main.c...
USR\led.h(6): warning:  #1-D: last line of file ends without a newline
compiling pbdata.c...
USR\led.h(6): warning:  #1-D: last line of file ends without a newline
compiling stm32f10x_it.c...
USR\led.h(6): warning:  #1-D: last line of file ends without a newline
compiling led.c...
USR\led.h(6): warning:  #1-D: last line of file ends without a newline
linking...
Program Size: Code=11082 RO-data=594 RW-data=116 ZI-data=4324  
FromELF: creating hex file...
"LY-STM32.axf" - 0 Error(s), 4 Warning(s).
Build target 'LY-STM32'
compiling main.c...
compiling pbdata.c...
compiling stm32f10x_it.c...
compiling led.c...
linking...
Program Size: Code=11082 RO-data=594 RW-data=116 ZI-data=4324  
FromELF: creating hex file...
"LY-STM32.axf" - 0 Error(s), 0 Warning(s).
Build target 'LY-STM32'
compiling main.c...
compiling pbdata.c...
compiling stm32f10x_it.c...
compiling led.c...
linking...
Program Size: Code=11998 RO-data=594 RW-data=116 ZI-data=4324  
FromELF: creating hex file...
"LY-STM32.axf" - 0 Error(s), 0 Warning(s).
Build target 'LY-STM32'
linking...
Program Size: Code=11998 RO-data=594 RW-data=116 ZI-data=4324  
FromELF: creating hex file...
"LY-STM32.axf" - 0 Error(s), 0 Warning(s).
Build target 'LY-STM32'
compiling main.c...
USR\main.c(25): warning:  #223-D: function "OS_Init" declared implicitly
compiling pbdata.c...
compiling stm32f10x_it.c...
compiling led.c...
linking...
LY-STM32.axf: Error: L6218E: Undefined symbol OS_Init (referred from main.o).
Target not created
Build target 'LY-STM32'
compiling main.c...
linking...
Program Size: Code=12078 RO-data=594 RW-data=116 ZI-data=4836  
FromELF: creating hex file...
"LY-STM32.axf" - 0 Error(s), 0 Warning(s).
