<html>
<body>
<pre>
<h1>礦ision3 Build Log</h1>
<h2>Project:</h2>
E:\ZXKJ\LY-STM32\LY-STM32 光盘资料(2015)\1.课程\3.系统篇\系统篇(uCOS-Ⅱ) 1.3 创建一个通用的uCOS-Ⅱ操作系统工程模版\程序\LY-STM32.uv2
Project File Date:  04/30/2013

<h2>Output:</h2>
Build target 'LY-STM32'
compiling main.c...
USR\main.c(5): error:  #20: identifier "dt" is undefined
compiling pbdata.c...
compiling stm32f10x_it.c...
compiling stm32f10x_gpio.c...
compiling stm32f10x_rcc.c...
compiling misc.c...
compiling core_cm3.c...
compiling system_stm32f10x.c...
compiling os_cpu_c.c...
compiling os_dbg.c...
assembling os_cpu_a.asm...
compiling os_core.c...
compiling os_flag.c...
compiling os_mbox.c...
compiling os_mem.c...
compiling os_mutex.c...
compiling os_q.c...
compiling os_sem.c...
compiling os_task.c...
compiling os_time.c...
compiling os_tmr.c...
Target not created
Build target 'LY-STM32'
compiling main.c...
linking...
Program Size: Code=10150 RO-data=594 RW-data=96 ZI-data=4320  
FromELF: creating hex file...
"LY-STM32.axf" - 0 Error(s), 0 Warning(s).
Build target 'LY-STM32'
compiling main.c...
linking...
Program Size: Code=10162 RO-data=594 RW-data=96 ZI-data=4320  
FromELF: creating hex file...
"LY-STM32.axf" - 0 Error(s), 0 Warning(s).
