Component: ARM Compiler 5.05 update 2 (build 169) Tool: armlink [4d0f33]

==============================================================================

Section Cross References

    startup_stm32f10x_hd.o(RESET) refers to startup_stm32f10x_hd.o(STACK) for __initial_sp
    startup_stm32f10x_hd.o(RESET) refers to startup_stm32f10x_hd.o(.text) for Reset_Handler
    startup_stm32f10x_hd.o(RESET) refers to stm32f10x_it.o(.text) for NMI_Handler
    startup_stm32f10x_hd.o(RESET) refers to os_cpu_a.o(.text) for PendSV_Handler
    startup_stm32f10x_hd.o(.text) refers to system_stm32f10x.o(.text) for SystemInit
    startup_stm32f10x_hd.o(.text) refers to entry.o(.ARM.Collect$$$$00000000) for __main
    main.o(.text) refers to system_stm32f10x.o(.text) for SystemInit
    main.o(.text) refers to stm32f10x_rcc.o(.text) for RCC_APB2PeriphClockCmd
    main.o(.text) refers to stm32f10x_usart.o(.text) for USART_SendData
    main.o(.text) refers to os_core.o(.text) for OSStatInit
    main.o(.text) refers to os_cpu_a.o(.text) for OS_CPU_SR_Save
    main.o(.text) refers to os_task.o(.text) for OSTaskCreate
    main.o(.text) refers to pbdata.o(.text) for Delay_Init
    main.o(.text) refers to led.o(.text) for LED_GPIO
    main.o(.text) refers to usart.o(.text) for usart_config
    main.o(.text) refers to os_sem.o(.text) for OSSemCreate
    main.o(.text) refers to main.o(.bss) for LED1_TASK_STK
    main.o(.text) refers to usr_app.o(.text) for led1_task
    main.o(.text) refers to pbdata.o(.data) for led1_SEM
    pbdata.o(.text) refers to misc.o(.text) for SysTick_CLKSourceConfig
    pbdata.o(.text) refers to os_time.o(.text) for OSTimeDly
    pbdata.o(.text) refers to system_stm32f10x.o(.data) for SystemCoreClock
    pbdata.o(.text) refers to pbdata.o(.data) for fac_us
    pbdata.o(.text) refers to os_core.o(.data) for OSRunning
    stm32f10x_it.o(.text) refers to stm32f10x_usart.o(.text) for USART_GetITStatus
    stm32f10x_it.o(.text) refers to os_core.o(.text) for OSIntEnter
    led.o(.text) refers to stm32f10x_gpio.o(.text) for GPIO_Init
    usart.o(.text) refers to stm32f10x_gpio.o(.text) for GPIO_Init
    usart.o(.text) refers to misc.o(.text) for NVIC_PriorityGroupConfig
    usart.o(.text) refers to stm32f10x_usart.o(.text) for USART_Init
    usr_app.o(.text) refers to os_sem.o(.text) for OSSemPend
    usr_app.o(.text) refers to stm32f10x_gpio.o(.text) for GPIO_SetBits
    usr_app.o(.text) refers to pbdata.o(.text) for delay_ms
    usr_app.o(.text) refers to os_task.o(.text) for OSTaskDelReq
    usr_app.o(.text) refers to pbdata.o(.data) for led1_SEM
    usr_app.o(.text) refers to usr_app.o(.bss) for LED2_TASK_STK
    stm32f10x_gpio.o(.text) refers to stm32f10x_rcc.o(.text) for RCC_APB2PeriphResetCmd
    stm32f10x_rcc.o(.text) refers to stm32f10x_rcc.o(.data) for APBAHBPrescTable
    stm32f10x_usart.o(.text) refers to stm32f10x_rcc.o(.text) for RCC_APB2PeriphResetCmd
    system_stm32f10x.o(.text) refers to system_stm32f10x.o(.data) for SystemCoreClock
    os_cpu_a.o(.text) refers (Special) to os_core.o(.text) for OSIntExit
    os_cpu_a.o(.text) refers (Special) to os_core.o(.data) for OSIntNesting
    os_cpu_a.o(.text) refers to os_cpu_c.o(.text) for OSTaskSwHook
    os_core.o(.text) refers to os_task.o(.text) for OSTaskStkChk
    os_core.o(.text) refers to os_time.o(.text) for OSTimeDly
    os_core.o(.text) refers to os_cpu_a.o(.text) for OS_CPU_SR_Save
    os_core.o(.text) refers to os_cpu_c.o(.text) for OSTaskStatHook
    os_core.o(.text) refers to os_flag.o(.text) for OS_FlagInit
    os_core.o(.text) refers to os_q.o(.text) for OS_QInit
    os_core.o(.text) refers to os_core.o(.bss) for OSTCBPrioTbl
    os_core.o(.text) refers to os_core.o(.data) for OSStatRdy
    os_core.o(.text) refers to os_core.o(.constdata) for OSUnMapTbl
    os_flag.o(.text) refers to os_cpu_a.o(.text) for OS_CPU_SR_Save
    os_flag.o(.text) refers to os_core.o(.text) for OS_Sched
    os_flag.o(.text) refers to os_core.o(.data) for OSIntNesting
    os_flag.o(.text) refers to os_core.o(.bss) for OSFlagTbl
    os_mbox.o(.text) refers to os_cpu_a.o(.text) for OS_CPU_SR_Save
    os_mbox.o(.text) refers to os_core.o(.text) for OS_EventWaitListInit
    os_mbox.o(.text) refers to os_core.o(.data) for OSIntNesting
    os_mutex.o(.text) refers to os_cpu_a.o(.text) for OS_CPU_SR_Save
    os_mutex.o(.text) refers to os_core.o(.text) for OS_EventWaitListInit
    os_mutex.o(.text) refers to os_core.o(.data) for OSIntNesting
    os_mutex.o(.text) refers to os_core.o(.bss) for OSTCBPrioTbl
    os_q.o(.text) refers to os_cpu_a.o(.text) for OS_CPU_SR_Save
    os_q.o(.text) refers to os_core.o(.text) for OS_EventWaitListInit
    os_q.o(.text) refers to os_core.o(.data) for OSIntNesting
    os_q.o(.text) refers to os_core.o(.bss) for OSQTbl
    os_sem.o(.text) refers to os_cpu_a.o(.text) for OS_CPU_SR_Save
    os_sem.o(.text) refers to os_core.o(.text) for OS_EventWaitListInit
    os_sem.o(.text) refers to os_core.o(.data) for OSIntNesting
    os_task.o(.text) refers to os_cpu_a.o(.text) for OS_CPU_SR_Save
    os_task.o(.text) refers to os_core.o(.text) for OS_Sched
    os_task.o(.text) refers to os_cpu_c.o(.text) for OSTaskStkInit
    os_task.o(.text) refers to os_flag.o(.text) for OS_FlagUnlink
    os_task.o(.text) refers to os_core.o(.bss) for OSTCBPrioTbl
    os_task.o(.text) refers to os_core.o(.data) for OSTCBCur
    os_time.o(.text) refers to os_cpu_a.o(.text) for OS_CPU_SR_Save
    os_time.o(.text) refers to os_core.o(.text) for OS_Sched
    os_time.o(.text) refers to os_core.o(.data) for OSIntNesting
    os_time.o(.text) refers to os_core.o(.bss) for OSTCBPrioTbl
    entry.o(.ARM.Collect$$$$00000000) refers (Special) to entry10a.o(.ARM.Collect$$$$0000000D) for __rt_final_cpp
    entry.o(.ARM.Collect$$$$00000000) refers (Special) to entry11a.o(.ARM.Collect$$$$0000000F) for __rt_final_exit
    entry.o(.ARM.Collect$$$$00000000) refers (Special) to entry7b.o(.ARM.Collect$$$$00000008) for _main_clock
    entry.o(.ARM.Collect$$$$00000000) refers (Special) to entry8b.o(.ARM.Collect$$$$0000000A) for _main_cpp_init
    entry.o(.ARM.Collect$$$$00000000) refers (Special) to entry9a.o(.ARM.Collect$$$$0000000B) for _main_init
    entry.o(.ARM.Collect$$$$00000000) refers (Special) to entry5.o(.ARM.Collect$$$$00000004) for _main_scatterload
    entry.o(.ARM.Collect$$$$00000000) refers (Special) to entry2.o(.ARM.Collect$$$$00000001) for _main_stk
    entry2.o(.ARM.Collect$$$$00000001) refers to entry2.o(.ARM.Collect$$$$00002712) for __lit__00000000
    entry2.o(.ARM.Collect$$$$00002712) refers to startup_stm32f10x_hd.o(STACK) for __initial_sp
    entry2.o(__vectab_stack_and_reset_area) refers to startup_stm32f10x_hd.o(STACK) for __initial_sp
    entry2.o(__vectab_stack_and_reset_area) refers to entry.o(.ARM.Collect$$$$00000000) for __main
    entry5.o(.ARM.Collect$$$$00000004) refers to init.o(.text) for __scatterload
    entry9a.o(.ARM.Collect$$$$0000000B) refers to main.o(.text) for main
    entry9b.o(.ARM.Collect$$$$0000000C) refers to main.o(.text) for main
    init.o(.text) refers to entry5.o(.ARM.Collect$$$$00000004) for __main_after_scatterload


==============================================================================

Removing Unused input sections from the image.

    Removing startup_stm32f10x_hd.o(HEAP), (512 bytes).
    Removing pbdata.o(.bss), (1024 bytes).
    Removing stm32f10x_it.o(.bss), (1024 bytes).
    Removing led.o(.bss), (1024 bytes).
    Removing usart.o(.bss), (1024 bytes).
    Removing core_cm3.o(.emb_text), (32 bytes).
    Removing os_cpu_c.o(.data), (4 bytes).
    Removing os_dbg.o(.constdata), (2 bytes).
    Removing os_mbox.o(.text), (972 bytes).
    Removing os_mutex.o(.text), (1536 bytes).

10 unused section(s) (total 7154 bytes) removed from the image.

==============================================================================

Image Symbol Table

    Local Symbols

    Symbol Name                              Value     Ov Type        Size  Object(Section)

    ../clib/microlib/init/entry.s            0x00000000   Number         0  entry11b.o ABSOLUTE
    ../clib/microlib/init/entry.s            0x00000000   Number         0  entry7a.o ABSOLUTE
    ../clib/microlib/init/entry.s            0x00000000   Number         0  entry9a.o ABSOLUTE
    ../clib/microlib/init/entry.s            0x00000000   Number         0  entry7b.o ABSOLUTE
    ../clib/microlib/init/entry.s            0x00000000   Number         0  entry8a.o ABSOLUTE
    ../clib/microlib/init/entry.s            0x00000000   Number         0  entry.o ABSOLUTE
    ../clib/microlib/init/entry.s            0x00000000   Number         0  entry2.o ABSOLUTE
    ../clib/microlib/init/entry.s            0x00000000   Number         0  entry5.o ABSOLUTE
    ../clib/microlib/init/entry.s            0x00000000   Number         0  entry11a.o ABSOLUTE
    ../clib/microlib/init/entry.s            0x00000000   Number         0  entry10b.o ABSOLUTE
    ../clib/microlib/init/entry.s            0x00000000   Number         0  entry10a.o ABSOLUTE
    ../clib/microlib/init/entry.s            0x00000000   Number         0  entry8b.o ABSOLUTE
    ../clib/microlib/init/entry.s            0x00000000   Number         0  entry9b.o ABSOLUTE
    ASM\startup_stm32f10x_hd.s               0x00000000   Number         0  startup_stm32f10x_hd.o ABSOLUTE
    Lib\SRC\misc.c                           0x00000000   Number         0  misc.o ABSOLUTE
    Lib\SRC\stm32f10x_gpio.c                 0x00000000   Number         0  stm32f10x_gpio.o ABSOLUTE
    Lib\SRC\stm32f10x_rcc.c                  0x00000000   Number         0  stm32f10x_rcc.o ABSOLUTE
    Lib\SRC\stm32f10x_usart.c                0x00000000   Number         0  stm32f10x_usart.o ABSOLUTE
    System\\core_cm3.c                       0x00000000   Number         0  core_cm3.o ABSOLUTE
    System\core_cm3.c                        0x00000000   Number         0  core_cm3.o ABSOLUTE
    System\system_stm32f10x.c                0x00000000   Number         0  system_stm32f10x.o ABSOLUTE
    UCOSII\CORE\os_core.c                    0x00000000   Number         0  os_core.o ABSOLUTE
    UCOSII\CORE\os_flag.c                    0x00000000   Number         0  os_flag.o ABSOLUTE
    UCOSII\CORE\os_mbox.c                    0x00000000   Number         0  os_mbox.o ABSOLUTE
    UCOSII\CORE\os_mem.c                     0x00000000   Number         0  os_mem.o ABSOLUTE
    UCOSII\CORE\os_mutex.c                   0x00000000   Number         0  os_mutex.o ABSOLUTE
    UCOSII\CORE\os_q.c                       0x00000000   Number         0  os_q.o ABSOLUTE
    UCOSII\CORE\os_sem.c                     0x00000000   Number         0  os_sem.o ABSOLUTE
    UCOSII\CORE\os_task.c                    0x00000000   Number         0  os_task.o ABSOLUTE
    UCOSII\CORE\os_time.c                    0x00000000   Number         0  os_time.o ABSOLUTE
    UCOSII\CORE\os_tmr.c                     0x00000000   Number         0  os_tmr.o ABSOLUTE
    UCOSII\PORT\os_cpu_a.asm                 0x00000000   Number         0  os_cpu_a.o ABSOLUTE
    UCOSII\PORT\os_cpu_c.c                   0x00000000   Number         0  os_cpu_c.o ABSOLUTE
    UCOSII\PORT\os_dbg.c                     0x00000000   Number         0  os_dbg.o ABSOLUTE
    USR\led.c                                0x00000000   Number         0  led.o ABSOLUTE
    USR\main.c                               0x00000000   Number         0  main.o ABSOLUTE
    USR\pbdata.c                             0x00000000   Number         0  pbdata.o ABSOLUTE
    USR\stm32f10x_it.c                       0x00000000   Number         0  stm32f10x_it.o ABSOLUTE
    USR\usart.c                              0x00000000   Number         0  usart.o ABSOLUTE
    USR\usr_app.c                            0x00000000   Number         0  usr_app.o ABSOLUTE
    dc.s                                     0x00000000   Number         0  dc.o ABSOLUTE
    handlers.s                               0x00000000   Number         0  handlers.o ABSOLUTE
    init.s                                   0x00000000   Number         0  init.o ABSOLUTE
    RESET                                    0x08000000   Section      304  startup_stm32f10x_hd.o(RESET)
    .ARM.Collect$$$$00000000                 0x08000130   Section        0  entry.o(.ARM.Collect$$$$00000000)
    .ARM.Collect$$$$00000001                 0x08000130   Section        4  entry2.o(.ARM.Collect$$$$00000001)
    .ARM.Collect$$$$00000004                 0x08000134   Section        4  entry5.o(.ARM.Collect$$$$00000004)
    .ARM.Collect$$$$00000008                 0x08000138   Section        0  entry7b.o(.ARM.Collect$$$$00000008)
    .ARM.Collect$$$$0000000A                 0x08000138   Section        0  entry8b.o(.ARM.Collect$$$$0000000A)
    .ARM.Collect$$$$0000000B                 0x08000138   Section        8  entry9a.o(.ARM.Collect$$$$0000000B)
    .ARM.Collect$$$$0000000D                 0x08000140   Section        0  entry10a.o(.ARM.Collect$$$$0000000D)
    .ARM.Collect$$$$0000000F                 0x08000140   Section        0  entry11a.o(.ARM.Collect$$$$0000000F)
    .ARM.Collect$$$$00002712                 0x08000140   Section        4  entry2.o(.ARM.Collect$$$$00002712)
    __lit__00000000                          0x08000140   Data           4  entry2.o(.ARM.Collect$$$$00002712)
    .text                                    0x08000144   Section       36  startup_stm32f10x_hd.o(.text)
    .text                                    0x08000168   Section        0  main.o(.text)
    .text                                    0x08000260   Section        0  pbdata.o(.text)
    .text                                    0x08000350   Section        0  stm32f10x_it.o(.text)
    .text                                    0x080003b0   Section        0  led.o(.text)
    .text                                    0x080003f0   Section        0  usart.o(.text)
    .text                                    0x080004a4   Section        0  usr_app.o(.text)
    .text                                    0x08000590   Section        0  stm32f10x_gpio.o(.text)
    .text                                    0x080008ec   Section        0  stm32f10x_rcc.o(.text)
    .text                                    0x08000c90   Section        0  misc.o(.text)
    .text                                    0x08000d6c   Section        0  stm32f10x_usart.o(.text)
    .text                                    0x08001174   Section        0  system_stm32f10x.o(.text)
    SetSysClockTo72                          0x08001175   Thumb Code   214  system_stm32f10x.o(.text)
    SetSysClock                              0x0800124b   Thumb Code     8  system_stm32f10x.o(.text)
    .text                                    0x08001354   Section        0  os_cpu_c.o(.text)
    .text                                    0x08001404   Section      180  os_cpu_a.o(.text)
    .text                                    0x080014b8   Section        0  os_core.o(.text)
    OS_InitTaskStat                          0x08001563   Thumb Code    52  os_core.o(.text)
    OS_InitTaskIdle                          0x080015b9   Thumb Code    52  os_core.o(.text)
    OS_InitEventList                         0x080015ff   Thumb Code    74  os_core.o(.text)
    OS_InitTCBList                           0x08001649   Thumb Code   106  os_core.o(.text)
    OS_InitRdyList                           0x080016b3   Thumb Code    44  os_core.o(.text)
    OS_InitMisc                              0x080016df   Thumb Code    44  os_core.o(.text)
    OS_SchedNew                              0x08001753   Thumb Code    26  os_core.o(.text)
    .text                                    0x08001d48   Section        0  os_flag.o(.text)
    OS_FlagTaskRdy                           0x08001ebf   Thumb Code    82  os_flag.o(.text)
    OS_FlagBlock                             0x08002079   Thumb Code   152  os_flag.o(.text)
    .text                                    0x08002554   Section        0  os_q.o(.text)
    .text                                    0x08002b3c   Section        0  os_sem.o(.text)
    .text                                    0x08002ec8   Section        0  os_task.o(.text)
    .text                                    0x0800368c   Section        0  os_time.o(.text)
    .text                                    0x0800383c   Section       36  init.o(.text)
    i.__scatterload_copy                     0x08003860   Section       14  handlers.o(i.__scatterload_copy)
    i.__scatterload_null                     0x0800386e   Section        2  handlers.o(i.__scatterload_null)
    i.__scatterload_zeroinit                 0x08003870   Section       14  handlers.o(i.__scatterload_zeroinit)
    .constdata                               0x0800387e   Section      256  os_core.o(.constdata)
    .data                                    0x20000000   Section        8  pbdata.o(.data)
    fac_us                                   0x20000001   Data           1  pbdata.o(.data)
    fac_ms                                   0x20000002   Data           2  pbdata.o(.data)
    .data                                    0x20000008   Section       20  stm32f10x_rcc.o(.data)
    APBAHBPrescTable                         0x20000008   Data          16  stm32f10x_rcc.o(.data)
    ADCPrescTable                            0x20000018   Data           4  stm32f10x_rcc.o(.data)
    .data                                    0x2000001c   Section       20  system_stm32f10x.o(.data)
    .data                                    0x20000030   Section       72  os_core.o(.data)
    .bss                                     0x20000078   Section     1024  main.o(.bss)
    START_TASK_STK                           0x20000078   Data         256  main.o(.bss)
    LED1_TASK_STK                            0x20000178   Data         256  main.o(.bss)
    LED2_TASK_STK                            0x20000278   Data         256  main.o(.bss)
    KEY_TASK_STK                             0x20000378   Data         256  main.o(.bss)
    .bss                                     0x20000478   Section     1024  usr_app.o(.bss)
    START_TASK_STK                           0x20000478   Data         256  usr_app.o(.bss)
    LED1_TASK_STK                            0x20000578   Data         256  usr_app.o(.bss)
    LED2_TASK_STK                            0x20000678   Data         256  usr_app.o(.bss)
    KEY_TASK_STK                             0x20000778   Data         256  usr_app.o(.bss)
    .bss                                     0x20000878   Section     2688  os_core.o(.bss)
    STACK                                    0x200012f8   Section     1024  startup_stm32f10x_hd.o(STACK)

    Global Symbols

    Symbol Name                              Value     Ov Type        Size  Object(Section)

    BuildAttributes$$THM_ISAv4$P$D$K$B$S$PE$A:L22UL41UL21$X:L11$S22US41US21$IEEE1$IW$USESV6$~STKCKD$USESV7$~SHL$OSPACE$EBA8$MICROLIB$REQ8$PRES8$EABIv2 0x00000000   Number         0  anon$$obj.o ABSOLUTE
    __ARM_use_no_argv                        0x00000000   Number         0  main.o ABSOLUTE
    __cpp_initialize__aeabi_                  - Undefined Weak Reference
    __cxa_finalize                            - Undefined Weak Reference
    __decompress                              - Undefined Weak Reference
    _clock_init                               - Undefined Weak Reference
    _microlib_exit                            - Undefined Weak Reference
    __Vectors_Size                           0x00000130   Number         0  startup_stm32f10x_hd.o ABSOLUTE
    __Vectors                                0x08000000   Data           4  startup_stm32f10x_hd.o(RESET)
    __Vectors_End                            0x08000130   Data           0  startup_stm32f10x_hd.o(RESET)
    __main                                   0x08000131   Thumb Code     0  entry.o(.ARM.Collect$$$$00000000)
    _main_stk                                0x08000131   Thumb Code     0  entry2.o(.ARM.Collect$$$$00000001)
    _main_scatterload                        0x08000135   Thumb Code     0  entry5.o(.ARM.Collect$$$$00000004)
    __main_after_scatterload                 0x08000139   Thumb Code     0  entry5.o(.ARM.Collect$$$$00000004)
    _main_clock                              0x08000139   Thumb Code     0  entry7b.o(.ARM.Collect$$$$00000008)
    _main_cpp_init                           0x08000139   Thumb Code     0  entry8b.o(.ARM.Collect$$$$0000000A)
    _main_init                               0x08000139   Thumb Code     0  entry9a.o(.ARM.Collect$$$$0000000B)
    __rt_final_cpp                           0x08000141   Thumb Code     0  entry10a.o(.ARM.Collect$$$$0000000D)
    __rt_final_exit                          0x08000141   Thumb Code     0  entry11a.o(.ARM.Collect$$$$0000000F)
    Reset_Handler                            0x08000145   Thumb Code     8  startup_stm32f10x_hd.o(.text)
    ADC1_2_IRQHandler                        0x0800015f   Thumb Code     0  startup_stm32f10x_hd.o(.text)
    ADC3_IRQHandler                          0x0800015f   Thumb Code     0  startup_stm32f10x_hd.o(.text)
    CAN1_RX1_IRQHandler                      0x0800015f   Thumb Code     0  startup_stm32f10x_hd.o(.text)
    CAN1_SCE_IRQHandler                      0x0800015f   Thumb Code     0  startup_stm32f10x_hd.o(.text)
    DMA1_Channel1_IRQHandler                 0x0800015f   Thumb Code     0  startup_stm32f10x_hd.o(.text)
    DMA1_Channel2_IRQHandler                 0x0800015f   Thumb Code     0  startup_stm32f10x_hd.o(.text)
    DMA1_Channel3_IRQHandler                 0x0800015f   Thumb Code     0  startup_stm32f10x_hd.o(.text)
    DMA1_Channel4_IRQHandler                 0x0800015f   Thumb Code     0  startup_stm32f10x_hd.o(.text)
    DMA1_Channel5_IRQHandler                 0x0800015f   Thumb Code     0  startup_stm32f10x_hd.o(.text)
    DMA1_Channel6_IRQHandler                 0x0800015f   Thumb Code     0  startup_stm32f10x_hd.o(.text)
    DMA1_Channel7_IRQHandler                 0x0800015f   Thumb Code     0  startup_stm32f10x_hd.o(.text)
    DMA2_Channel1_IRQHandler                 0x0800015f   Thumb Code     0  startup_stm32f10x_hd.o(.text)
    DMA2_Channel2_IRQHandler                 0x0800015f   Thumb Code     0  startup_stm32f10x_hd.o(.text)
    DMA2_Channel3_IRQHandler                 0x0800015f   Thumb Code     0  startup_stm32f10x_hd.o(.text)
    DMA2_Channel4_5_IRQHandler               0x0800015f   Thumb Code     0  startup_stm32f10x_hd.o(.text)
    EXTI0_IRQHandler                         0x0800015f   Thumb Code     0  startup_stm32f10x_hd.o(.text)
    EXTI15_10_IRQHandler                     0x0800015f   Thumb Code     0  startup_stm32f10x_hd.o(.text)
    EXTI4_IRQHandler                         0x0800015f   Thumb Code     0  startup_stm32f10x_hd.o(.text)
    FLASH_IRQHandler                         0x0800015f   Thumb Code     0  startup_stm32f10x_hd.o(.text)
    FSMC_IRQHandler                          0x0800015f   Thumb Code     0  startup_stm32f10x_hd.o(.text)
    I2C1_ER_IRQHandler                       0x0800015f   Thumb Code     0  startup_stm32f10x_hd.o(.text)
    I2C1_EV_IRQHandler                       0x0800015f   Thumb Code     0  startup_stm32f10x_hd.o(.text)
    I2C2_ER_IRQHandler                       0x0800015f   Thumb Code     0  startup_stm32f10x_hd.o(.text)
    I2C2_EV_IRQHandler                       0x0800015f   Thumb Code     0  startup_stm32f10x_hd.o(.text)
    PVD_IRQHandler                           0x0800015f   Thumb Code     0  startup_stm32f10x_hd.o(.text)
    RCC_IRQHandler                           0x0800015f   Thumb Code     0  startup_stm32f10x_hd.o(.text)
    RTCAlarm_IRQHandler                      0x0800015f   Thumb Code     0  startup_stm32f10x_hd.o(.text)
    RTC_IRQHandler                           0x0800015f   Thumb Code     0  startup_stm32f10x_hd.o(.text)
    SDIO_IRQHandler                          0x0800015f   Thumb Code     0  startup_stm32f10x_hd.o(.text)
    SPI1_IRQHandler                          0x0800015f   Thumb Code     0  startup_stm32f10x_hd.o(.text)
    SPI2_IRQHandler                          0x0800015f   Thumb Code     0  startup_stm32f10x_hd.o(.text)
    SPI3_IRQHandler                          0x0800015f   Thumb Code     0  startup_stm32f10x_hd.o(.text)
    TAMPER_IRQHandler                        0x0800015f   Thumb Code     0  startup_stm32f10x_hd.o(.text)
    TIM1_BRK_IRQHandler                      0x0800015f   Thumb Code     0  startup_stm32f10x_hd.o(.text)
    TIM1_CC_IRQHandler                       0x0800015f   Thumb Code     0  startup_stm32f10x_hd.o(.text)
    TIM1_TRG_COM_IRQHandler                  0x0800015f   Thumb Code     0  startup_stm32f10x_hd.o(.text)
    TIM1_UP_IRQHandler                       0x0800015f   Thumb Code     0  startup_stm32f10x_hd.o(.text)
    TIM2_IRQHandler                          0x0800015f   Thumb Code     0  startup_stm32f10x_hd.o(.text)
    TIM3_IRQHandler                          0x0800015f   Thumb Code     0  startup_stm32f10x_hd.o(.text)
    TIM4_IRQHandler                          0x0800015f   Thumb Code     0  startup_stm32f10x_hd.o(.text)
    TIM5_IRQHandler                          0x0800015f   Thumb Code     0  startup_stm32f10x_hd.o(.text)
    TIM6_IRQHandler                          0x0800015f   Thumb Code     0  startup_stm32f10x_hd.o(.text)
    TIM7_IRQHandler                          0x0800015f   Thumb Code     0  startup_stm32f10x_hd.o(.text)
    TIM8_BRK_IRQHandler                      0x0800015f   Thumb Code     0  startup_stm32f10x_hd.o(.text)
    TIM8_CC_IRQHandler                       0x0800015f   Thumb Code     0  startup_stm32f10x_hd.o(.text)
    TIM8_TRG_COM_IRQHandler                  0x0800015f   Thumb Code     0  startup_stm32f10x_hd.o(.text)
    TIM8_UP_IRQHandler                       0x0800015f   Thumb Code     0  startup_stm32f10x_hd.o(.text)
    UART4_IRQHandler                         0x0800015f   Thumb Code     0  startup_stm32f10x_hd.o(.text)
    UART5_IRQHandler                         0x0800015f   Thumb Code     0  startup_stm32f10x_hd.o(.text)
    USART2_IRQHandler                        0x0800015f   Thumb Code     0  startup_stm32f10x_hd.o(.text)
    USART3_IRQHandler                        0x0800015f   Thumb Code     0  startup_stm32f10x_hd.o(.text)
    USBWakeUp_IRQHandler                     0x0800015f   Thumb Code     0  startup_stm32f10x_hd.o(.text)
    USB_HP_CAN1_TX_IRQHandler                0x0800015f   Thumb Code     0  startup_stm32f10x_hd.o(.text)
    USB_LP_CAN1_RX0_IRQHandler               0x0800015f   Thumb Code     0  startup_stm32f10x_hd.o(.text)
    WWDG_IRQHandler                          0x0800015f   Thumb Code     0  startup_stm32f10x_hd.o(.text)
    RCC_Configuration                        0x08000169   Thumb Code    56  main.o(.text)
    fputc                                    0x080001a1   Thumb Code    32  main.o(.text)
    start_task                               0x080001c1   Thumb Code    68  main.o(.text)
    main                                     0x08000205   Thumb Code    54  main.o(.text)
    Delay_Init                               0x08000261   Thumb Code    76  pbdata.o(.text)
    delay_us                                 0x080002ad   Thumb Code    70  pbdata.o(.text)
    delay_ms                                 0x080002f3   Thumb Code    62  pbdata.o(.text)
    delay                                    0x08000331   Thumb Code    10  pbdata.o(.text)
    NMI_Handler                              0x08000351   Thumb Code     2  stm32f10x_it.o(.text)
    USART1_IRQHandler                        0x08000353   Thumb Code    46  stm32f10x_it.o(.text)
    HardFault_Handler                        0x08000381   Thumb Code     4  stm32f10x_it.o(.text)
    MemManage_Handler                        0x08000385   Thumb Code     4  stm32f10x_it.o(.text)
    BusFault_Handler                         0x08000389   Thumb Code     4  stm32f10x_it.o(.text)
    UsageFault_Handler                       0x0800038d   Thumb Code     4  stm32f10x_it.o(.text)
    SVC_Handler                              0x08000391   Thumb Code     2  stm32f10x_it.o(.text)
    DebugMon_Handler                         0x08000393   Thumb Code     2  stm32f10x_it.o(.text)
    SysTick_Handler                          0x08000395   Thumb Code    16  stm32f10x_it.o(.text)
    EXTI9_5_IRQHandler                       0x080003a5   Thumb Code     2  stm32f10x_it.o(.text)
    EXTI1_IRQHandler                         0x080003a7   Thumb Code     2  stm32f10x_it.o(.text)
    EXTI2_IRQHandler                         0x080003a9   Thumb Code     2  stm32f10x_it.o(.text)
    EXTI3_IRQHandler                         0x080003ab   Thumb Code     2  stm32f10x_it.o(.text)
    LED_GPIO                                 0x080003b1   Thumb Code    56  led.o(.text)
    usart_gpio                               0x080003f1   Thumb Code    54  usart.o(.text)
    usart_nvic                               0x08000427   Thumb Code    40  usart.o(.text)
    usart_config                             0x0800044f   Thumb Code    78  usart.o(.text)
    led1_task                                0x080004a5   Thumb Code    52  usr_app.o(.text)
    led2_task                                0x080004d9   Thumb Code    54  usr_app.o(.text)
    key_task                                 0x0800050f   Thumb Code   108  usr_app.o(.text)
    GPIO_DeInit                              0x08000591   Thumb Code   172  stm32f10x_gpio.o(.text)
    GPIO_AFIODeInit                          0x0800063d   Thumb Code    20  stm32f10x_gpio.o(.text)
    GPIO_Init                                0x08000651   Thumb Code   278  stm32f10x_gpio.o(.text)
    GPIO_StructInit                          0x08000767   Thumb Code    16  stm32f10x_gpio.o(.text)
    GPIO_ReadInputDataBit                    0x08000777   Thumb Code    18  stm32f10x_gpio.o(.text)
    GPIO_ReadInputData                       0x08000789   Thumb Code     8  stm32f10x_gpio.o(.text)
    GPIO_ReadOutputDataBit                   0x08000791   Thumb Code    18  stm32f10x_gpio.o(.text)
    GPIO_ReadOutputData                      0x080007a3   Thumb Code     8  stm32f10x_gpio.o(.text)
    GPIO_SetBits                             0x080007ab   Thumb Code     4  stm32f10x_gpio.o(.text)
    GPIO_ResetBits                           0x080007af   Thumb Code     4  stm32f10x_gpio.o(.text)
    GPIO_WriteBit                            0x080007b3   Thumb Code    10  stm32f10x_gpio.o(.text)
    GPIO_Write                               0x080007bd   Thumb Code     4  stm32f10x_gpio.o(.text)
    GPIO_PinLockConfig                       0x080007c1   Thumb Code    18  stm32f10x_gpio.o(.text)
    GPIO_EventOutputConfig                   0x080007d3   Thumb Code    26  stm32f10x_gpio.o(.text)
    GPIO_EventOutputCmd                      0x080007ed   Thumb Code     6  stm32f10x_gpio.o(.text)
    GPIO_PinRemapConfig                      0x080007f3   Thumb Code   138  stm32f10x_gpio.o(.text)
    GPIO_EXTILineConfig                      0x0800087d   Thumb Code    66  stm32f10x_gpio.o(.text)
    GPIO_ETH_MediaInterfaceConfig            0x080008bf   Thumb Code     8  stm32f10x_gpio.o(.text)
    RCC_DeInit                               0x080008ed   Thumb Code    64  stm32f10x_rcc.o(.text)
    RCC_HSEConfig                            0x0800092d   Thumb Code    70  stm32f10x_rcc.o(.text)
    RCC_GetFlagStatus                        0x08000973   Thumb Code    56  stm32f10x_rcc.o(.text)
    RCC_WaitForHSEStartUp                    0x080009ab   Thumb Code    56  stm32f10x_rcc.o(.text)
    RCC_AdjustHSICalibrationValue            0x080009e3   Thumb Code    20  stm32f10x_rcc.o(.text)
    RCC_HSICmd                               0x080009f7   Thumb Code     6  stm32f10x_rcc.o(.text)
    RCC_PLLConfig                            0x080009fd   Thumb Code    24  stm32f10x_rcc.o(.text)
    RCC_PLLCmd                               0x08000a15   Thumb Code     6  stm32f10x_rcc.o(.text)
    RCC_SYSCLKConfig                         0x08000a1b   Thumb Code    18  stm32f10x_rcc.o(.text)
    RCC_GetSYSCLKSource                      0x08000a2d   Thumb Code    10  stm32f10x_rcc.o(.text)
    RCC_HCLKConfig                           0x08000a37   Thumb Code    18  stm32f10x_rcc.o(.text)
    RCC_PCLK1Config                          0x08000a49   Thumb Code    18  stm32f10x_rcc.o(.text)
    RCC_PCLK2Config                          0x08000a5b   Thumb Code    20  stm32f10x_rcc.o(.text)
    RCC_ITConfig                             0x08000a6f   Thumb Code    26  stm32f10x_rcc.o(.text)
    RCC_USBCLKConfig                         0x08000a89   Thumb Code     8  stm32f10x_rcc.o(.text)
    RCC_ADCCLKConfig                         0x08000a91   Thumb Code    18  stm32f10x_rcc.o(.text)
    RCC_LSEConfig                            0x08000aa3   Thumb Code    50  stm32f10x_rcc.o(.text)
    RCC_LSICmd                               0x08000ad5   Thumb Code     6  stm32f10x_rcc.o(.text)
    RCC_RTCCLKConfig                         0x08000adb   Thumb Code    12  stm32f10x_rcc.o(.text)
    RCC_RTCCLKCmd                            0x08000ae7   Thumb Code     8  stm32f10x_rcc.o(.text)
    RCC_GetClocksFreq                        0x08000aef   Thumb Code   192  stm32f10x_rcc.o(.text)
    RCC_AHBPeriphClockCmd                    0x08000baf   Thumb Code    26  stm32f10x_rcc.o(.text)
    RCC_APB2PeriphClockCmd                   0x08000bc9   Thumb Code    26  stm32f10x_rcc.o(.text)
    RCC_APB1PeriphClockCmd                   0x08000be3   Thumb Code    26  stm32f10x_rcc.o(.text)
    RCC_APB2PeriphResetCmd                   0x08000bfd   Thumb Code    26  stm32f10x_rcc.o(.text)
    RCC_APB1PeriphResetCmd                   0x08000c17   Thumb Code    26  stm32f10x_rcc.o(.text)
    RCC_BackupResetCmd                       0x08000c31   Thumb Code     8  stm32f10x_rcc.o(.text)
    RCC_ClockSecuritySystemCmd               0x08000c39   Thumb Code     6  stm32f10x_rcc.o(.text)
    RCC_MCOConfig                            0x08000c3f   Thumb Code     6  stm32f10x_rcc.o(.text)
    RCC_ClearFlag                            0x08000c45   Thumb Code    14  stm32f10x_rcc.o(.text)
    RCC_GetITStatus                          0x08000c53   Thumb Code    20  stm32f10x_rcc.o(.text)
    RCC_ClearITPendingBit                    0x08000c67   Thumb Code     6  stm32f10x_rcc.o(.text)
    NVIC_PriorityGroupConfig                 0x08000c91   Thumb Code    10  misc.o(.text)
    NVIC_Init                                0x08000c9b   Thumb Code   100  misc.o(.text)
    NVIC_SetVectorTable                      0x08000cff   Thumb Code    14  misc.o(.text)
    NVIC_SystemLPConfig                      0x08000d0d   Thumb Code    34  misc.o(.text)
    SysTick_CLKSourceConfig                  0x08000d2f   Thumb Code    40  misc.o(.text)
    USART_DeInit                             0x08000d6d   Thumb Code   134  stm32f10x_usart.o(.text)
    USART_Init                               0x08000df3   Thumb Code   210  stm32f10x_usart.o(.text)
    USART_StructInit                         0x08000ec5   Thumb Code    24  stm32f10x_usart.o(.text)
    USART_ClockInit                          0x08000edd   Thumb Code    34  stm32f10x_usart.o(.text)
    USART_ClockStructInit                    0x08000eff   Thumb Code    12  stm32f10x_usart.o(.text)
    USART_Cmd                                0x08000f0b   Thumb Code    24  stm32f10x_usart.o(.text)
    USART_ITConfig                           0x08000f23   Thumb Code    74  stm32f10x_usart.o(.text)
    USART_DMACmd                             0x08000f6d   Thumb Code    18  stm32f10x_usart.o(.text)
    USART_SetAddress                         0x08000f7f   Thumb Code    18  stm32f10x_usart.o(.text)
    USART_WakeUpConfig                       0x08000f91   Thumb Code    18  stm32f10x_usart.o(.text)
    USART_ReceiverWakeUpCmd                  0x08000fa3   Thumb Code    24  stm32f10x_usart.o(.text)
    USART_LINBreakDetectLengthConfig         0x08000fbb   Thumb Code    18  stm32f10x_usart.o(.text)
    USART_LINCmd                             0x08000fcd   Thumb Code    24  stm32f10x_usart.o(.text)
    USART_SendData                           0x08000fe5   Thumb Code     8  stm32f10x_usart.o(.text)
    USART_ReceiveData                        0x08000fed   Thumb Code    10  stm32f10x_usart.o(.text)
    USART_SendBreak                          0x08000ff7   Thumb Code    10  stm32f10x_usart.o(.text)
    USART_SetGuardTime                       0x08001001   Thumb Code    16  stm32f10x_usart.o(.text)
    USART_SetPrescaler                       0x08001011   Thumb Code    16  stm32f10x_usart.o(.text)
    USART_SmartCardCmd                       0x08001021   Thumb Code    24  stm32f10x_usart.o(.text)
    USART_SmartCardNACKCmd                   0x08001039   Thumb Code    24  stm32f10x_usart.o(.text)
    USART_HalfDuplexCmd                      0x08001051   Thumb Code    24  stm32f10x_usart.o(.text)
    USART_OverSampling8Cmd                   0x08001069   Thumb Code    22  stm32f10x_usart.o(.text)
    USART_OneBitMethodCmd                    0x0800107f   Thumb Code    24  stm32f10x_usart.o(.text)
    USART_IrDAConfig                         0x08001097   Thumb Code    18  stm32f10x_usart.o(.text)
    USART_IrDACmd                            0x080010a9   Thumb Code    24  stm32f10x_usart.o(.text)
    USART_GetFlagStatus                      0x080010c1   Thumb Code    26  stm32f10x_usart.o(.text)
    USART_ClearFlag                          0x080010db   Thumb Code    18  stm32f10x_usart.o(.text)
    USART_GetITStatus                        0x080010ed   Thumb Code    84  stm32f10x_usart.o(.text)
    USART_ClearITPendingBit                  0x08001141   Thumb Code    52  stm32f10x_usart.o(.text)
    SystemInit                               0x08001253   Thumb Code    78  system_stm32f10x.o(.text)
    SystemCoreClockUpdate                    0x080012a1   Thumb Code   142  system_stm32f10x.o(.text)
    OSInitHookBegin                          0x08001355   Thumb Code     2  os_cpu_c.o(.text)
    OSInitHookEnd                            0x08001357   Thumb Code     2  os_cpu_c.o(.text)
    OSTaskCreateHook                         0x08001359   Thumb Code     2  os_cpu_c.o(.text)
    OSTaskDelHook                            0x0800135b   Thumb Code     2  os_cpu_c.o(.text)
    OSTaskIdleHook                           0x0800135d   Thumb Code     2  os_cpu_c.o(.text)
    OSTaskStatHook                           0x0800135f   Thumb Code     2  os_cpu_c.o(.text)
    OSTaskStkInit                            0x08001361   Thumb Code   154  os_cpu_c.o(.text)
    OSTaskSwHook                             0x080013fb   Thumb Code     2  os_cpu_c.o(.text)
    OSTCBInitHook                            0x080013fd   Thumb Code     2  os_cpu_c.o(.text)
    OSTimeTickHook                           0x080013ff   Thumb Code     2  os_cpu_c.o(.text)
    OSTaskReturnHook                         0x08001401   Thumb Code     2  os_cpu_c.o(.text)
    OS_CPU_SR_Save                           0x08001405   Thumb Code     0  os_cpu_a.o(.text)
    OS_CPU_SR_Restore                        0x0800140d   Thumb Code     0  os_cpu_a.o(.text)
    OSStartHighRdy                           0x08001413   Thumb Code     0  os_cpu_a.o(.text)
    OSCtxSw                                  0x08001435   Thumb Code     0  os_cpu_a.o(.text)
    OSIntCtxSw                               0x08001443   Thumb Code     0  os_cpu_a.o(.text)
    PendSV_Handler                           0x08001453   Thumb Code     0  os_cpu_a.o(.text)
    OS_TaskStatStkChk                        0x080014b9   Thumb Code    54  os_core.o(.text)
    OS_TaskStat                              0x080014ef   Thumb Code   116  os_core.o(.text)
    OS_TaskIdle                              0x08001597   Thumb Code    34  os_core.o(.text)
    OS_MemClr                                0x080015ed   Thumb Code    18  os_core.o(.text)
    OSInit                                   0x0800170b   Thumb Code    44  os_core.o(.text)
    OSIntEnter                               0x08001737   Thumb Code    28  os_core.o(.text)
    OSIntExit                                0x0800176d   Thumb Code   112  os_core.o(.text)
    OSSchedLock                              0x080017dd   Thumb Code    50  os_core.o(.text)
    OS_Sched                                 0x0800180f   Thumb Code    88  os_core.o(.text)
    OSSchedUnlock                            0x08001867   Thumb Code   238  os_core.o(.text)
    OSStart                                  0x08001955   Thumb Code    48  os_core.o(.text)
    OSStatInit                               0x08001985   Thumb Code    62  os_core.o(.text)
    OSTimeTick                               0x080019c3   Thumb Code   210  os_core.o(.text)
    OSVersion                                0x08001a95   Thumb Code     6  os_core.o(.text)
    OS_Dummy                                 0x08001a9b   Thumb Code     2  os_core.o(.text)
    OS_EventTaskRemove                       0x08001a9d   Thumb Code    42  os_core.o(.text)
    OS_EventTaskRdy                          0x08001ac7   Thumb Code   114  os_core.o(.text)
    OS_EventTaskWait                         0x08001b39   Thumb Code   112  os_core.o(.text)
    OS_EventWaitListInit                     0x08001ba9   Thumb Code    28  os_core.o(.text)
    OS_MemCopy                               0x08001bc5   Thumb Code    20  os_core.o(.text)
    OS_StrLen                                0x08001bd9   Thumb Code    20  os_core.o(.text)
    OS_TCBInit                               0x08001bed   Thumb Code   280  os_core.o(.text)
    OSFlagAccept                             0x08001d49   Thumb Code   252  os_flag.o(.text)
    OSFlagCreate                             0x08001e45   Thumb Code    86  os_flag.o(.text)
    OS_FlagUnlink                            0x08001e9b   Thumb Code    36  os_flag.o(.text)
    OSFlagDel                                0x08001f11   Thumb Code   214  os_flag.o(.text)
    OSFlagNameGet                            0x08001fe7   Thumb Code    80  os_flag.o(.text)
    OSFlagNameSet                            0x08002037   Thumb Code    66  os_flag.o(.text)
    OSFlagPend                               0x08002111   Thumb Code   614  os_flag.o(.text)
    OSFlagPendGetFlagsRdy                    0x08002377   Thumb Code    26  os_flag.o(.text)
    OSFlagPost                               0x08002391   Thumb Code   312  os_flag.o(.text)
    OSFlagQuery                              0x080024c9   Thumb Code    48  os_flag.o(.text)
    OS_FlagInit                              0x080024f9   Thumb Code    78  os_flag.o(.text)
    OSQAccept                                0x08002555   Thumb Code    88  os_q.o(.text)
    OSQCreate                                0x080025ad   Thumb Code   140  os_q.o(.text)
    OSQDel                                   0x08002639   Thumb Code   236  os_q.o(.text)
    OSQFlush                                 0x08002725   Thumb Code    36  os_q.o(.text)
    OSQPend                                  0x08002749   Thumb Code   272  os_q.o(.text)
    OSQPendAbort                             0x08002859   Thumb Code   128  os_q.o(.text)
    OSQPost                                  0x080028d9   Thumb Code   114  os_q.o(.text)
    OSQPostFront                             0x0800294b   Thumb Code   136  os_q.o(.text)
    OSQPostOpt                               0x080029d3   Thumb Code   182  os_q.o(.text)
    OSQQuery                                 0x08002a89   Thumb Code    98  os_q.o(.text)
    OS_QInit                                 0x08002aeb   Thumb Code    72  os_q.o(.text)
    OSSemAccept                              0x08002b3d   Thumb Code    42  os_sem.o(.text)
    OSSemCreate                              0x08002b67   Thumb Code    68  os_sem.o(.text)
    OSSemDel                                 0x08002bab   Thumb Code   200  os_sem.o(.text)
    OSSemPend                                0x08002c73   Thumb Code   222  os_sem.o(.text)
    OSSemPendAbort                           0x08002d51   Thumb Code   128  os_sem.o(.text)
    OSSemPost                                0x08002dd1   Thumb Code    88  os_sem.o(.text)
    OSSemQuery                               0x08002e29   Thumb Code    76  os_sem.o(.text)
    OSSemSet                                 0x08002e75   Thumb Code    66  os_sem.o(.text)
    OSTaskChangePrio                         0x08002ec9   Thumb Code   308  os_task.o(.text)
    OSTaskCreate                             0x08002ffd   Thumb Code   148  os_task.o(.text)
    OS_TaskStkClr                            0x08003091   Thumb Code    26  os_task.o(.text)
    OSTaskCreateExt                          0x080030ab   Thumb Code   170  os_task.o(.text)
    OSTaskDel                                0x08003155   Thumb Code   294  os_task.o(.text)
    OSTaskDelReq                             0x0800327b   Thumb Code   144  os_task.o(.text)
    OSTaskNameGet                            0x0800330b   Thumb Code   114  os_task.o(.text)
    OSTaskNameSet                            0x0800337d   Thumb Code    98  os_task.o(.text)
    OSTaskResume                             0x080033df   Thumb Code   154  os_task.o(.text)
    OSTaskStkChk                             0x08003479   Thumb Code   132  os_task.o(.text)
    OSTaskSuspend                            0x080034fd   Thumb Code   152  os_task.o(.text)
    OSTaskQuery                              0x08003595   Thumb Code    82  os_task.o(.text)
    OSTaskRegGet                             0x080035e7   Thumb Code    60  os_task.o(.text)
    OSTaskRegSet                             0x08003623   Thumb Code    62  os_task.o(.text)
    OS_TaskReturn                            0x08003661   Thumb Code    18  os_task.o(.text)
    OSTimeDly                                0x0800368d   Thumb Code   100  os_time.o(.text)
    OSTimeDlyHMSM                            0x080036f1   Thumb Code    86  os_time.o(.text)
    OSTimeDlyResume                          0x08003747   Thumb Code   168  os_time.o(.text)
    OSTimeGet                                0x080037ef   Thumb Code    24  os_time.o(.text)
    OSTimeSet                                0x08003807   Thumb Code    24  os_time.o(.text)
    __scatterload                            0x0800383d   Thumb Code    28  init.o(.text)
    __scatterload_rt2                        0x0800383d   Thumb Code     0  init.o(.text)
    __scatterload_copy                       0x08003861   Thumb Code    14  handlers.o(i.__scatterload_copy)
    __scatterload_null                       0x0800386f   Thumb Code     2  handlers.o(i.__scatterload_null)
    __scatterload_zeroinit                   0x08003871   Thumb Code    14  handlers.o(i.__scatterload_zeroinit)
    OSUnMapTbl                               0x0800387e   Data         256  os_core.o(.constdata)
    Region$$Table$$Base                      0x08003980   Number         0  anon$$obj.o(Region$$Table)
    Region$$Table$$Limit                     0x080039a0   Number         0  anon$$obj.o(Region$$Table)
    dt                                       0x20000000   Data           1  pbdata.o(.data)
    led1_SEM                                 0x20000004   Data           4  pbdata.o(.data)
    SystemCoreClock                          0x2000001c   Data           4  system_stm32f10x.o(.data)
    AHBPrescTable                            0x20000020   Data          16  system_stm32f10x.o(.data)
    OSCtxSwCtr                               0x20000030   Data           4  os_core.o(.data)
    OSEventFreeList                          0x20000034   Data           4  os_core.o(.data)
    OSFlagFreeList                           0x20000038   Data           4  os_core.o(.data)
    OSCPUUsage                               0x2000003c   Data           1  os_core.o(.data)
    OSIdleCtrMax                             0x20000040   Data           4  os_core.o(.data)
    OSIdleCtrRun                             0x20000044   Data           4  os_core.o(.data)
    OSStatRdy                                0x20000048   Data           1  os_core.o(.data)
    OSIntNesting                             0x20000049   Data           1  os_core.o(.data)
    OSLockNesting                            0x2000004a   Data           1  os_core.o(.data)
    OSPrioCur                                0x2000004b   Data           1  os_core.o(.data)
    OSPrioHighRdy                            0x2000004c   Data           1  os_core.o(.data)
    OSRdyGrp                                 0x2000004d   Data           1  os_core.o(.data)
    OSRdyTbl                                 0x2000004e   Data           8  os_core.o(.data)
    OSRunning                                0x20000056   Data           1  os_core.o(.data)
    OSTaskCtr                                0x20000057   Data           1  os_core.o(.data)
    OSIdleCtr                                0x20000058   Data           4  os_core.o(.data)
    OSTCBCur                                 0x2000005c   Data           4  os_core.o(.data)
    OSTCBFreeList                            0x20000060   Data           4  os_core.o(.data)
    OSTCBHighRdy                             0x20000064   Data           4  os_core.o(.data)
    OSTCBList                                0x20000068   Data           4  os_core.o(.data)
    OSTickStepState                          0x2000006c   Data           1  os_core.o(.data)
    OSQFreeList                              0x20000070   Data           4  os_core.o(.data)
    OSTime                                   0x20000074   Data           4  os_core.o(.data)
    OSEventTbl                               0x20000878   Data         200  os_core.o(.bss)
    OSFlagTbl                                0x20000940   Data          80  os_core.o(.bss)
    OSTaskStatStk                            0x20000990   Data         512  os_core.o(.bss)
    OSTaskIdleStk                            0x20000b90   Data         512  os_core.o(.bss)
    OSTCBPrioTbl                             0x20000d90   Data         256  os_core.o(.bss)
    OSTCBTbl                                 0x20000e90   Data        1008  os_core.o(.bss)
    OSQTbl                                   0x20001280   Data         120  os_core.o(.bss)
    __initial_sp                             0x200016f8   Data           0  startup_stm32f10x_hd.o(STACK)



==============================================================================

Memory Map of the image

  Image Entry point : 0x08000131

  Load Region LR_IROM1 (Base: 0x08000000, Size: 0x00003a18, Max: 0x00080000, ABSOLUTE)

    Execution Region ER_IROM1 (Base: 0x08000000, Size: 0x000039a0, Max: 0x00080000, ABSOLUTE)

    Base Addr    Size         Type   Attr      Idx    E Section Name        Object

    0x08000000   0x00000130   Data   RO            3    RESET               startup_stm32f10x_hd.o
    0x08000130   0x00000000   Code   RO          458  * .ARM.Collect$$$$00000000  mc_w.l(entry.o)
    0x08000130   0x00000004   Code   RO          461    .ARM.Collect$$$$00000001  mc_w.l(entry2.o)
    0x08000134   0x00000004   Code   RO          464    .ARM.Collect$$$$00000004  mc_w.l(entry5.o)
    0x08000138   0x00000000   Code   RO          466    .ARM.Collect$$$$00000008  mc_w.l(entry7b.o)
    0x08000138   0x00000000   Code   RO          468    .ARM.Collect$$$$0000000A  mc_w.l(entry8b.o)
    0x08000138   0x00000008   Code   RO          469    .ARM.Collect$$$$0000000B  mc_w.l(entry9a.o)
    0x08000140   0x00000000   Code   RO          471    .ARM.Collect$$$$0000000D  mc_w.l(entry10a.o)
    0x08000140   0x00000000   Code   RO          473    .ARM.Collect$$$$0000000F  mc_w.l(entry11a.o)
    0x08000140   0x00000004   Code   RO          462    .ARM.Collect$$$$00002712  mc_w.l(entry2.o)
    0x08000144   0x00000024   Code   RO            4    .text               startup_stm32f10x_hd.o
    0x08000168   0x000000f8   Code   RO           10    .text               main.o
    0x08000260   0x000000f0   Code   RO          101    .text               pbdata.o
    0x08000350   0x00000060   Code   RO          120    .text               stm32f10x_it.o
    0x080003b0   0x00000040   Code   RO          137    .text               led.o
    0x080003f0   0x000000b4   Code   RO          151    .text               usart.o
    0x080004a4   0x000000ec   Code   RO          165    .text               usr_app.o
    0x08000590   0x0000035c   Code   RO          179    .text               stm32f10x_gpio.o
    0x080008ec   0x000003a4   Code   RO          211    .text               stm32f10x_rcc.o
    0x08000c90   0x000000dc   Code   RO          225    .text               misc.o
    0x08000d6c   0x00000408   Code   RO          240    .text               stm32f10x_usart.o
    0x08001174   0x000001e0   Code   RO          265    .text               system_stm32f10x.o
    0x08001354   0x000000ae   Code   RO          290    .text               os_cpu_c.o
    0x08001402   0x00000002   PAD
    0x08001404   0x000000b4   Code   RO          335    .text               os_cpu_a.o
    0x080014b8   0x00000890   Code   RO          338    .text               os_core.o
    0x08001d48   0x0000080c   Code   RO          358    .text               os_flag.o
    0x08002554   0x000005e8   Code   RO          404    .text               os_q.o
    0x08002b3c   0x0000038c   Code   RO          416    .text               os_sem.o
    0x08002ec8   0x000007c4   Code   RO          428    .text               os_task.o
    0x0800368c   0x000001b0   Code   RO          440    .text               os_time.o
    0x0800383c   0x00000024   Code   RO          475    .text               mc_w.l(init.o)
    0x08003860   0x0000000e   Code   RO          479    i.__scatterload_copy  mc_w.l(handlers.o)
    0x0800386e   0x00000002   Code   RO          480    i.__scatterload_null  mc_w.l(handlers.o)
    0x08003870   0x0000000e   Code   RO          481    i.__scatterload_zeroinit  mc_w.l(handlers.o)
    0x0800387e   0x00000100   Data   RO          340    .constdata          os_core.o
    0x0800397e   0x00000002   PAD
    0x08003980   0x00000020   Data   RO          477    Region$$Table       anon$$obj.o


    Execution Region RW_IRAM1 (Base: 0x20000000, Size: 0x000016f8, Max: 0x00010000, ABSOLUTE)

    Base Addr    Size         Type   Attr      Idx    E Section Name        Object

    0x20000000   0x00000008   Data   RW          103    .data               pbdata.o
    0x20000008   0x00000014   Data   RW          212    .data               stm32f10x_rcc.o
    0x2000001c   0x00000014   Data   RW          266    .data               system_stm32f10x.o
    0x20000030   0x00000048   Data   RW          341    .data               os_core.o
    0x20000078   0x00000400   Zero   RW           11    .bss                main.o
    0x20000478   0x00000400   Zero   RW          166    .bss                usr_app.o
    0x20000878   0x00000a80   Zero   RW          339    .bss                os_core.o
    0x200012f8   0x00000400   Zero   RW            1    STACK               startup_stm32f10x_hd.o


==============================================================================

Image component sizes


      Code (inc. data)   RO Data    RW Data    ZI Data      Debug   Object Name

        64          8          0          0          0        435   led.o
       248         38          0          0       1024     235102   main.o
       220         22          0          0          0       3301   misc.o
      2192        218        256         72       2688      14683   os_core.o
       180         36          0          0          0        296   os_cpu_a.o
       174          0          0          0          0      10250   os_cpu_c.o
         0          0          0          0          0        733   os_dbg.o
      2060         42          0          0          0      14140   os_flag.o
      1512         30          0          0          0       5433   os_q.o
       908         18          0          0          0       3782   os_sem.o
      1988         70          0          0          0       7369   os_task.o
       432         30          0          0          0       1738   os_time.o
       240         22          0          8          0       2051   pbdata.o
        36          8        304          0       1024        788   startup_stm32f10x_hd.o
       860         38          0          0          0     225625   stm32f10x_gpio.o
        96          4          0          0          0       1695   stm32f10x_it.o
       932         36          0         20          0       8640   stm32f10x_rcc.o
      1032         22          0          0          0      14228   stm32f10x_usart.o
       480         38          0         20          0       1691   system_stm32f10x.o
       180          8          0          0          0        789   usart.o
       236         22          0          0       1024        995   usr_app.o

    ----------------------------------------------------------------------
     14072        710        594        120       5760     553764   Object Totals
         0          0         32          0          0          0   (incl. Generated)
         2          0          2          0          0          0   (incl. Padding)

    ----------------------------------------------------------------------

      Code (inc. data)   RO Data    RW Data    ZI Data      Debug   Library Member Name

         0          0          0          0          0          0   entry.o
         0          0          0          0          0          0   entry10a.o
         0          0          0          0          0          0   entry11a.o
         8          4          0          0          0          0   entry2.o
         4          0          0          0          0          0   entry5.o
         0          0          0          0          0          0   entry7b.o
         0          0          0          0          0          0   entry8b.o
         8          4          0          0          0          0   entry9a.o
        30          0          0          0          0          0   handlers.o
        36          8          0          0          0         68   init.o

    ----------------------------------------------------------------------
        86         16          0          0          0         68   Library Totals
         0          0          0          0          0          0   (incl. Padding)

    ----------------------------------------------------------------------

      Code (inc. data)   RO Data    RW Data    ZI Data      Debug   Library Name

        86         16          0          0          0         68   mc_w.l

    ----------------------------------------------------------------------
        86         16          0          0          0         68   Library Totals

    ----------------------------------------------------------------------

==============================================================================


      Code (inc. data)   RO Data    RW Data    ZI Data      Debug   

     14158        726        594        120       5760     552476   Grand Totals
     14158        726        594        120       5760     552476   ELF Image Totals
     14158        726        594        120          0          0   ROM Totals

==============================================================================

    Total RO  Size (Code + RO Data)                14752 (  14.41kB)
    Total RW  Size (RW Data + ZI Data)              5880 (   5.74kB)
    Total ROM Size (Code + RO Data + RW Data)      14872 (  14.52kB)

==============================================================================

