Component: ARM Compiler 5.05 update 2 (build 169) Tool: armlink [4d0f33]

==============================================================================

Section Cross References

    vectors.o(VECT) refers to init.o(INIT) for ResetHndlr
    vectors.o(VECT) refers to os_cpu_a.o(.text) for OS_CPU_PendSVHandler
    vectors.o(VECT) refers to os_cpu_c.o(.text) for OS_CPU_SysTickHandler
    vectors.o(VECT) refers to bsp_int.o(.text) for BSP_IntHandlerWWDG
    main.o(.text) refers to os_cpu_c.o(.text) for OS_CPU_SysTickInit
    main.o(.text) refers to os_core.o(.text) for OSStatInit
    main.o(.text) refers to os_time.o(.text) for OSTimeDlyHMSM
    main.o(.text) refers to bsp.o(.text) for BSP_LED_On
    main.o(.text) refers to bsp_int.o(.text) for BSP_IntDisAll
    main.o(.text) refers to os_task.o(.text) for OSTaskCreate
    main.o(.text) refers to main.o(.bss) for .bss
    bsp.o(.text) refers to stm32f10x_usart.o(.text) for USART_SendData
    bsp.o(.text) refers to stm32f10x_nvic.o(.text) for NVIC_SetVectorTable
    bsp.o(.text) refers to stm32f10x_rcc.o(.text) for RCC_APB1PeriphClockCmd
    bsp.o(.text) refers to stm32f10x_gpio.o(.text) for GPIO_StructInit
    bsp.o(.text) refers to stm32f10x_adc.o(.text) for ADC_Init
    bsp.o(.text) refers to stm32f10x_flash.o(.text) for FLASH_SetLatency
    init.o(INIT) refers to __main.o(!!!main) for __main
    bsp_int.o(.text) refers to cpu_c.o(.text) for CPU_IntSrcDis
    bsp_int.o(.text) refers to cpu_a.o(.text) for CPU_IntDis
    bsp_int.o(.text) refers to stm32f10x_usart.o(.text) for USART_ClearITPendingBit
    bsp_int.o(.text) refers to os_core.o(.text) for OSIntExit
    bsp_int.o(.text) refers to bsp_int.o(.bss) for .bss
    bsp_int.o(.text) refers to os_core.o(.data) for OSIntNesting
    bsp_periph.o(.text) refers to bsp.o(.text) for BSP_CPU_ClkFreq
    stm32f10x_usart.o(.text) refers to stm32f10x_rcc.o(.text) for RCC_APB1PeriphResetCmd
    stm32f10x_gpio.o(.text) refers to stm32f10x_rcc.o(.text) for RCC_APB2PeriphResetCmd
    stm32f10x_i2c.o(.text) refers to stm32f10x_rcc.o(.text) for RCC_APB1PeriphResetCmd
    stm32f10x_spi.o(.text) refers to stm32f10x_rcc.o(.text) for RCC_APB2PeriphResetCmd
    stm32f10x_rcc.o(.text) refers to stm32f10x_rcc.o(.data) for .data
    stm32f10x_rcc.o(.text) refers to stm32f10x_rcc.o(.constdata) for .constdata
    stm32f10x_adc.o(.text) refers to stm32f10x_rcc.o(.text) for RCC_APB2PeriphResetCmd
    stm32f10x_bkp.o(.text) refers to stm32f10x_rcc.o(.text) for RCC_BackupResetCmd
    stm32f10x_tim.o(.text) refers to stm32f10x_rcc.o(.text) for RCC_APB1PeriphResetCmd
    cpu_c.o(.text) refers to cpu_a.o(.text) for CPU_SR_Save
    os_core.o(.text) refers to os_cpu_a.o(.text) for OS_CPU_SR_Save
    os_core.o(.text) refers to os_task.o(.text) for OSTaskStkChk
    os_core.o(.text) refers to os_time.o(.text) for OSTimeDly
    os_core.o(.text) refers to os_cpu_c.o(.text) for OSTaskStatHook
    os_core.o(.text) refers to os_core.o(.data) for .data
    os_core.o(.text) refers to os_core.o(.constdata) for .constdata
    os_core.o(.text) refers to os_core.o(.bss) for .bss
    os_core.o(.text) refers to os_flag.o(.text) for OS_FlagInit
    os_flag.o(.text) refers to os_cpu_a.o(.text) for OS_CPU_SR_Save
    os_flag.o(.text) refers to os_core.o(.text) for OS_Sched
    os_flag.o(.text) refers to os_core.o(.data) for OSIntNesting
    os_flag.o(.text) refers to os_core.o(.data) for OSFlagFreeList
    os_flag.o(.text) refers to os_core.o(.bss) for OSFlagTbl
    os_mbox.o(.text) refers to os_cpu_a.o(.text) for OS_CPU_SR_Save
    os_mbox.o(.text) refers to os_core.o(.text) for OS_EventWaitListInit
    os_mbox.o(.text) refers to os_core.o(.data) for OSIntNesting
    os_sem.o(.text) refers to os_cpu_a.o(.text) for OS_CPU_SR_Save
    os_sem.o(.text) refers to os_core.o(.text) for OS_EventWaitListInit
    os_sem.o(.text) refers to os_core.o(.data) for OSIntNesting
    os_task.o(.text) refers to os_cpu_a.o(.text) for OS_CPU_SR_Save
    os_task.o(.text) refers to os_core.o(.text) for OS_Sched
    os_task.o(.text) refers to os_cpu_c.o(.text) for OSTaskStkInit
    os_task.o(.text) refers to os_flag.o(.text) for OS_FlagUnlink
    os_task.o(.text) refers to os_core.o(.bss) for OSTCBPrioTbl
    os_task.o(.text) refers to os_core.o(.data) for OSTCBCur
    os_time.o(.text) refers to os_cpu_a.o(.text) for OS_CPU_SR_Save
    os_time.o(.text) refers to os_core.o(.text) for OS_Sched
    os_time.o(.text) refers to os_core.o(.data) for OSIntNesting
    os_time.o(.text) refers to os_core.o(.bss) for OSTCBPrioTbl
    os_cpu_a.o(.text) refers to os_core.o(.data) for OSRunning
    os_cpu_a.o(.text) refers to os_cpu_c.o(.text) for OSTaskSwHook
    os_cpu_c.o(.text) refers to main.o(.text) for App_TaskCreateHook
    os_cpu_c.o(.text) refers to os_cpu_a.o(.text) for OS_CPU_SR_Save
    os_cpu_c.o(.text) refers to os_core.o(.text) for OSTimeTick
    os_cpu_c.o(.text) refers to bsp.o(.text) for OS_CPU_SysTickClkFreq
    os_cpu_c.o(.text) refers to os_core.o(.data) for OSIntNesting
    __main.o(!!!main) refers to rtentry.o(.ARM.Collect$$rtentry$$00000000) for __rt_entry
    rtentry.o(.ARM.Collect$$rtentry$$00000000) refers (Special) to rtentry2.o(.ARM.Collect$$rtentry$$0000000A) for __rt_entry_li
    rtentry.o(.ARM.Collect$$rtentry$$00000000) refers (Special) to rtentry2.o(.ARM.Collect$$rtentry$$0000000D) for __rt_entry_main
    rtentry.o(.ARM.Collect$$rtentry$$00000000) refers (Special) to rtentry2.o(.ARM.Collect$$rtentry$$0000000C) for __rt_entry_postli_1
    rtentry.o(.ARM.Collect$$rtentry$$00000000) refers (Special) to rtentry2.o(.ARM.Collect$$rtentry$$00000009) for __rt_entry_postsh_1
    rtentry.o(.ARM.Collect$$rtentry$$00000000) refers (Special) to rtentry2.o(.ARM.Collect$$rtentry$$00000002) for __rt_entry_presh_1
    rtentry.o(.ARM.Collect$$rtentry$$00000000) refers (Special) to rtentry7.o(.ARM.Collect$$rtentry$$00000007) for __rt_entry_sh
    rtentry2.o(.ARM.Collect$$rtentry$$00000008) refers to boardinit2.o(.text) for _platform_post_stackheap_init
    rtentry2.o(.ARM.Collect$$rtentry$$0000000A) refers to libinit.o(.ARM.Collect$$libinit$$00000000) for __rt_lib_init
    rtentry2.o(.ARM.Collect$$rtentry$$0000000B) refers to boardinit3.o(.text) for _platform_post_lib_init
    rtentry2.o(.ARM.Collect$$rtentry$$0000000D) refers to main.o(.text) for main
    rtentry2.o(.ARM.Collect$$rtentry$$0000000D) refers to exit.o(.text) for exit
    rtentry2.o(.ARM.exidx) refers to rtentry2.o(.ARM.Collect$$rtentry$$00000001) for .ARM.Collect$$rtentry$$00000001
    rtentry2.o(.ARM.exidx) refers to rtentry2.o(.ARM.Collect$$rtentry$$00000008) for .ARM.Collect$$rtentry$$00000008
    rtentry2.o(.ARM.exidx) refers to rtentry2.o(.ARM.Collect$$rtentry$$0000000A) for .ARM.Collect$$rtentry$$0000000A
    rtentry2.o(.ARM.exidx) refers to rtentry2.o(.ARM.Collect$$rtentry$$0000000B) for .ARM.Collect$$rtentry$$0000000B
    rtentry2.o(.ARM.exidx) refers to rtentry2.o(.ARM.Collect$$rtentry$$0000000D) for .ARM.Collect$$rtentry$$0000000D
    rtentry4.o(.ARM.Collect$$rtentry$$00000004) refers to sys_stackheap_outer.o(.text) for __user_setup_stackheap
    rtentry4.o(.ARM.exidx) refers to rtentry4.o(.ARM.Collect$$rtentry$$00000004) for .ARM.Collect$$rtentry$$00000004
    rtentry7.o(.ARM.Collect$$rtentry$$00000007) refers to rtentry7.o(.ARM.Collect$$rtentry$$00002718) for __lit__00000000
    rtentry7.o(__vectab_stack_and_reset_2_area) refers to __main.o(!!!main) for __main
    rtentry7.o(.ARM.exidx) refers to rtentry7.o(.ARM.Collect$$rtentry$$00000007) for .ARM.Collect$$rtentry$$00000007
    rtentry7.o(.ARM.exidx) refers to rtentry7.o(.ARM.Collect$$rtentry$$00002718) for .ARM.Collect$$rtentry$$00002718
    sys_stackheap_outer.o(.text) refers to libspace.o(.text) for __user_perproc_libspace
    sys_stackheap_outer.o(.text) refers to sys_stackheap.o(.text) for __user_initial_stackheap
    exit.o(.text) refers to rtexit.o(.ARM.Collect$$rtexit$$00000000) for __rt_exit
    libinit.o(.ARM.Collect$$libinit$$00000000) refers (Special) to libinit2.o(.ARM.Collect$$libinit$$0000002C) for __rt_lib_init_alloca_1
    libinit.o(.ARM.Collect$$libinit$$00000000) refers (Special) to libinit2.o(.ARM.Collect$$libinit$$0000002A) for __rt_lib_init_argv_1
    libinit.o(.ARM.Collect$$libinit$$00000000) refers (Special) to libinit2.o(.ARM.Collect$$libinit$$00000019) for __rt_lib_init_atexit_1
    libinit.o(.ARM.Collect$$libinit$$00000000) refers (Special) to libinit2.o(.ARM.Collect$$libinit$$0000001F) for __rt_lib_init_clock_1
    libinit.o(.ARM.Collect$$libinit$$00000000) refers (Special) to libinit2.o(.ARM.Collect$$libinit$$00000030) for __rt_lib_init_cpp_1
    libinit.o(.ARM.Collect$$libinit$$00000000) refers (Special) to libinit2.o(.ARM.Collect$$libinit$$0000002E) for __rt_lib_init_exceptions_1
    libinit.o(.ARM.Collect$$libinit$$00000000) refers (Special) to libinit2.o(.ARM.Collect$$libinit$$00000002) for __rt_lib_init_fp_1
    libinit.o(.ARM.Collect$$libinit$$00000000) refers (Special) to libinit2.o(.ARM.Collect$$libinit$$0000001D) for __rt_lib_init_fp_trap_1
    libinit.o(.ARM.Collect$$libinit$$00000000) refers (Special) to libinit2.o(.ARM.Collect$$libinit$$00000021) for __rt_lib_init_getenv_1
    libinit.o(.ARM.Collect$$libinit$$00000000) refers (Special) to libinit2.o(.ARM.Collect$$libinit$$00000008) for __rt_lib_init_heap_1
    libinit.o(.ARM.Collect$$libinit$$00000000) refers (Special) to libinit2.o(.ARM.Collect$$libinit$$0000000F) for __rt_lib_init_lc_collate_1
    libinit.o(.ARM.Collect$$libinit$$00000000) refers (Special) to libinit2.o(.ARM.Collect$$libinit$$00000011) for __rt_lib_init_lc_ctype_1
    libinit.o(.ARM.Collect$$libinit$$00000000) refers (Special) to libinit2.o(.ARM.Collect$$libinit$$00000013) for __rt_lib_init_lc_monetary_1
    libinit.o(.ARM.Collect$$libinit$$00000000) refers (Special) to libinit2.o(.ARM.Collect$$libinit$$00000015) for __rt_lib_init_lc_numeric_1
    libinit.o(.ARM.Collect$$libinit$$00000000) refers (Special) to libinit2.o(.ARM.Collect$$libinit$$00000017) for __rt_lib_init_lc_time_1
    libinit.o(.ARM.Collect$$libinit$$00000000) refers (Special) to libinit2.o(.ARM.Collect$$libinit$$0000000C) for __rt_lib_init_rand_1
    libinit.o(.ARM.Collect$$libinit$$00000000) refers (Special) to libinit2.o(.ARM.Collect$$libinit$$00000031) for __rt_lib_init_return
    libinit.o(.ARM.Collect$$libinit$$00000000) refers (Special) to libinit2.o(.ARM.Collect$$libinit$$0000001B) for __rt_lib_init_signal_1
    libinit.o(.ARM.Collect$$libinit$$00000000) refers (Special) to libinit2.o(.ARM.Collect$$libinit$$00000023) for __rt_lib_init_stdio_1
    libinit.o(.ARM.Collect$$libinit$$00000000) refers (Special) to libinit2.o(.ARM.Collect$$libinit$$0000000A) for __rt_lib_init_user_alloc_1
    libspace.o(.text) refers to libspace.o(.bss) for __libspace_start
    sys_stackheap.o(.text) refers (Special) to indicate_semi.o(.text) for __semihosting_library_function
    sys_stackheap.o(.text) refers to use_no_semi.o(.text) for __I$use$semihosting
    rtexit.o(.ARM.Collect$$rtexit$$00000000) refers (Special) to rtexit2.o(.ARM.Collect$$rtexit$$00000004) for __rt_exit_exit
    rtexit.o(.ARM.Collect$$rtexit$$00000000) refers (Special) to rtexit2.o(.ARM.Collect$$rtexit$$00000003) for __rt_exit_ls
    rtexit.o(.ARM.Collect$$rtexit$$00000000) refers (Special) to rtexit2.o(.ARM.Collect$$rtexit$$00000002) for __rt_exit_prels_1
    rtexit.o(.ARM.exidx) refers (Special) to rtexit2.o(.ARM.Collect$$rtexit$$00000004) for __rt_exit_exit
    rtexit.o(.ARM.exidx) refers (Special) to rtexit2.o(.ARM.Collect$$rtexit$$00000003) for __rt_exit_ls
    rtexit.o(.ARM.exidx) refers (Special) to rtexit2.o(.ARM.Collect$$rtexit$$00000002) for __rt_exit_prels_1
    rtexit.o(.ARM.exidx) refers to rtexit.o(.ARM.Collect$$rtexit$$00000000) for .ARM.Collect$$rtexit$$00000000
    libinit2.o(.ARM.Collect$$libinit$$0000000E) refers to libinit2.o(.ARM.Collect$$libinit$$0000000D) for .ARM.Collect$$libinit$$0000000D
    libinit2.o(.ARM.Collect$$libinit$$00000010) refers to libinit2.o(.ARM.Collect$$libinit$$0000000D) for .ARM.Collect$$libinit$$0000000D
    libinit2.o(.ARM.Collect$$libinit$$00000012) refers to libinit2.o(.ARM.Collect$$libinit$$0000000D) for .ARM.Collect$$libinit$$0000000D
    libinit2.o(.ARM.Collect$$libinit$$00000014) refers to libinit2.o(.ARM.Collect$$libinit$$0000000D) for .ARM.Collect$$libinit$$0000000D
    libinit2.o(.ARM.Collect$$libinit$$00000016) refers to libinit2.o(.ARM.Collect$$libinit$$0000000D) for .ARM.Collect$$libinit$$0000000D
    libinit2.o(.ARM.Collect$$libinit$$00000024) refers to argv_veneer.o(.emb_text) for __ARM_argv_veneer
    libinit2.o(.ARM.Collect$$libinit$$00000025) refers to argv_veneer.o(.emb_text) for __ARM_argv_veneer
    libinit5.o(.ARM.Collect$$libinit$$00000006) refers to libinit5.o(.ARM.Collect$$libinit$$00002717) for __lit__00000000
    libinit5.o(.ARM.Collect$$libinit$$00000028) refers to libinit5.o(.ARM.Collect$$libinit$$00002739) for __lit__00000002
    libinit5.o(.ARM.Collect$$libinit$$00000028) refers to argv_veneer.o(.emb_text) for __ARM_argv_veneer
    rtexit2.o(.ARM.Collect$$rtexit$$00000003) refers to libshutdown.o(.ARM.Collect$$libshutdown$$00000000) for __rt_lib_shutdown
    rtexit2.o(.ARM.Collect$$rtexit$$00000004) refers to sys_exit.o(.text) for _sys_exit
    rtexit2.o(.ARM.exidx) refers to rtexit2.o(.ARM.Collect$$rtexit$$00000001) for .ARM.Collect$$rtexit$$00000001
    rtexit2.o(.ARM.exidx) refers to rtexit2.o(.ARM.Collect$$rtexit$$00000003) for .ARM.Collect$$rtexit$$00000003
    rtexit2.o(.ARM.exidx) refers to rtexit2.o(.ARM.Collect$$rtexit$$00000004) for .ARM.Collect$$rtexit$$00000004
    argv_veneer.o(.emb_text) refers to no_argv.o(.text) for __ARM_get_argv
    sys_exit.o(.text) refers (Special) to use_no_semi.o(.text) for __I$use$semihosting
    sys_exit.o(.text) refers (Special) to indicate_semi.o(.text) for __semihosting_library_function
    _get_argv_nomalloc.o(.text) refers (Special) to hrguard.o(.text) for __heap_region$guard
    _get_argv_nomalloc.o(.text) refers to defsig_rtmem_outer.o(.text) for __rt_SIGRTMEM
    _get_argv_nomalloc.o(.text) refers to sys_command.o(.text) for _sys_command_string
    libshutdown.o(.ARM.Collect$$libshutdown$$00000000) refers (Special) to libshutdown2.o(.ARM.Collect$$libshutdown$$00000006) for __rt_lib_shutdown_fp_trap_1
    libshutdown.o(.ARM.Collect$$libshutdown$$00000000) refers (Special) to libshutdown2.o(.ARM.Collect$$libshutdown$$0000000E) for __rt_lib_shutdown_heap_1
    libshutdown.o(.ARM.Collect$$libshutdown$$00000000) refers (Special) to libshutdown2.o(.ARM.Collect$$libshutdown$$0000000F) for __rt_lib_shutdown_return
    libshutdown.o(.ARM.Collect$$libshutdown$$00000000) refers (Special) to libshutdown2.o(.ARM.Collect$$libshutdown$$00000009) for __rt_lib_shutdown_signal_1
    libshutdown.o(.ARM.Collect$$libshutdown$$00000000) refers (Special) to libshutdown2.o(.ARM.Collect$$libshutdown$$00000003) for __rt_lib_shutdown_stdio_1
    libshutdown.o(.ARM.Collect$$libshutdown$$00000000) refers (Special) to libshutdown2.o(.ARM.Collect$$libshutdown$$0000000B) for __rt_lib_shutdown_user_alloc_1
    sys_command.o(.text) refers (Special) to use_no_semi.o(.text) for __I$use$semihosting
    sys_command.o(.text) refers (Special) to indicate_semi.o(.text) for __semihosting_library_function
    defsig_rtmem_outer.o(.text) refers to defsig_rtmem_inner.o(.text) for __rt_SIGRTMEM_inner
    defsig_rtmem_outer.o(.text) refers to defsig_exit.o(.text) for __sig_exit
    defsig_rtmem_formal.o(.text) refers to rt_raise.o(.text) for __rt_raise
    rt_raise.o(.text) refers to __raise.o(.text) for __raise
    rt_raise.o(.text) refers to sys_exit.o(.text) for _sys_exit
    defsig_exit.o(.text) refers to sys_exit.o(.text) for _sys_exit
    defsig_rtmem_inner.o(.text) refers to defsig_general.o(.text) for __default_signal_display
    __raise.o(.text) refers to defsig.o(CL$$defsig) for __default_signal_handler
    defsig_general.o(.text) refers to sys_wrch.o(.text) for _ttywrch
    sys_wrch.o(.text) refers (Special) to use_no_semi.o(.text) for __I$use$semihosting
    sys_wrch.o(.text) refers (Special) to indicate_semi.o(.text) for __semihosting_library_function
    defsig.o(CL$$defsig) refers to defsig_rtmem_inner.o(.text) for __rt_SIGRTMEM_inner
    defsig_abrt_inner.o(.text) refers to defsig_general.o(.text) for __default_signal_display
    defsig_fpe_inner.o(.text) refers to defsig_general.o(.text) for __default_signal_display
    defsig_rtred_inner.o(.text) refers to defsig_general.o(.text) for __default_signal_display
    defsig_stak_inner.o(.text) refers to defsig_general.o(.text) for __default_signal_display
    defsig_pvfn_inner.o(.text) refers to defsig_general.o(.text) for __default_signal_display
    defsig_cppl_inner.o(.text) refers to defsig_general.o(.text) for __default_signal_display
    defsig_segv_inner.o(.text) refers to defsig_general.o(.text) for __default_signal_display
    defsig_other.o(.text) refers to defsig_general.o(.text) for __default_signal_display


==============================================================================

Removing Unused input sections from the image.

    Removing bsp_periph.o(.text), (436 bytes).
    Removing stm32f10x_systick.o(.text), (142 bytes).
    Removing stm32f10x_i2c.o(.text), (924 bytes).
    Removing stm32f10x_spi.o(.text), (740 bytes).
    Removing stm32f10x_rtc.o(.text), (276 bytes).
    Removing stm32f10x_bkp.o(.text), (148 bytes).
    Removing stm32f10x_tim.o(.text), (2486 bytes).
    Removing os_mbox.o(.text), (896 bytes).
    Removing os_sem.o(.text), (820 bytes).
    Removing os_dbg.o(.constdata), (2 bytes).
    Removing lib_mem.o(.text), (226 bytes).
    Removing lib_str.o(.text), (714 bytes).
    Removing lib_mem_a.o(.text), (544 bytes).

13 unused section(s) (total 8354 bytes) removed from the image.

==============================================================================

Image Symbol Table

    Local Symbols

    Symbol Name                              Value     Ov Type        Size  Object(Section)

    ../clib/angel/boardlib.s                 0x00000000   Number         0  boardshut.o ABSOLUTE
    ../clib/angel/boardlib.s                 0x00000000   Number         0  boardinit1.o ABSOLUTE
    ../clib/angel/boardlib.s                 0x00000000   Number         0  boardinit2.o ABSOLUTE
    ../clib/angel/boardlib.s                 0x00000000   Number         0  boardinit3.o ABSOLUTE
    ../clib/angel/handlers.s                 0x00000000   Number         0  __scatter_copy.o ABSOLUTE
    ../clib/angel/handlers.s                 0x00000000   Number         0  __scatter_zi.o ABSOLUTE
    ../clib/angel/kernel.s                   0x00000000   Number         0  rtentry.o ABSOLUTE
    ../clib/angel/kernel.s                   0x00000000   Number         0  rtexit.o ABSOLUTE
    ../clib/angel/kernel.s                   0x00000000   Number         0  rtentry7.o ABSOLUTE
    ../clib/angel/kernel.s                   0x00000000   Number         0  rtentry4.o ABSOLUTE
    ../clib/angel/kernel.s                   0x00000000   Number         0  rtentry2.o ABSOLUTE
    ../clib/angel/kernel.s                   0x00000000   Number         0  rtexit2.o ABSOLUTE
    ../clib/angel/rt.s                       0x00000000   Number         0  rt_raise.o ABSOLUTE
    ../clib/angel/scatter.s                  0x00000000   Number         0  __scatter.o ABSOLUTE
    ../clib/angel/startup.s                  0x00000000   Number         0  __main.o ABSOLUTE
    ../clib/angel/sys.s                      0x00000000   Number         0  sys_stackheap_outer.o ABSOLUTE
    ../clib/angel/sys.s                      0x00000000   Number         0  libspace.o ABSOLUTE
    ../clib/angel/sys.s                      0x00000000   Number         0  sys_stackheap.o ABSOLUTE
    ../clib/angel/sys.s                      0x00000000   Number         0  indicate_semi.o ABSOLUTE
    ../clib/angel/sys.s                      0x00000000   Number         0  use_no_semi.o ABSOLUTE
    ../clib/angel/sysapp.c                   0x00000000   Number         0  sys_command.o ABSOLUTE
    ../clib/angel/sysapp.c                   0x00000000   Number         0  sys_exit.o ABSOLUTE
    ../clib/angel/sysapp.c                   0x00000000   Number         0  sys_wrch.o ABSOLUTE
    ../clib/armsys.c                         0x00000000   Number         0  no_argv.o ABSOLUTE
    ../clib/armsys.c                         0x00000000   Number         0  _get_argv_nomalloc.o ABSOLUTE
    ../clib/armsys.c                         0x00000000   Number         0  argv_veneer.o ABSOLUTE
    ../clib/armsys.c                         0x00000000   Number         0  argv_veneer.o ABSOLUTE
    ../clib/heapalloc.c                      0x00000000   Number         0  hrguard.o ABSOLUTE
    ../clib/libinit.s                        0x00000000   Number         0  libinit5.o ABSOLUTE
    ../clib/libinit.s                        0x00000000   Number         0  libshutdown2.o ABSOLUTE
    ../clib/libinit.s                        0x00000000   Number         0  libshutdown.o ABSOLUTE
    ../clib/libinit.s                        0x00000000   Number         0  libinit2.o ABSOLUTE
    ../clib/libinit.s                        0x00000000   Number         0  libinit.o ABSOLUTE
    ../clib/signal.c                         0x00000000   Number         0  defsig_pvfn_inner.o ABSOLUTE
    ../clib/signal.c                         0x00000000   Number         0  defsig_stak_inner.o ABSOLUTE
    ../clib/signal.c                         0x00000000   Number         0  defsig_rtred_inner.o ABSOLUTE
    ../clib/signal.c                         0x00000000   Number         0  defsig_fpe_inner.o ABSOLUTE
    ../clib/signal.c                         0x00000000   Number         0  defsig_abrt_inner.o ABSOLUTE
    ../clib/signal.c                         0x00000000   Number         0  defsig_cppl_inner.o ABSOLUTE
    ../clib/signal.c                         0x00000000   Number         0  __raise.o ABSOLUTE
    ../clib/signal.c                         0x00000000   Number         0  defsig_rtmem_inner.o ABSOLUTE
    ../clib/signal.c                         0x00000000   Number         0  defsig_exit.o ABSOLUTE
    ../clib/signal.c                         0x00000000   Number         0  defsig_segv_inner.o ABSOLUTE
    ../clib/signal.c                         0x00000000   Number         0  defsig_rtmem_formal.o ABSOLUTE
    ../clib/signal.c                         0x00000000   Number         0  defsig_rtmem_outer.o ABSOLUTE
    ../clib/signal.c                         0x00000000   Number         0  defsig_other.o ABSOLUTE
    ../clib/signal.c                         0x00000000   Number         0  defsig_general.o ABSOLUTE
    ../clib/signal.s                         0x00000000   Number         0  defsig.o ABSOLUTE
    ../clib/stdlib.c                         0x00000000   Number         0  exit.o ABSOLUTE
    ../fplib/fpinit.s                        0x00000000   Number         0  fpinit.o ABSOLUTE
    ..\..\..\..\..\CPU\ST\STM32\src\stm32f10x_adc.c 0x00000000   Number         0  stm32f10x_adc.o ABSOLUTE
    ..\..\..\..\..\CPU\ST\STM32\src\stm32f10x_bkp.c 0x00000000   Number         0  stm32f10x_bkp.o ABSOLUTE
    ..\..\..\..\..\CPU\ST\STM32\src\stm32f10x_flash.c 0x00000000   Number         0  stm32f10x_flash.o ABSOLUTE
    ..\..\..\..\..\CPU\ST\STM32\src\stm32f10x_gpio.c 0x00000000   Number         0  stm32f10x_gpio.o ABSOLUTE
    ..\..\..\..\..\CPU\ST\STM32\src\stm32f10x_i2c.c 0x00000000   Number         0  stm32f10x_i2c.o ABSOLUTE
    ..\..\..\..\..\CPU\ST\STM32\src\stm32f10x_lib.c 0x00000000   Number         0  stm32f10x_lib.o ABSOLUTE
    ..\..\..\..\..\CPU\ST\STM32\src\stm32f10x_nvic.c 0x00000000   Number         0  stm32f10x_nvic.o ABSOLUTE
    ..\..\..\..\..\CPU\ST\STM32\src\stm32f10x_rcc.c 0x00000000   Number         0  stm32f10x_rcc.o ABSOLUTE
    ..\..\..\..\..\CPU\ST\STM32\src\stm32f10x_rtc.c 0x00000000   Number         0  stm32f10x_rtc.o ABSOLUTE
    ..\..\..\..\..\CPU\ST\STM32\src\stm32f10x_spi.c 0x00000000   Number         0  stm32f10x_spi.o ABSOLUTE
    ..\..\..\..\..\CPU\ST\STM32\src\stm32f10x_systick.c 0x00000000   Number         0  stm32f10x_systick.o ABSOLUTE
    ..\..\..\..\..\CPU\ST\STM32\src\stm32f10x_tim.c 0x00000000   Number         0  stm32f10x_tim.o ABSOLUTE
    ..\..\..\..\..\CPU\ST\STM32\src\stm32f10x_usart.c 0x00000000   Number         0  stm32f10x_usart.o ABSOLUTE
    ..\..\..\..\..\uC-CPU\ARM-Cortex-M3\RealView\cpu_a.asm 0x00000000   Number         0  cpu_a.o ABSOLUTE
    ..\..\..\..\..\uC-CPU\ARM-Cortex-M3\RealView\cpu_c.c 0x00000000   Number         0  cpu_c.o ABSOLUTE
    ..\..\..\..\..\uC-LIB\Ports\ARM-Cortex-M3\RealView\lib_mem_a.asm 0x00000000   Number         0  lib_mem_a.o ABSOLUTE
    ..\..\..\..\..\uC-LIB\lib_mem.c          0x00000000   Number         0  lib_mem.o ABSOLUTE
    ..\..\..\..\..\uC-LIB\lib_str.c          0x00000000   Number         0  lib_str.o ABSOLUTE
    ..\..\..\..\..\uCOS-II\Ports\ARM-Cortex-M3\Generic\RealView\os_cpu_a.asm 0x00000000   Number         0  os_cpu_a.o ABSOLUTE
    ..\..\..\..\..\uCOS-II\Ports\ARM-Cortex-M3\Generic\RealView\os_cpu_c.c 0x00000000   Number         0  os_cpu_c.o ABSOLUTE
    ..\..\..\..\..\uCOS-II\Ports\ARM-Cortex-M3\Generic\RealView\os_dbg.c 0x00000000   Number         0  os_dbg.o ABSOLUTE
    ..\..\..\..\..\uCOS-II\Source\os_core.c  0x00000000   Number         0  os_core.o ABSOLUTE
    ..\..\..\..\..\uCOS-II\Source\os_flag.c  0x00000000   Number         0  os_flag.o ABSOLUTE
    ..\..\..\..\..\uCOS-II\Source\os_mbox.c  0x00000000   Number         0  os_mbox.o ABSOLUTE
    ..\..\..\..\..\uCOS-II\Source\os_mem.c   0x00000000   Number         0  os_mem.o ABSOLUTE
    ..\..\..\..\..\uCOS-II\Source\os_mutex.c 0x00000000   Number         0  os_mutex.o ABSOLUTE
    ..\..\..\..\..\uCOS-II\Source\os_q.c     0x00000000   Number         0  os_q.o ABSOLUTE
    ..\..\..\..\..\uCOS-II\Source\os_sem.c   0x00000000   Number         0  os_sem.o ABSOLUTE
    ..\..\..\..\..\uCOS-II\Source\os_task.c  0x00000000   Number         0  os_task.o ABSOLUTE
    ..\..\..\..\..\uCOS-II\Source\os_time.c  0x00000000   Number         0  os_time.o ABSOLUTE
    ..\..\..\..\..\uCOS-II\Source\os_tmr.c   0x00000000   Number         0  os_tmr.o ABSOLUTE
    ..\BSP\bsp.c                             0x00000000   Number         0  bsp.o ABSOLUTE
    ..\BSP\bsp_int.c                         0x00000000   Number         0  bsp_int.o ABSOLUTE
    ..\BSP\bsp_periph.c                      0x00000000   Number         0  bsp_periph.o ABSOLUTE
    ..\BSP\init.s                            0x00000000   Number         0  init.o ABSOLUTE
    dc.s                                     0x00000000   Number         0  dc.o ABSOLUTE
    main.c                                   0x00000000   Number         0  main.o ABSOLUTE
    vectors.s                                0x00000000   Number         0  vectors.o ABSOLUTE
    VECT                                     0x08000000   Section      248  vectors.o(VECT)
    App_NMI_ISR                              0x080000ed   Thumb Code     2  vectors.o(VECT)
    App_Fault_ISR                            0x080000ef   Thumb Code     2  vectors.o(VECT)
    App_MemFault_ISR                         0x080000f1   Thumb Code     2  vectors.o(VECT)
    App_BusFault_ISR                         0x080000f3   Thumb Code     2  vectors.o(VECT)
    App_UsageFault_ISR                       0x080000f5   Thumb Code     2  vectors.o(VECT)
    App_Spurious_ISR                         0x080000f7   Thumb Code     2  vectors.o(VECT)
    !!!main                                  0x080000f8   Section        8  __main.o(!!!main)
    !!!scatter                               0x08000100   Section       52  __scatter.o(!!!scatter)
    !!handler_copy                           0x08000134   Section       26  __scatter_copy.o(!!handler_copy)
    !!handler_zi                             0x08000150   Section       28  __scatter_zi.o(!!handler_zi)
    .ARM.Collect$$libinit$$00000000          0x0800016c   Section        2  libinit.o(.ARM.Collect$$libinit$$00000000)
    .ARM.Collect$$libinit$$00000002          0x0800016e   Section        0  libinit2.o(.ARM.Collect$$libinit$$00000002)
    .ARM.Collect$$libinit$$00000008          0x0800016e   Section        0  libinit2.o(.ARM.Collect$$libinit$$00000008)
    .ARM.Collect$$libinit$$0000000A          0x0800016e   Section        0  libinit2.o(.ARM.Collect$$libinit$$0000000A)
    .ARM.Collect$$libinit$$0000000C          0x0800016e   Section        0  libinit2.o(.ARM.Collect$$libinit$$0000000C)
    .ARM.Collect$$libinit$$0000000F          0x0800016e   Section        0  libinit2.o(.ARM.Collect$$libinit$$0000000F)
    .ARM.Collect$$libinit$$00000011          0x0800016e   Section        0  libinit2.o(.ARM.Collect$$libinit$$00000011)
    .ARM.Collect$$libinit$$00000013          0x0800016e   Section        0  libinit2.o(.ARM.Collect$$libinit$$00000013)
    .ARM.Collect$$libinit$$00000015          0x0800016e   Section        0  libinit2.o(.ARM.Collect$$libinit$$00000015)
    .ARM.Collect$$libinit$$00000017          0x0800016e   Section        0  libinit2.o(.ARM.Collect$$libinit$$00000017)
    .ARM.Collect$$libinit$$00000019          0x0800016e   Section        0  libinit2.o(.ARM.Collect$$libinit$$00000019)
    .ARM.Collect$$libinit$$0000001B          0x0800016e   Section        0  libinit2.o(.ARM.Collect$$libinit$$0000001B)
    .ARM.Collect$$libinit$$0000001D          0x0800016e   Section        0  libinit2.o(.ARM.Collect$$libinit$$0000001D)
    .ARM.Collect$$libinit$$0000001F          0x0800016e   Section        0  libinit2.o(.ARM.Collect$$libinit$$0000001F)
    .ARM.Collect$$libinit$$00000021          0x0800016e   Section        0  libinit2.o(.ARM.Collect$$libinit$$00000021)
    .ARM.Collect$$libinit$$00000023          0x0800016e   Section        0  libinit2.o(.ARM.Collect$$libinit$$00000023)
    .ARM.Collect$$libinit$$0000002A          0x0800016e   Section        0  libinit2.o(.ARM.Collect$$libinit$$0000002A)
    .ARM.Collect$$libinit$$0000002C          0x0800016e   Section        0  libinit2.o(.ARM.Collect$$libinit$$0000002C)
    .ARM.Collect$$libinit$$0000002E          0x0800016e   Section        0  libinit2.o(.ARM.Collect$$libinit$$0000002E)
    .ARM.Collect$$libinit$$00000030          0x0800016e   Section        0  libinit2.o(.ARM.Collect$$libinit$$00000030)
    .ARM.Collect$$libinit$$00000031          0x0800016e   Section        2  libinit2.o(.ARM.Collect$$libinit$$00000031)
    .ARM.Collect$$libshutdown$$00000000      0x08000170   Section        2  libshutdown.o(.ARM.Collect$$libshutdown$$00000000)
    .ARM.Collect$$libshutdown$$00000003      0x08000172   Section        0  libshutdown2.o(.ARM.Collect$$libshutdown$$00000003)
    .ARM.Collect$$libshutdown$$00000006      0x08000172   Section        0  libshutdown2.o(.ARM.Collect$$libshutdown$$00000006)
    .ARM.Collect$$libshutdown$$00000009      0x08000172   Section        0  libshutdown2.o(.ARM.Collect$$libshutdown$$00000009)
    .ARM.Collect$$libshutdown$$0000000B      0x08000172   Section        0  libshutdown2.o(.ARM.Collect$$libshutdown$$0000000B)
    .ARM.Collect$$libshutdown$$0000000E      0x08000172   Section        0  libshutdown2.o(.ARM.Collect$$libshutdown$$0000000E)
    .ARM.Collect$$libshutdown$$0000000F      0x08000172   Section        2  libshutdown2.o(.ARM.Collect$$libshutdown$$0000000F)
    .ARM.Collect$$rtentry$$00000000          0x08000174   Section        0  rtentry.o(.ARM.Collect$$rtentry$$00000000)
    .ARM.Collect$$rtentry$$00000002          0x08000174   Section        0  rtentry2.o(.ARM.Collect$$rtentry$$00000002)
    .ARM.Collect$$rtentry$$00000007          0x08000174   Section        4  rtentry7.o(.ARM.Collect$$rtentry$$00000007)
    .ARM.Collect$$rtentry$$00000009          0x08000178   Section        0  rtentry2.o(.ARM.Collect$$rtentry$$00000009)
    .ARM.Collect$$rtentry$$0000000A          0x08000178   Section        4  rtentry2.o(.ARM.Collect$$rtentry$$0000000A)
    .ARM.Collect$$rtentry$$0000000C          0x0800017c   Section        0  rtentry2.o(.ARM.Collect$$rtentry$$0000000C)
    .ARM.Collect$$rtentry$$0000000D          0x0800017c   Section        8  rtentry2.o(.ARM.Collect$$rtentry$$0000000D)
    .ARM.Collect$$rtentry$$00002718          0x08000184   Section        4  rtentry7.o(.ARM.Collect$$rtentry$$00002718)
    __lit__00000000                          0x08000184   Data           4  rtentry7.o(.ARM.Collect$$rtentry$$00002718)
    .ARM.Collect$$rtexit$$00000000           0x08000188   Section        2  rtexit.o(.ARM.Collect$$rtexit$$00000000)
    .ARM.Collect$$rtexit$$00000002           0x0800018a   Section        0  rtexit2.o(.ARM.Collect$$rtexit$$00000002)
    .ARM.Collect$$rtexit$$00000003           0x0800018a   Section        4  rtexit2.o(.ARM.Collect$$rtexit$$00000003)
    .ARM.Collect$$rtexit$$00000004           0x0800018e   Section        6  rtexit2.o(.ARM.Collect$$rtexit$$00000004)
    .text                                    0x08000194   Section        0  main.o(.text)
    App_TaskStart                            0x08000195   Thumb Code    50  main.o(.text)
    .text                                    0x08000208   Section        0  bsp.o(.text)
    GPIO_Configuration                       0x080002e7   Thumb Code    54  bsp.o(.text)
    BSP_PB_Init                              0x0800031d   Thumb Code    72  bsp.o(.text)
    BSP_LED_Init                             0x08000365   Thumb Code    40  bsp.o(.text)
    BSP_ADC_Init                             0x0800038d   Thumb Code   110  bsp.o(.text)
    .text                                    0x080005d0   Section        0  bsp_int.o(.text)
    UART2_ISR                                0x08000637   Thumb Code    32  bsp_int.o(.text)
    BSP_IntHandlerDummy                      0x08000657   Thumb Code     2  bsp_int.o(.text)
    BSP_IntHandler                           0x08000675   Thumb Code    42  bsp_int.o(.text)
    .text                                    0x08000760   Section        0  stm32f10x_usart.o(.text)
    .text                                    0x08000a88   Section        0  stm32f10x_gpio.o(.text)
    .text                                    0x08000cf4   Section        0  stm32f10x_rcc.o(.text)
    .text                                    0x08000fec   Section        0  stm32f10x_adc.o(.text)
    .text                                    0x08001358   Section        0  stm32f10x_flash.o(.text)
    .text                                    0x08001394   Section        0  stm32f10x_nvic.o(.text)
    .text                                    0x0800167c   Section       42  cpu_a.o(.text)
    .text                                    0x080016a8   Section        0  cpu_c.o(.text)
    .text                                    0x08001a84   Section        0  os_core.o(.text)
    OS_SchedNew                              0x08001b95   Thumb Code    24  os_core.o(.text)
    OS_InitTaskStat                          0x08001e79   Thumb Code    90  os_core.o(.text)
    OS_InitTaskIdle                          0x08001ee9   Thumb Code    50  os_core.o(.text)
    OS_InitEventList                         0x08001f2d   Thumb Code    60  os_core.o(.text)
    OS_InitTCBList                           0x08001f69   Thumb Code    82  os_core.o(.text)
    OS_InitRdyList                           0x08001fbb   Thumb Code    34  os_core.o(.text)
    OS_InitMisc                              0x08001fdd   Thumb Code    26  os_core.o(.text)
    .text                                    0x080023f4   Section        0  os_flag.o(.text)
    OS_FlagTaskRdy                           0x08002529   Thumb Code    70  os_flag.o(.text)
    OS_FlagBlock                             0x080026ed   Thumb Code    88  os_flag.o(.text)
    .text                                    0x08002ae4   Section        0  os_task.o(.text)
    .text                                    0x08003198   Section        0  os_time.o(.text)
    .text                                    0x08003304   Section      164  os_cpu_a.o(.text)
    .text                                    0x080033a8   Section        0  os_cpu_c.o(.text)
    .text                                    0x0800346c   Section        0  exit.o(.text)
    .text                                    0x08003478   Section        2  use_no_semi.o(.text)
    .text                                    0x0800347a   Section        0  indicate_semi.o(.text)
    .text                                    0x0800347c   Section        0  sys_exit.o(.text)
    INIT                                     0x08003488   Section        8  init.o(INIT)
    .constdata                               0x08003490   Section       20  stm32f10x_rcc.o(.constdata)
    ADCPrescTable                            0x08003490   Data           4  stm32f10x_rcc.o(.constdata)
    APBAHBPrescTable                         0x08003494   Data          16  stm32f10x_rcc.o(.constdata)
    .constdata                               0x080034a4   Section      256  os_core.o(.constdata)
    .data                                    0x20000000   Section        8  stm32f10x_rcc.o(.data)
    HSEStatus                                0x20000000   Data           1  stm32f10x_rcc.o(.data)
    StartUpCounter                           0x20000004   Data           4  stm32f10x_rcc.o(.data)
    .data                                    0x20000008   Section       56  os_core.o(.data)
    .data                                    0x20000040   Section        4  os_core.o(.data)
    .bss                                     0x20000044   Section      512  main.o(.bss)
    App_TaskStartStk                         0x20000044   Data         512  main.o(.bss)
    .bss                                     0x20000244   Section      168  bsp_int.o(.bss)
    BSP_IntVectTbl                           0x20000244   Data         168  bsp_int.o(.bss)
    .bss                                     0x200002ec   Section     3496  os_core.o(.bss)
    .bss                                     0x20001094   Section      140  os_core.o(.bss)

    Global Symbols

    Symbol Name                              Value     Ov Type        Size  Object(Section)

    BuildAttributes$$THM_ISAv4$P$D$K$B$S$PE$A:L22UL41UL21$X:L11$S22US41US21$IEEE1$IW$USESV6$~STKCKD$USESV7$~SHL$OSPACE$ROPI$EBA8$UX$STANDARDLIB$REQ8$PRES8$EABIv2 0x00000000   Number         0  anon$$obj.o ABSOLUTE
    __ARM_use_no_argv                        0x00000000   Number         0  main.o ABSOLUTE
    Image$$ZI$$Limit                          - Undefined Weak Reference
    __ARM_exceptions_init                     - Undefined Weak Reference
    __alloca_initialize                       - Undefined Weak Reference
    __cpp_initialize__aeabi_                  - Undefined Weak Reference
    __cxa_finalize                            - Undefined Weak Reference
    __rt_locale                               - Undefined Weak Reference
    __sigvec_lookup                           - Undefined Weak Reference
    _atexit_init                              - Undefined Weak Reference
    _call_atexit_fns                          - Undefined Weak Reference
    _clock_init                               - Undefined Weak Reference
    _fp_trap_init                             - Undefined Weak Reference
    _fp_trap_shutdown                         - Undefined Weak Reference
    _get_lc_collate                           - Undefined Weak Reference
    _get_lc_ctype                             - Undefined Weak Reference
    _get_lc_monetary                          - Undefined Weak Reference
    _get_lc_numeric                           - Undefined Weak Reference
    _get_lc_time                              - Undefined Weak Reference
    _getenv_init                              - Undefined Weak Reference
    _handle_redirection                       - Undefined Weak Reference
    _init_alloc                               - Undefined Weak Reference
    _init_user_alloc                          - Undefined Weak Reference
    _initio                                   - Undefined Weak Reference
    _rand_init                                - Undefined Weak Reference
    _signal_finish                            - Undefined Weak Reference
    _signal_init                              - Undefined Weak Reference
    _terminate_alloc                          - Undefined Weak Reference
    _terminate_user_alloc                     - Undefined Weak Reference
    _terminateio                              - Undefined Weak Reference
    __main                                   0x080000f9   Thumb Code     8  __main.o(!!!main)
    __scatterload                            0x08000101   Thumb Code     0  __scatter.o(!!!scatter)
    __scatterload_rt2                        0x08000101   Thumb Code    44  __scatter.o(!!!scatter)
    __scatterload_rt2_thumb_only             0x08000101   Thumb Code     0  __scatter.o(!!!scatter)
    __scatterload_null                       0x0800010f   Thumb Code     0  __scatter.o(!!!scatter)
    __scatterload_copy                       0x08000135   Thumb Code    26  __scatter_copy.o(!!handler_copy)
    __scatterload_zeroinit                   0x08000151   Thumb Code    28  __scatter_zi.o(!!handler_zi)
    __rt_lib_init                            0x0800016d   Thumb Code     0  libinit.o(.ARM.Collect$$libinit$$00000000)
    __rt_lib_init_alloca_1                   0x0800016f   Thumb Code     0  libinit2.o(.ARM.Collect$$libinit$$0000002C)
    __rt_lib_init_argv_1                     0x0800016f   Thumb Code     0  libinit2.o(.ARM.Collect$$libinit$$0000002A)
    __rt_lib_init_atexit_1                   0x0800016f   Thumb Code     0  libinit2.o(.ARM.Collect$$libinit$$00000019)
    __rt_lib_init_clock_1                    0x0800016f   Thumb Code     0  libinit2.o(.ARM.Collect$$libinit$$0000001F)
    __rt_lib_init_cpp_1                      0x0800016f   Thumb Code     0  libinit2.o(.ARM.Collect$$libinit$$00000030)
    __rt_lib_init_exceptions_1               0x0800016f   Thumb Code     0  libinit2.o(.ARM.Collect$$libinit$$0000002E)
    __rt_lib_init_fp_1                       0x0800016f   Thumb Code     0  libinit2.o(.ARM.Collect$$libinit$$00000002)
    __rt_lib_init_fp_trap_1                  0x0800016f   Thumb Code     0  libinit2.o(.ARM.Collect$$libinit$$0000001D)
    __rt_lib_init_getenv_1                   0x0800016f   Thumb Code     0  libinit2.o(.ARM.Collect$$libinit$$00000021)
    __rt_lib_init_heap_1                     0x0800016f   Thumb Code     0  libinit2.o(.ARM.Collect$$libinit$$00000008)
    __rt_lib_init_lc_collate_1               0x0800016f   Thumb Code     0  libinit2.o(.ARM.Collect$$libinit$$0000000F)
    __rt_lib_init_lc_ctype_1                 0x0800016f   Thumb Code     0  libinit2.o(.ARM.Collect$$libinit$$00000011)
    __rt_lib_init_lc_monetary_1              0x0800016f   Thumb Code     0  libinit2.o(.ARM.Collect$$libinit$$00000013)
    __rt_lib_init_lc_numeric_1               0x0800016f   Thumb Code     0  libinit2.o(.ARM.Collect$$libinit$$00000015)
    __rt_lib_init_lc_time_1                  0x0800016f   Thumb Code     0  libinit2.o(.ARM.Collect$$libinit$$00000017)
    __rt_lib_init_rand_1                     0x0800016f   Thumb Code     0  libinit2.o(.ARM.Collect$$libinit$$0000000C)
    __rt_lib_init_return                     0x0800016f   Thumb Code     0  libinit2.o(.ARM.Collect$$libinit$$00000031)
    __rt_lib_init_signal_1                   0x0800016f   Thumb Code     0  libinit2.o(.ARM.Collect$$libinit$$0000001B)
    __rt_lib_init_stdio_1                    0x0800016f   Thumb Code     0  libinit2.o(.ARM.Collect$$libinit$$00000023)
    __rt_lib_init_user_alloc_1               0x0800016f   Thumb Code     0  libinit2.o(.ARM.Collect$$libinit$$0000000A)
    __rt_lib_shutdown                        0x08000171   Thumb Code     0  libshutdown.o(.ARM.Collect$$libshutdown$$00000000)
    __rt_lib_shutdown_fp_trap_1              0x08000173   Thumb Code     0  libshutdown2.o(.ARM.Collect$$libshutdown$$00000006)
    __rt_lib_shutdown_heap_1                 0x08000173   Thumb Code     0  libshutdown2.o(.ARM.Collect$$libshutdown$$0000000E)
    __rt_lib_shutdown_return                 0x08000173   Thumb Code     0  libshutdown2.o(.ARM.Collect$$libshutdown$$0000000F)
    __rt_lib_shutdown_signal_1               0x08000173   Thumb Code     0  libshutdown2.o(.ARM.Collect$$libshutdown$$00000009)
    __rt_lib_shutdown_stdio_1                0x08000173   Thumb Code     0  libshutdown2.o(.ARM.Collect$$libshutdown$$00000003)
    __rt_lib_shutdown_user_alloc_1           0x08000173   Thumb Code     0  libshutdown2.o(.ARM.Collect$$libshutdown$$0000000B)
    __rt_entry                               0x08000175   Thumb Code     0  rtentry.o(.ARM.Collect$$rtentry$$00000000)
    __rt_entry_presh_1                       0x08000175   Thumb Code     0  rtentry2.o(.ARM.Collect$$rtentry$$00000002)
    __rt_entry_sh                            0x08000175   Thumb Code     0  rtentry7.o(.ARM.Collect$$rtentry$$00000007)
    __rt_entry_li                            0x08000179   Thumb Code     0  rtentry2.o(.ARM.Collect$$rtentry$$0000000A)
    __rt_entry_postsh_1                      0x08000179   Thumb Code     0  rtentry2.o(.ARM.Collect$$rtentry$$00000009)
    __rt_entry_main                          0x0800017d   Thumb Code     0  rtentry2.o(.ARM.Collect$$rtentry$$0000000D)
    __rt_entry_postli_1                      0x0800017d   Thumb Code     0  rtentry2.o(.ARM.Collect$$rtentry$$0000000C)
    __rt_exit                                0x08000189   Thumb Code     0  rtexit.o(.ARM.Collect$$rtexit$$00000000)
    __rt_exit_ls                             0x0800018b   Thumb Code     0  rtexit2.o(.ARM.Collect$$rtexit$$00000003)
    __rt_exit_prels_1                        0x0800018b   Thumb Code     0  rtexit2.o(.ARM.Collect$$rtexit$$00000002)
    __rt_exit_exit                           0x0800018f   Thumb Code     0  rtexit2.o(.ARM.Collect$$rtexit$$00000004)
    main                                     0x080001c7   Thumb Code    44  main.o(.text)
    App_TaskCreateHook                       0x080001f3   Thumb Code     2  main.o(.text)
    App_TaskDelHook                          0x080001f5   Thumb Code     2  main.o(.text)
    App_TaskIdleHook                         0x080001f7   Thumb Code     2  main.o(.text)
    App_TaskStatHook                         0x080001f9   Thumb Code     2  main.o(.text)
    App_TaskSwHook                           0x080001fb   Thumb Code     2  main.o(.text)
    App_TCBInitHook                          0x080001fd   Thumb Code     2  main.o(.text)
    fputc                                    0x08000209   Thumb Code    30  bsp.o(.text)
    NVIC_Configuration                       0x08000227   Thumb Code    66  bsp.o(.text)
    UART2_int                                0x08000269   Thumb Code   126  bsp.o(.text)
    BSP_Init                                 0x080003fb   Thumb Code   182  bsp.o(.text)
    BSP_CPU_ClkFreq                          0x080004b1   Thumb Code    16  bsp.o(.text)
    OS_CPU_SysTickClkFreq                    0x080004c1   Thumb Code     2  bsp.o(.text)
    BSP_ADC_GetStatus                        0x080004c3   Thumb Code    16  bsp.o(.text)
    BSP_PB_GetStatus                         0x080004d3   Thumb Code    46  bsp.o(.text)
    BSP_LED_On                               0x08000501   Thumb Code    44  bsp.o(.text)
    BSP_LED_Off                              0x0800052d   Thumb Code    44  bsp.o(.text)
    BSP_LED_Toggle                           0x08000559   Thumb Code    94  bsp.o(.text)
    BSP_IntClr                               0x080005d1   Thumb Code     2  bsp_int.o(.text)
    BSP_IntDis                               0x080005d3   Thumb Code    14  bsp_int.o(.text)
    BSP_IntDisAll                            0x080005e1   Thumb Code     4  bsp_int.o(.text)
    BSP_IntEn                                0x080005e5   Thumb Code    14  bsp_int.o(.text)
    BSP_IntVectSet                           0x080005f3   Thumb Code    30  bsp_int.o(.text)
    BSP_IntPrioSet                           0x08000611   Thumb Code    38  bsp_int.o(.text)
    BSP_IntInit                              0x08000659   Thumb Code    28  bsp_int.o(.text)
    BSP_IntHandlerWWDG                       0x0800069f   Thumb Code     4  bsp_int.o(.text)
    BSP_IntHandlerPVD                        0x080006a3   Thumb Code     4  bsp_int.o(.text)
    BSP_IntHandlerTAMPER                     0x080006a7   Thumb Code     4  bsp_int.o(.text)
    BSP_IntHandlerRTC                        0x080006ab   Thumb Code     4  bsp_int.o(.text)
    BSP_IntHandlerFLASH                      0x080006af   Thumb Code     4  bsp_int.o(.text)
    BSP_IntHandlerRCC                        0x080006b3   Thumb Code     4  bsp_int.o(.text)
    BSP_IntHandlerEXTI0                      0x080006b7   Thumb Code     4  bsp_int.o(.text)
    BSP_IntHandlerEXTI1                      0x080006bb   Thumb Code     4  bsp_int.o(.text)
    BSP_IntHandlerEXTI2                      0x080006bf   Thumb Code     4  bsp_int.o(.text)
    BSP_IntHandlerEXTI3                      0x080006c3   Thumb Code     4  bsp_int.o(.text)
    BSP_IntHandlerEXTI4                      0x080006c7   Thumb Code     4  bsp_int.o(.text)
    BSP_IntHandlerDMA1_CH1                   0x080006cb   Thumb Code     4  bsp_int.o(.text)
    BSP_IntHandlerDMA1_CH2                   0x080006cf   Thumb Code     4  bsp_int.o(.text)
    BSP_IntHandlerDMA1_CH3                   0x080006d3   Thumb Code     4  bsp_int.o(.text)
    BSP_IntHandlerDMA1_CH4                   0x080006d7   Thumb Code     4  bsp_int.o(.text)
    BSP_IntHandlerDMA1_CH5                   0x080006db   Thumb Code     4  bsp_int.o(.text)
    BSP_IntHandlerDMA1_CH6                   0x080006df   Thumb Code     4  bsp_int.o(.text)
    BSP_IntHandlerDMA1_CH7                   0x080006e3   Thumb Code     4  bsp_int.o(.text)
    BSP_IntHandlerADC1_2                     0x080006e7   Thumb Code     4  bsp_int.o(.text)
    BSP_IntHandlerUSB_HP_CAN_TX              0x080006eb   Thumb Code     4  bsp_int.o(.text)
    BSP_IntHandlerUSB_LP_CAN_RX0             0x080006ef   Thumb Code     4  bsp_int.o(.text)
    BSP_IntHandlerCAN_RX1                    0x080006f3   Thumb Code     4  bsp_int.o(.text)
    BSP_IntHandlerCAN_SCE                    0x080006f7   Thumb Code     4  bsp_int.o(.text)
    BSP_IntHandlerEXTI9_5                    0x080006fb   Thumb Code     4  bsp_int.o(.text)
    BSP_IntHandlerTIM1_BRK                   0x080006ff   Thumb Code     4  bsp_int.o(.text)
    BSP_IntHandlerTIM1_UP                    0x08000703   Thumb Code     4  bsp_int.o(.text)
    BSP_IntHandlerTIM1_TRG_COM               0x08000707   Thumb Code     4  bsp_int.o(.text)
    BSP_IntHandlerTIM1_CC                    0x0800070b   Thumb Code     4  bsp_int.o(.text)
    BSP_IntHandlerTIM2                       0x0800070f   Thumb Code     4  bsp_int.o(.text)
    BSP_IntHandlerTIM3                       0x08000713   Thumb Code     4  bsp_int.o(.text)
    BSP_IntHandlerTIM4                       0x08000717   Thumb Code     4  bsp_int.o(.text)
    BSP_IntHandlerI2C1_EV                    0x0800071b   Thumb Code     4  bsp_int.o(.text)
    BSP_IntHandlerI2C1_ER                    0x0800071f   Thumb Code     4  bsp_int.o(.text)
    BSP_IntHandlerI2C2_EV                    0x08000723   Thumb Code     4  bsp_int.o(.text)
    BSP_IntHandlerI2C2_ER                    0x08000727   Thumb Code     4  bsp_int.o(.text)
    BSP_IntHandlerSPI1                       0x0800072b   Thumb Code     4  bsp_int.o(.text)
    BSP_IntHandlerSPI2                       0x0800072f   Thumb Code     4  bsp_int.o(.text)
    BSP_IntHandlerUSART1                     0x08000733   Thumb Code     4  bsp_int.o(.text)
    BSP_IntHandlerUSART2                     0x08000737   Thumb Code     4  bsp_int.o(.text)
    BSP_IntHandlerUSART3                     0x0800073b   Thumb Code     4  bsp_int.o(.text)
    BSP_IntHandlerEXTI15_10                  0x0800073f   Thumb Code     4  bsp_int.o(.text)
    BSP_IntHandlerRTCAlarm                   0x08000743   Thumb Code     4  bsp_int.o(.text)
    BSP_IntHandlerUSBWakeUp                  0x08000747   Thumb Code     4  bsp_int.o(.text)
    USART_DeInit                             0x08000761   Thumb Code   146  stm32f10x_usart.o(.text)
    USART_Init                               0x080007f3   Thumb Code   134  stm32f10x_usart.o(.text)
    USART_StructInit                         0x08000879   Thumb Code    22  stm32f10x_usart.o(.text)
    USART_ClockInit                          0x0800088f   Thumb Code    30  stm32f10x_usart.o(.text)
    USART_ClockStructInit                    0x080008ad   Thumb Code    12  stm32f10x_usart.o(.text)
    USART_Cmd                                0x080008b9   Thumb Code    24  stm32f10x_usart.o(.text)
    USART_ITConfig                           0x080008d1   Thumb Code    50  stm32f10x_usart.o(.text)
    USART_DMACmd                             0x08000903   Thumb Code    20  stm32f10x_usart.o(.text)
    USART_SetAddress                         0x08000917   Thumb Code    16  stm32f10x_usart.o(.text)
    USART_WakeUpConfig                       0x08000927   Thumb Code    16  stm32f10x_usart.o(.text)
    USART_ReceiverWakeUpCmd                  0x08000937   Thumb Code    24  stm32f10x_usart.o(.text)
    USART_LINBreakDetectLengthConfig         0x0800094f   Thumb Code    16  stm32f10x_usart.o(.text)
    USART_LINCmd                             0x0800095f   Thumb Code    24  stm32f10x_usart.o(.text)
    USART_SendData                           0x08000977   Thumb Code     8  stm32f10x_usart.o(.text)
    USART_ReceiveData                        0x0800097f   Thumb Code     8  stm32f10x_usart.o(.text)
    USART_SendBreak                          0x08000987   Thumb Code    10  stm32f10x_usart.o(.text)
    USART_SetGuardTime                       0x08000991   Thumb Code    16  stm32f10x_usart.o(.text)
    USART_SetPrescaler                       0x080009a1   Thumb Code    16  stm32f10x_usart.o(.text)
    USART_SmartCardCmd                       0x080009b1   Thumb Code    24  stm32f10x_usart.o(.text)
    USART_SmartCardNACKCmd                   0x080009c9   Thumb Code    24  stm32f10x_usart.o(.text)
    USART_HalfDuplexCmd                      0x080009e1   Thumb Code    24  stm32f10x_usart.o(.text)
    USART_IrDAConfig                         0x080009f9   Thumb Code    16  stm32f10x_usart.o(.text)
    USART_IrDACmd                            0x08000a09   Thumb Code    24  stm32f10x_usart.o(.text)
    USART_GetFlagStatus                      0x08000a21   Thumb Code    14  stm32f10x_usart.o(.text)
    USART_ClearFlag                          0x08000a2f   Thumb Code     6  stm32f10x_usart.o(.text)
    USART_GetITStatus                        0x08000a35   Thumb Code    60  stm32f10x_usart.o(.text)
    USART_ClearITPendingBit                  0x08000a71   Thumb Code    12  stm32f10x_usart.o(.text)
    GPIO_DeInit                              0x08000a89   Thumb Code   188  stm32f10x_gpio.o(.text)
    GPIO_AFIODeInit                          0x08000b45   Thumb Code    22  stm32f10x_gpio.o(.text)
    GPIO_Init                                0x08000b5b   Thumb Code   164  stm32f10x_gpio.o(.text)
    GPIO_StructInit                          0x08000bff   Thumb Code    16  stm32f10x_gpio.o(.text)
    GPIO_ReadInputDataBit                    0x08000c0f   Thumb Code    14  stm32f10x_gpio.o(.text)
    GPIO_ReadInputData                       0x08000c1d   Thumb Code     6  stm32f10x_gpio.o(.text)
    GPIO_ReadOutputDataBit                   0x08000c23   Thumb Code    14  stm32f10x_gpio.o(.text)
    GPIO_ReadOutputData                      0x08000c31   Thumb Code     6  stm32f10x_gpio.o(.text)
    GPIO_SetBits                             0x08000c37   Thumb Code     4  stm32f10x_gpio.o(.text)
    GPIO_ResetBits                           0x08000c3b   Thumb Code     4  stm32f10x_gpio.o(.text)
    GPIO_WriteBit                            0x08000c3f   Thumb Code    12  stm32f10x_gpio.o(.text)
    GPIO_Write                               0x08000c4b   Thumb Code     4  stm32f10x_gpio.o(.text)
    GPIO_PinLockConfig                       0x08000c4f   Thumb Code    16  stm32f10x_gpio.o(.text)
    GPIO_EventOutputConfig                   0x08000c5f   Thumb Code    22  stm32f10x_gpio.o(.text)
    GPIO_EventOutputCmd                      0x08000c75   Thumb Code     6  stm32f10x_gpio.o(.text)
    GPIO_PinRemapConfig                      0x08000c7b   Thumb Code    70  stm32f10x_gpio.o(.text)
    GPIO_EXTILineConfig                      0x08000cc1   Thumb Code    34  stm32f10x_gpio.o(.text)
    RCC_DeInit                               0x08000cf5   Thumb Code    48  stm32f10x_rcc.o(.text)
    RCC_HSEConfig                            0x08000d25   Thumb Code    50  stm32f10x_rcc.o(.text)
    RCC_GetFlagStatus                        0x08000d57   Thumb Code    42  stm32f10x_rcc.o(.text)
    RCC_WaitForHSEStartUp                    0x08000d81   Thumb Code    48  stm32f10x_rcc.o(.text)
    RCC_AdjustHSICalibrationValue            0x08000db1   Thumb Code    16  stm32f10x_rcc.o(.text)
    RCC_HSICmd                               0x08000dc1   Thumb Code     6  stm32f10x_rcc.o(.text)
    RCC_PLLConfig                            0x08000dc7   Thumb Code    16  stm32f10x_rcc.o(.text)
    RCC_PLLCmd                               0x08000dd7   Thumb Code     6  stm32f10x_rcc.o(.text)
    RCC_SYSCLKConfig                         0x08000ddd   Thumb Code    14  stm32f10x_rcc.o(.text)
    RCC_GetSYSCLKSource                      0x08000deb   Thumb Code    10  stm32f10x_rcc.o(.text)
    RCC_HCLKConfig                           0x08000df5   Thumb Code    14  stm32f10x_rcc.o(.text)
    RCC_PCLK1Config                          0x08000e03   Thumb Code    14  stm32f10x_rcc.o(.text)
    RCC_PCLK2Config                          0x08000e11   Thumb Code    16  stm32f10x_rcc.o(.text)
    RCC_ITConfig                             0x08000e21   Thumb Code    22  stm32f10x_rcc.o(.text)
    RCC_USBCLKConfig                         0x08000e37   Thumb Code     8  stm32f10x_rcc.o(.text)
    RCC_ADCCLKConfig                         0x08000e3f   Thumb Code    14  stm32f10x_rcc.o(.text)
    RCC_LSEConfig                            0x08000e4d   Thumb Code    36  stm32f10x_rcc.o(.text)
    RCC_LSICmd                               0x08000e71   Thumb Code     6  stm32f10x_rcc.o(.text)
    RCC_RTCCLKConfig                         0x08000e77   Thumb Code    10  stm32f10x_rcc.o(.text)
    RCC_RTCCLKCmd                            0x08000e81   Thumb Code     8  stm32f10x_rcc.o(.text)
    RCC_GetClocksFreq                        0x08000e89   Thumb Code   154  stm32f10x_rcc.o(.text)
    RCC_AHBPeriphClockCmd                    0x08000f23   Thumb Code    22  stm32f10x_rcc.o(.text)
    RCC_APB2PeriphClockCmd                   0x08000f39   Thumb Code    22  stm32f10x_rcc.o(.text)
    RCC_APB1PeriphClockCmd                   0x08000f4f   Thumb Code    22  stm32f10x_rcc.o(.text)
    RCC_APB2PeriphResetCmd                   0x08000f65   Thumb Code    22  stm32f10x_rcc.o(.text)
    RCC_APB1PeriphResetCmd                   0x08000f7b   Thumb Code    22  stm32f10x_rcc.o(.text)
    RCC_BackupResetCmd                       0x08000f91   Thumb Code     8  stm32f10x_rcc.o(.text)
    RCC_ClockSecuritySystemCmd               0x08000f99   Thumb Code     6  stm32f10x_rcc.o(.text)
    RCC_MCOConfig                            0x08000f9f   Thumb Code     6  stm32f10x_rcc.o(.text)
    RCC_ClearFlag                            0x08000fa5   Thumb Code    12  stm32f10x_rcc.o(.text)
    RCC_GetITStatus                          0x08000fb1   Thumb Code    16  stm32f10x_rcc.o(.text)
    RCC_ClearITPendingBit                    0x08000fc1   Thumb Code     6  stm32f10x_rcc.o(.text)
    ADC_DeInit                               0x08000fed   Thumb Code    88  stm32f10x_adc.o(.text)
    ADC_Init                                 0x08001045   Thumb Code    62  stm32f10x_adc.o(.text)
    ADC_StructInit                           0x08001083   Thumb Code    18  stm32f10x_adc.o(.text)
    ADC_Cmd                                  0x08001095   Thumb Code    24  stm32f10x_adc.o(.text)
    ADC_DMACmd                               0x080010ad   Thumb Code    24  stm32f10x_adc.o(.text)
    ADC_ITConfig                             0x080010c5   Thumb Code    22  stm32f10x_adc.o(.text)
    ADC_ResetCalibration                     0x080010db   Thumb Code    10  stm32f10x_adc.o(.text)
    ADC_GetResetCalibrationStatus            0x080010e5   Thumb Code    14  stm32f10x_adc.o(.text)
    ADC_StartCalibration                     0x080010f3   Thumb Code    10  stm32f10x_adc.o(.text)
    ADC_GetCalibrationStatus                 0x080010fd   Thumb Code    14  stm32f10x_adc.o(.text)
    ADC_SoftwareStartConvCmd                 0x0800110b   Thumb Code    24  stm32f10x_adc.o(.text)
    ADC_GetSoftwareStartConvStatus           0x08001123   Thumb Code    14  stm32f10x_adc.o(.text)
    ADC_DiscModeChannelCountConfig           0x08001131   Thumb Code    16  stm32f10x_adc.o(.text)
    ADC_DiscModeCmd                          0x08001141   Thumb Code    24  stm32f10x_adc.o(.text)
    ADC_RegularChannelConfig                 0x08001159   Thumb Code   116  stm32f10x_adc.o(.text)
    ADC_ExternalTrigConvCmd                  0x080011cd   Thumb Code    24  stm32f10x_adc.o(.text)
    ADC_GetConversionValue                   0x080011e5   Thumb Code     6  stm32f10x_adc.o(.text)
    ADC_GetDualModeConversionValue           0x080011eb   Thumb Code     6  stm32f10x_adc.o(.text)
    ADC_AutoInjectedConvCmd                  0x080011f1   Thumb Code    24  stm32f10x_adc.o(.text)
    ADC_InjectedDiscModeCmd                  0x08001209   Thumb Code    24  stm32f10x_adc.o(.text)
    ADC_ExternalTrigInjectedConvConfig       0x08001221   Thumb Code    12  stm32f10x_adc.o(.text)
    ADC_ExternalTrigInjectedConvCmd          0x0800122d   Thumb Code    24  stm32f10x_adc.o(.text)
    ADC_SoftwareStartInjectedConvCmd         0x08001245   Thumb Code    24  stm32f10x_adc.o(.text)
    ADC_GetSoftwareStartInjectedConvCmdStatus 0x0800125d   Thumb Code    14  stm32f10x_adc.o(.text)
    ADC_InjectedChannelConfig                0x0800126b   Thumb Code    74  stm32f10x_adc.o(.text)
    ADC_InjectedSequencerLengthConfig        0x080012b5   Thumb Code    16  stm32f10x_adc.o(.text)
    ADC_SetInjectedOffset                    0x080012c5   Thumb Code     4  stm32f10x_adc.o(.text)
    ADC_GetInjectedConversionValue           0x080012c9   Thumb Code     8  stm32f10x_adc.o(.text)
    ADC_AnalogWatchdogCmd                    0x080012d1   Thumb Code    12  stm32f10x_adc.o(.text)
    ADC_AnalogWatchdogThresholdsConfig       0x080012dd   Thumb Code     6  stm32f10x_adc.o(.text)
    ADC_AnalogWatchdogSingleChannelConfig    0x080012e3   Thumb Code    12  stm32f10x_adc.o(.text)
    ADC_TempSensorVrefintCmd                 0x080012ef   Thumb Code    28  stm32f10x_adc.o(.text)
    ADC_GetFlagStatus                        0x0800130b   Thumb Code    14  stm32f10x_adc.o(.text)
    ADC_ClearFlag                            0x08001319   Thumb Code     6  stm32f10x_adc.o(.text)
    ADC_GetITStatus                          0x0800131f   Thumb Code    28  stm32f10x_adc.o(.text)
    ADC_ClearITPendingBit                    0x0800133b   Thumb Code     8  stm32f10x_adc.o(.text)
    FLASH_SetLatency                         0x08001359   Thumb Code    18  stm32f10x_flash.o(.text)
    FLASH_HalfCycleAccessCmd                 0x0800136b   Thumb Code    18  stm32f10x_flash.o(.text)
    FLASH_PrefetchBufferCmd                  0x0800137d   Thumb Code    18  stm32f10x_flash.o(.text)
    NVIC_DeInit                              0x08001395   Thumb Code    40  stm32f10x_nvic.o(.text)
    NVIC_SCBDeInit                           0x080013bd   Thumb Code    72  stm32f10x_nvic.o(.text)
    NVIC_PriorityGroupConfig                 0x08001405   Thumb Code    12  stm32f10x_nvic.o(.text)
    NVIC_Init                                0x08001411   Thumb Code   122  stm32f10x_nvic.o(.text)
    NVIC_StructInit                          0x0800148b   Thumb Code    12  stm32f10x_nvic.o(.text)
    NVIC_GetCurrentPendingIRQChannel         0x08001497   Thumb Code    10  stm32f10x_nvic.o(.text)
    NVIC_GetIRQChannelPendingBitStatus       0x080014a1   Thumb Code    32  stm32f10x_nvic.o(.text)
    NVIC_SetIRQChannelPendingBit             0x080014c1   Thumb Code     6  stm32f10x_nvic.o(.text)
    NVIC_ClearIRQChannelPendingBit           0x080014c7   Thumb Code    22  stm32f10x_nvic.o(.text)
    NVIC_GetCurrentActiveHandler             0x080014dd   Thumb Code    10  stm32f10x_nvic.o(.text)
    NVIC_GetIRQChannelActiveBitStatus        0x080014e7   Thumb Code    32  stm32f10x_nvic.o(.text)
    NVIC_GetCPUID                            0x08001507   Thumb Code     8  stm32f10x_nvic.o(.text)
    NVIC_SetVectorTable                      0x0800150f   Thumb Code    14  stm32f10x_nvic.o(.text)
    NVIC_GenerateSystemReset                 0x0800151d   Thumb Code    12  stm32f10x_nvic.o(.text)
    NVIC_GenerateCoreReset                   0x08001529   Thumb Code    12  stm32f10x_nvic.o(.text)
    NVIC_SystemLPConfig                      0x08001535   Thumb Code    24  stm32f10x_nvic.o(.text)
    NVIC_SystemHandlerConfig                 0x0800154d   Thumb Code    32  stm32f10x_nvic.o(.text)
    NVIC_SystemHandlerPriorityConfig         0x0800156d   Thumb Code    76  stm32f10x_nvic.o(.text)
    NVIC_GetSystemHandlerPendingBitStatus    0x080015b9   Thumb Code    30  stm32f10x_nvic.o(.text)
    NVIC_SetSystemHandlerPendingBit          0x080015d7   Thumb Code    18  stm32f10x_nvic.o(.text)
    NVIC_ClearSystemHandlerPendingBit        0x080015e9   Thumb Code    20  stm32f10x_nvic.o(.text)
    NVIC_GetSystemHandlerActiveBitStatus     0x080015fd   Thumb Code    28  stm32f10x_nvic.o(.text)
    NVIC_GetFaultHandlerSources              0x08001619   Thumb Code    56  stm32f10x_nvic.o(.text)
    NVIC_GetFaultAddress                     0x08001651   Thumb Code    24  stm32f10x_nvic.o(.text)
    CPU_IntDis                               0x0800167d   Thumb Code     0  cpu_a.o(.text)
    CPU_IntEn                                0x08001681   Thumb Code     0  cpu_a.o(.text)
    CPU_SR_Save                              0x08001685   Thumb Code     0  cpu_a.o(.text)
    CPU_SR_Restore                           0x0800168d   Thumb Code     0  cpu_a.o(.text)
    CPU_CntLeadZeros                         0x08001693   Thumb Code     0  cpu_a.o(.text)
    CPU_RevBits                              0x08001699   Thumb Code     0  cpu_a.o(.text)
    CPU_WaitForInt                           0x0800169f   Thumb Code     0  cpu_a.o(.text)
    CPU_WaitForExcept                        0x080016a3   Thumb Code     0  cpu_a.o(.text)
    CPU_BitBandClr                           0x080016a9   Thumb Code    52  cpu_c.o(.text)
    CPU_BitBandSet                           0x080016dd   Thumb Code    52  cpu_c.o(.text)
    CPU_IntSrcDis                            0x08001711   Thumb Code   172  cpu_c.o(.text)
    CPU_IntSrcEn                             0x080017bd   Thumb Code   172  cpu_c.o(.text)
    CPU_IntSrcPrioSet                        0x08001869   Thumb Code   294  cpu_c.o(.text)
    CPU_IntSrcPrioGet                        0x0800198f   Thumb Code   236  cpu_c.o(.text)
    OS_StrCopy                               0x08001a85   Thumb Code    28  os_core.o(.text)
    OSEventNameGet                           0x08001aa1   Thumb Code    86  os_core.o(.text)
    OS_StrLen                                0x08001af7   Thumb Code    20  os_core.o(.text)
    OSEventNameSet                           0x08001b0b   Thumb Code    98  os_core.o(.text)
    OS_EventTaskRemoveMulti                  0x08001b6d   Thumb Code    40  os_core.o(.text)
    OS_Sched                                 0x08001bad   Thumb Code    64  os_core.o(.text)
    OS_EventTaskWaitMulti                    0x08001bed   Thumb Code    90  os_core.o(.text)
    OSEventPendMulti                         0x08001c47   Thumb Code   430  os_core.o(.text)
    OS_TaskStatStkChk                        0x08001df5   Thumb Code    50  os_core.o(.text)
    OS_TaskStat                              0x08001e27   Thumb Code    82  os_core.o(.text)
    OS_TaskIdle                              0x08001ed3   Thumb Code    22  os_core.o(.text)
    OS_MemClr                                0x08001f1b   Thumb Code    18  os_core.o(.text)
    OSInit                                   0x08001ff7   Thumb Code    42  os_core.o(.text)
    OSIntEnter                               0x08002021   Thumb Code    20  os_core.o(.text)
    OSIntExit                                0x08002035   Thumb Code    82  os_core.o(.text)
    OSSchedLock                              0x08002087   Thumb Code    38  os_core.o(.text)
    OSSchedUnlock                            0x080020ad   Thumb Code    66  os_core.o(.text)
    OSStart                                  0x080020ef   Thumb Code    40  os_core.o(.text)
    OSStatInit                               0x08002117   Thumb Code    48  os_core.o(.text)
    OSTimeTick                               0x08002147   Thumb Code   172  os_core.o(.text)
    OSVersion                                0x080021f3   Thumb Code     6  os_core.o(.text)
    OS_Dummy                                 0x080021f9   Thumb Code     2  os_core.o(.text)
    OS_EventTaskRemove                       0x080021fb   Thumb Code    34  os_core.o(.text)
    OS_EventTaskRdy                          0x0800221d   Thumb Code   102  os_core.o(.text)
    OS_EventTaskWait                         0x08002283   Thumb Code   106  os_core.o(.text)
    OS_EventWaitListInit                     0x080022ed   Thumb Code    22  os_core.o(.text)
    OS_MemCopy                               0x08002303   Thumb Code    20  os_core.o(.text)
    OS_TCBInit                               0x08002317   Thumb Code   214  os_core.o(.text)
    OSFlagAccept                             0x080023f5   Thumb Code   202  os_flag.o(.text)
    OSFlagCreate                             0x080024bf   Thumb Code    72  os_flag.o(.text)
    OS_FlagUnlink                            0x08002507   Thumb Code    34  os_flag.o(.text)
    OSFlagDel                                0x0800256f   Thumb Code   212  os_flag.o(.text)
    OSFlagNameGet                            0x08002643   Thumb Code    78  os_flag.o(.text)
    OSFlagNameSet                            0x08002691   Thumb Code    92  os_flag.o(.text)
    OSFlagPend                               0x08002745   Thumb Code   568  os_flag.o(.text)
    OSFlagPendGetFlagsRdy                    0x0800297d   Thumb Code    20  os_flag.o(.text)
    OSFlagPost                               0x08002991   Thumb Code   232  os_flag.o(.text)
    OSFlagQuery                              0x08002a79   Thumb Code    38  os_flag.o(.text)
    OS_FlagInit                              0x08002a9f   Thumb Code    58  os_flag.o(.text)
    OSTaskChangePrio                         0x08002ae5   Thumb Code   318  os_task.o(.text)
    OSTaskCreate                             0x08002c23   Thumb Code   124  os_task.o(.text)
    OS_TaskStkClr                            0x08002c9f   Thumb Code    22  os_task.o(.text)
    OSTaskCreateExt                          0x08002cb5   Thumb Code   144  os_task.o(.text)
    OSTaskDel                                0x08002d45   Thumb Code   290  os_task.o(.text)
    OSTaskDelReq                             0x08002e67   Thumb Code    82  os_task.o(.text)
    OSTaskNameGet                            0x08002eb9   Thumb Code   148  os_task.o(.text)
    OSTaskNameSet                            0x08002f4d   Thumb Code   126  os_task.o(.text)
    OSTaskResume                             0x08002fcb   Thumb Code   122  os_task.o(.text)
    OSTaskStkChk                             0x08003045   Thumb Code   106  os_task.o(.text)
    OSTaskSuspend                            0x080030af   Thumb Code   134  os_task.o(.text)
    OSTaskQuery                              0x08003135   Thumb Code    74  os_task.o(.text)
    OSTimeDly                                0x08003199   Thumb Code    70  os_time.o(.text)
    OSTimeDlyHMSM                            0x080031df   Thumb Code    90  os_time.o(.text)
    OSTimeDlyResume                          0x08003239   Thumb Code   140  os_time.o(.text)
    OSTimeGet                                0x080032c5   Thumb Code    18  os_time.o(.text)
    OSTimeSet                                0x080032d7   Thumb Code    20  os_time.o(.text)
    OS_CPU_SR_Save                           0x08003305   Thumb Code     0  os_cpu_a.o(.text)
    OS_CPU_SR_Restore                        0x0800330d   Thumb Code     0  os_cpu_a.o(.text)
    OSStartHighRdy                           0x08003313   Thumb Code     0  os_cpu_a.o(.text)
    OSCtxSw                                  0x08003333   Thumb Code     0  os_cpu_a.o(.text)
    OSIntCtxSw                               0x0800333d   Thumb Code     0  os_cpu_a.o(.text)
    OS_CPU_PendSVHandler                     0x08003347   Thumb Code     0  os_cpu_a.o(.text)
    OSInitHookBegin                          0x080033a9   Thumb Code     2  os_cpu_c.o(.text)
    OSInitHookEnd                            0x080033ab   Thumb Code     2  os_cpu_c.o(.text)
    OSTaskCreateHook                         0x080033ad   Thumb Code     4  os_cpu_c.o(.text)
    OSTaskDelHook                            0x080033b1   Thumb Code     4  os_cpu_c.o(.text)
    OSTaskIdleHook                           0x080033b5   Thumb Code     4  os_cpu_c.o(.text)
    OSTaskStatHook                           0x080033b9   Thumb Code     4  os_cpu_c.o(.text)
    OSTaskStkInit                            0x080033bd   Thumb Code    90  os_cpu_c.o(.text)
    OSTaskSwHook                             0x08003417   Thumb Code     4  os_cpu_c.o(.text)
    OSTCBInitHook                            0x0800341b   Thumb Code     4  os_cpu_c.o(.text)
    OSTimeTickHook                           0x0800341f   Thumb Code     2  os_cpu_c.o(.text)
    OS_CPU_SysTickHandler                    0x08003421   Thumb Code    30  os_cpu_c.o(.text)
    OS_CPU_SysTickInit                       0x0800343f   Thumb Code    40  os_cpu_c.o(.text)
    exit                                     0x0800346d   Thumb Code    12  exit.o(.text)
    __I$use$semihosting                      0x08003479   Thumb Code     0  use_no_semi.o(.text)
    __use_no_semihosting_swi                 0x08003479   Thumb Code     2  use_no_semi.o(.text)
    __semihosting_library_function           0x0800347b   Thumb Code     0  indicate_semi.o(.text)
    _sys_exit                                0x0800347d   Thumb Code     8  sys_exit.o(.text)
    ResetHndlr                               0x08003489   Thumb Code     0  init.o(INIT)
    OSUnMapTbl                               0x080034a4   Data         256  os_core.o(.constdata)
    Region$$Table$$Base                      0x080035a4   Number         0  anon$$obj.o(Region$$Table)
    Region$$Table$$Limit                     0x080035c4   Number         0  anon$$obj.o(Region$$Table)
    OSCPUUsage                               0x20000008   Data           1  os_core.o(.data)
    OSStatRdy                                0x20000009   Data           1  os_core.o(.data)
    OSIntNesting                             0x2000000a   Data           1  os_core.o(.data)
    OSLockNesting                            0x2000000b   Data           1  os_core.o(.data)
    OSPrioCur                                0x2000000c   Data           1  os_core.o(.data)
    OSPrioHighRdy                            0x2000000d   Data           1  os_core.o(.data)
    OSRdyGrp                                 0x2000000e   Data           1  os_core.o(.data)
    OSRunning                                0x2000000f   Data           1  os_core.o(.data)
    OSTaskCtr                                0x20000010   Data           1  os_core.o(.data)
    OSTickStepState                          0x20000011   Data           1  os_core.o(.data)
    OSCtxSwCtr                               0x20000014   Data           4  os_core.o(.data)
    OSEventFreeList                          0x20000018   Data           4  os_core.o(.data)
    OSIdleCtrMax                             0x2000001c   Data           4  os_core.o(.data)
    OSIdleCtrRun                             0x20000020   Data           4  os_core.o(.data)
    OSRdyTbl                                 0x20000024   Data           4  os_core.o(.data)
    OSIdleCtr                                0x20000028   Data           4  os_core.o(.data)
    OSTCBCur                                 0x2000002c   Data           4  os_core.o(.data)
    OSTCBFreeList                            0x20000030   Data           4  os_core.o(.data)
    OSTCBHighRdy                             0x20000034   Data           4  os_core.o(.data)
    OSTCBList                                0x20000038   Data           4  os_core.o(.data)
    OSTime                                   0x2000003c   Data           4  os_core.o(.data)
    OSFlagFreeList                           0x20000040   Data           4  os_core.o(.data)
    OSEventTbl                               0x200002ec   Data         320  os_core.o(.bss)
    OSTaskStatStk                            0x2000042c   Data         512  os_core.o(.bss)
    OSTaskIdleStk                            0x2000062c   Data         512  os_core.o(.bss)
    OSTCBPrioTbl                             0x2000082c   Data         128  os_core.o(.bss)
    OSTCBTbl                                 0x200008ac   Data        2024  os_core.o(.bss)
    OSFlagTbl                                0x20001094   Data         140  os_core.o(.bss)
    Image$$ARM_LIB_HEAP$$ZI$$Base            0x20004700   Number         0  anon$$obj.o ABSOLUTE
    Image$$ARM_LIB_HEAP$$ZI$$Limit           0x20004900   Number         0  anon$$obj.o ABSOLUTE
    Image$$ARM_LIB_STACK$$ZI$$Limit          0x20004b00   Number         0  anon$$obj.o ABSOLUTE



==============================================================================

Memory Map of the image

  Image Entry point : 0x08003489

  Load Region LR_IROM1 (Base: 0x08000000, Size: 0x00003608, Max: 0x00020000, ABSOLUTE)

    Execution Region ER_IROM1 (Base: 0x08000000, Size: 0x000035c4, Max: 0x08020000, ABSOLUTE)

    Base Addr    Size         Type   Attr      Idx    E Section Name        Object

    0x08000000   0x000000f8   Code   RO            3  * VECT                vectors.o
    0x080000f8   0x00000008   Code   RO          531  * !!!main             c_w.l(__main.o)
    0x08000100   0x00000034   Code   RO          696    !!!scatter          c_w.l(__scatter.o)
    0x08000134   0x0000001a   Code   RO          698    !!handler_copy      c_w.l(__scatter_copy.o)
    0x0800014e   0x00000002   PAD
    0x08000150   0x0000001c   Code   RO          700    !!handler_zi        c_w.l(__scatter_zi.o)
    0x0800016c   0x00000002   Code   RO          563    .ARM.Collect$$libinit$$00000000  c_w.l(libinit.o)
    0x0800016e   0x00000000   Code   RO          572    .ARM.Collect$$libinit$$00000002  c_w.l(libinit2.o)
    0x0800016e   0x00000000   Code   RO          575    .ARM.Collect$$libinit$$00000008  c_w.l(libinit2.o)
    0x0800016e   0x00000000   Code   RO          577    .ARM.Collect$$libinit$$0000000A  c_w.l(libinit2.o)
    0x0800016e   0x00000000   Code   RO          579    .ARM.Collect$$libinit$$0000000C  c_w.l(libinit2.o)
    0x0800016e   0x00000000   Code   RO          582    .ARM.Collect$$libinit$$0000000F  c_w.l(libinit2.o)
    0x0800016e   0x00000000   Code   RO          584    .ARM.Collect$$libinit$$00000011  c_w.l(libinit2.o)
    0x0800016e   0x00000000   Code   RO          586    .ARM.Collect$$libinit$$00000013  c_w.l(libinit2.o)
    0x0800016e   0x00000000   Code   RO          588    .ARM.Collect$$libinit$$00000015  c_w.l(libinit2.o)
    0x0800016e   0x00000000   Code   RO          590    .ARM.Collect$$libinit$$00000017  c_w.l(libinit2.o)
    0x0800016e   0x00000000   Code   RO          592    .ARM.Collect$$libinit$$00000019  c_w.l(libinit2.o)
    0x0800016e   0x00000000   Code   RO          594    .ARM.Collect$$libinit$$0000001B  c_w.l(libinit2.o)
    0x0800016e   0x00000000   Code   RO          596    .ARM.Collect$$libinit$$0000001D  c_w.l(libinit2.o)
    0x0800016e   0x00000000   Code   RO          598    .ARM.Collect$$libinit$$0000001F  c_w.l(libinit2.o)
    0x0800016e   0x00000000   Code   RO          600    .ARM.Collect$$libinit$$00000021  c_w.l(libinit2.o)
    0x0800016e   0x00000000   Code   RO          602    .ARM.Collect$$libinit$$00000023  c_w.l(libinit2.o)
    0x0800016e   0x00000000   Code   RO          606    .ARM.Collect$$libinit$$0000002A  c_w.l(libinit2.o)
    0x0800016e   0x00000000   Code   RO          608    .ARM.Collect$$libinit$$0000002C  c_w.l(libinit2.o)
    0x0800016e   0x00000000   Code   RO          610    .ARM.Collect$$libinit$$0000002E  c_w.l(libinit2.o)
    0x0800016e   0x00000000   Code   RO          612    .ARM.Collect$$libinit$$00000030  c_w.l(libinit2.o)
    0x0800016e   0x00000002   Code   RO          613    .ARM.Collect$$libinit$$00000031  c_w.l(libinit2.o)
    0x08000170   0x00000002   Code   RO          640    .ARM.Collect$$libshutdown$$00000000  c_w.l(libshutdown.o)
    0x08000172   0x00000000   Code   RO          651    .ARM.Collect$$libshutdown$$00000003  c_w.l(libshutdown2.o)
    0x08000172   0x00000000   Code   RO          654    .ARM.Collect$$libshutdown$$00000006  c_w.l(libshutdown2.o)
    0x08000172   0x00000000   Code   RO          657    .ARM.Collect$$libshutdown$$00000009  c_w.l(libshutdown2.o)
    0x08000172   0x00000000   Code   RO          659    .ARM.Collect$$libshutdown$$0000000B  c_w.l(libshutdown2.o)
    0x08000172   0x00000000   Code   RO          662    .ARM.Collect$$libshutdown$$0000000E  c_w.l(libshutdown2.o)
    0x08000172   0x00000002   Code   RO          663    .ARM.Collect$$libshutdown$$0000000F  c_w.l(libshutdown2.o)
    0x08000174   0x00000000   Code   RO          533    .ARM.Collect$$rtentry$$00000000  c_w.l(rtentry.o)
    0x08000174   0x00000000   Code   RO          535    .ARM.Collect$$rtentry$$00000002  c_w.l(rtentry2.o)
    0x08000174   0x00000004   Code   RO          549    .ARM.Collect$$rtentry$$00000007  c_w.l(rtentry7.o)
    0x08000178   0x00000000   Code   RO          537    .ARM.Collect$$rtentry$$00000009  c_w.l(rtentry2.o)
    0x08000178   0x00000004   Code   RO          538    .ARM.Collect$$rtentry$$0000000A  c_w.l(rtentry2.o)
    0x0800017c   0x00000000   Code   RO          540    .ARM.Collect$$rtentry$$0000000C  c_w.l(rtentry2.o)
    0x0800017c   0x00000008   Code   RO          541    .ARM.Collect$$rtentry$$0000000D  c_w.l(rtentry2.o)
    0x08000184   0x00000004   Code   RO          550    .ARM.Collect$$rtentry$$00002718  c_w.l(rtentry7.o)
    0x08000188   0x00000002   Code   RO          569    .ARM.Collect$$rtexit$$00000000  c_w.l(rtexit.o)
    0x0800018a   0x00000000   Code   RO          622    .ARM.Collect$$rtexit$$00000002  c_w.l(rtexit2.o)
    0x0800018a   0x00000004   Code   RO          623    .ARM.Collect$$rtexit$$00000003  c_w.l(rtexit2.o)
    0x0800018e   0x00000006   Code   RO          624    .ARM.Collect$$rtexit$$00000004  c_w.l(rtexit2.o)
    0x08000194   0x00000074   Code   RO            8    .text               main.o
    0x08000208   0x000003c8   Code   RO          137    .text               bsp.o
    0x080005d0   0x00000190   Code   RO          162    .text               bsp_int.o
    0x08000760   0x00000328   Code   RO          188    .text               stm32f10x_usart.o
    0x08000a88   0x0000026c   Code   RO          200    .text               stm32f10x_gpio.o
    0x08000cf4   0x000002f8   Code   RO          260    .text               stm32f10x_rcc.o
    0x08000fec   0x0000036c   Code   RO          275    .text               stm32f10x_adc.o
    0x08001358   0x0000003c   Code   RO          299    .text               stm32f10x_flash.o
    0x08001394   0x000002e8   Code   RO          332    .text               stm32f10x_nvic.o
    0x0800167c   0x0000002a   Code   RO          344    .text               cpu_a.o
    0x080016a6   0x00000002   PAD
    0x080016a8   0x000003dc   Code   RO          347    .text               cpu_c.o
    0x08001a84   0x00000970   Code   RO          359    .text               os_core.o
    0x080023f4   0x000006f0   Code   RO          381    .text               os_flag.o
    0x08002ae4   0x000006b4   Code   RO          435    .text               os_task.o
    0x08003198   0x0000016c   Code   RO          447    .text               os_time.o
    0x08003304   0x000000a4   Code   RO          465    .text               os_cpu_a.o
    0x080033a8   0x000000c4   Code   RO          468    .text               os_cpu_c.o
    0x0800346c   0x0000000c   Code   RO          556    .text               c_w.l(exit.o)
    0x08003478   0x00000002   Code   RO          618    .text               c_w.l(use_no_semi.o)
    0x0800347a   0x00000000   Code   RO          620    .text               c_w.l(indicate_semi.o)
    0x0800347a   0x00000002   PAD
    0x0800347c   0x0000000c   Code   RO          632    .text               c_w.l(sys_exit.o)
    0x08003488   0x00000008   Code   RO          159  * INIT                init.o
    0x08003490   0x00000014   Data   RO          261    .constdata          stm32f10x_rcc.o
    0x080034a4   0x00000100   Data   RO          362    .constdata          os_core.o
    0x080035a4   0x00000020   Data   RO          694    Region$$Table       anon$$obj.o


    Execution Region RW_IRAM1 (Base: 0x20000000, Size: 0x00001120, Max: 0x00004c00, ABSOLUTE)

    Base Addr    Size         Type   Attr      Idx    E Section Name        Object

    0x20000000   0x00000008   Data   RW          262    .data               stm32f10x_rcc.o
    0x20000008   0x00000038   Data   RW          363    .data               os_core.o
    0x20000040   0x00000004   Data   RW          364    .data               os_core.o
    0x20000044   0x00000200   Zero   RW            9    .bss                main.o
    0x20000244   0x000000a8   Zero   RW          163    .bss                bsp_int.o
    0x200002ec   0x00000da8   Zero   RW          360    .bss                os_core.o
    0x20001094   0x0000008c   Zero   RW          361    .bss                os_core.o


    Execution Region ARM_LIB_HEAP (Base: 0x20004700, Size: 0x00000200, Max: 0x00000200, ABSOLUTE)

    Base Addr    Size         Type   Attr      Idx    E Section Name        Object

    0x20004700   0x00000200   Zero   RW            1    ARM_LIB_HEAP.bss    anon$$obj.o


    Execution Region ARM_LIB_STACK (Base: 0x20004900, Size: 0x00000200, Max: 0x00000200, ABSOLUTE)

    Base Addr    Size         Type   Attr      Idx    E Section Name        Object

    0x20004900   0x00000200   Zero   RW            2    ARM_LIB_STACK.bss   anon$$obj.o


==============================================================================

Image component sizes


      Code (inc. data)   RO Data    RW Data    ZI Data      Debug   Object Name

       968         26          0          0          0       4817   bsp.o
       400         22          0          0        168       7312   bsp_int.o
        42          0          0          0          0        372   cpu_a.o
       988         74          0          0          0       4379   cpu_c.o
         8          4          0          0          0        264   init.o
       116         10          0          0        512      70552   main.o
      2416         82        256         60       3636      19784   os_core.o
       164         32          0          0          0        440   os_cpu_a.o
       196          6          0          0          0      12595   os_cpu_c.o
      1776         36          0          0          0       7956   os_flag.o
      1716         66          0          0          0       7509   os_task.o
       364         26          0          0          0       2018   os_time.o
       876         22          0          0          0      11501   stm32f10x_adc.o
        60          6          0          0          0        912   stm32f10x_flash.o
       620         18          0          0          0       5839   stm32f10x_gpio.o
       744         20          0          0          0       6937   stm32f10x_nvic.o
       760         38         20          8          0       9372   stm32f10x_rcc.o
       808         12          0          0          0       8411   stm32f10x_usart.o
       248        236          0          0          0        292   vectors.o

    ----------------------------------------------------------------------
     13272        736        308         68       5340     181262   Object Totals
         0          0         32          0       1024          0   (incl. Generated)
         2          0          0          0          0          0   (incl. Padding)

    ----------------------------------------------------------------------

      Code (inc. data)   RO Data    RW Data    ZI Data      Debug   Library Member Name

         8          0          0          0          0         68   __main.o
        52          8          0          0          0          0   __scatter.o
        26          0          0          0          0          0   __scatter_copy.o
        28          0          0          0          0          0   __scatter_zi.o
        12          0          0          0          0         72   exit.o
         0          0          0          0          0          0   indicate_semi.o
         2          0          0          0          0          0   libinit.o
         2          0          0          0          0          0   libinit2.o
         2          0          0          0          0          0   libshutdown.o
         2          0          0          0          0          0   libshutdown2.o
         0          0          0          0          0          0   rtentry.o
        12          0          0          0          0          0   rtentry2.o
         8          4          0          0          0          0   rtentry7.o
         2          0          0          0          0          0   rtexit.o
        10          0          0          0          0          0   rtexit2.o
        12          4          0          0          0         68   sys_exit.o
         2          0          0          0          0         68   use_no_semi.o

    ----------------------------------------------------------------------
       184         16          0          0          0        276   Library Totals
         4          0          0          0          0          0   (incl. Padding)

    ----------------------------------------------------------------------

      Code (inc. data)   RO Data    RW Data    ZI Data      Debug   Library Name

       180         16          0          0          0        276   c_w.l

    ----------------------------------------------------------------------
       184         16          0          0          0        276   Library Totals

    ----------------------------------------------------------------------

==============================================================================


      Code (inc. data)   RO Data    RW Data    ZI Data      Debug   

     13456        752        308         68       5340     179870   Grand Totals
     13456        752        308         68       5340     179870   ELF Image Totals
     13456        752        308         68          0          0   ROM Totals

==============================================================================

    Total RO  Size (Code + RO Data)                13764 (  13.44kB)
    Total RW  Size (RW Data + ZI Data)              5408 (   5.28kB)
    Total ROM Size (Code + RO Data + RW Data)      13832 (  13.51kB)

==============================================================================

