Component: ARM Compiler 5.05 update 2 (build 169) Tool: armlink [4d0f33]

==============================================================================

Section Cross References

    vectors.o(VECT) refers to init.o(INIT) for ResetHndlr
    vectors.o(VECT) refers to os_cpu_a.o(.text) for OS_CPU_PendSVHandler
    vectors.o(VECT) refers to os_cpu_c.o(.text) for OS_CPU_SysTickHandler
    vectors.o(VECT) refers to bsp_int.o(.text) for BSP_IntHandlerWWDG
    main.o(.text) refers to os_cpu_c.o(.text) for OS_CPU_SysTickInit
    main.o(.text) refers to os_core.o(.text) for OSStatInit
    main.o(.text) refers to bsp.o(.text) for BSP_LED_Off
    main.o(.text) refers to os_time.o(.text) for OSTimeDlyHMSM
    main.o(.text) refers to printfb.o(i.__0printf$bare) for __2printf
    main.o(.text) refers to os_task.o(.text) for OSTaskCreate
    main.o(.text) refers to bsp_int.o(.text) for BSP_IntDisAll
    main.o(.text) refers to main.o(.bss) for .bss
    bsp.o(.text) refers to stm32f10x_usart.o(.text) for USART_SendData
    bsp.o(.text) refers to stm32f10x_nvic.o(.text) for NVIC_SetVectorTable
    bsp.o(.text) refers to stm32f10x_rcc.o(.text) for RCC_APB1PeriphClockCmd
    bsp.o(.text) refers to stm32f10x_gpio.o(.text) for GPIO_StructInit
    bsp.o(.text) refers to stm32f10x_adc.o(.text) for ADC_Init
    bsp.o(.text) refers to stm32f10x_flash.o(.text) for FLASH_SetLatency
    init.o(INIT) refers to entry.o(.ARM.Collect$$$$00000000) for __main
    bsp_int.o(.text) refers to cpu_c.o(.text) for CPU_IntSrcDis
    bsp_int.o(.text) refers to cpu_a.o(.text) for CPU_IntDis
    bsp_int.o(.text) refers to stm32f10x_usart.o(.text) for USART_GetITStatus
    bsp_int.o(.text) refers to os_core.o(.text) for OSIntExit
    bsp_int.o(.text) refers to bsp_int.o(.bss) for .bss
    bsp_int.o(.text) refers to os_core.o(.data) for OSIntNesting
    bsp_periph.o(.text) refers to bsp.o(.text) for BSP_CPU_ClkFreq
    stm32f10x_usart.o(.text) refers to stm32f10x_rcc.o(.text) for RCC_APB1PeriphResetCmd
    stm32f10x_gpio.o(.text) refers to stm32f10x_rcc.o(.text) for RCC_APB2PeriphResetCmd
    stm32f10x_i2c.o(.text) refers to stm32f10x_rcc.o(.text) for RCC_APB1PeriphResetCmd
    stm32f10x_spi.o(.text) refers to stm32f10x_rcc.o(.text) for RCC_APB2PeriphResetCmd
    stm32f10x_rcc.o(.text) refers to stm32f10x_rcc.o(.data) for .data
    stm32f10x_rcc.o(.text) refers to stm32f10x_rcc.o(.constdata) for .constdata
    stm32f10x_adc.o(.text) refers to stm32f10x_rcc.o(.text) for RCC_APB2PeriphResetCmd
    stm32f10x_bkp.o(.text) refers to stm32f10x_rcc.o(.text) for RCC_BackupResetCmd
    stm32f10x_tim.o(.text) refers to stm32f10x_rcc.o(.text) for RCC_APB1PeriphResetCmd
    cpu_c.o(.text) refers to cpu_a.o(.text) for CPU_SR_Save
    os_core.o(.text) refers to os_cpu_a.o(.text) for OS_CPU_SR_Save
    os_core.o(.text) refers to os_task.o(.text) for OSTaskStkChk
    os_core.o(.text) refers to os_time.o(.text) for OSTimeDly
    os_core.o(.text) refers to os_cpu_c.o(.text) for OSTaskStatHook
    os_core.o(.text) refers to os_core.o(.data) for .data
    os_core.o(.text) refers to os_core.o(.constdata) for .constdata
    os_core.o(.text) refers to os_core.o(.bss) for .bss
    os_core.o(.text) refers to os_flag.o(.text) for OS_FlagInit
    os_flag.o(.text) refers to os_cpu_a.o(.text) for OS_CPU_SR_Save
    os_flag.o(.text) refers to os_core.o(.text) for OS_Sched
    os_flag.o(.text) refers to os_core.o(.data) for OSIntNesting
    os_flag.o(.text) refers to os_core.o(.data) for OSFlagFreeList
    os_flag.o(.text) refers to os_core.o(.bss) for OSFlagTbl
    os_mbox.o(.text) refers to os_cpu_a.o(.text) for OS_CPU_SR_Save
    os_mbox.o(.text) refers to os_core.o(.text) for OS_EventWaitListInit
    os_mbox.o(.text) refers to os_core.o(.data) for OSIntNesting
    os_sem.o(.text) refers to os_cpu_a.o(.text) for OS_CPU_SR_Save
    os_sem.o(.text) refers to os_core.o(.text) for OS_EventWaitListInit
    os_sem.o(.text) refers to os_core.o(.data) for OSIntNesting
    os_task.o(.text) refers to os_cpu_a.o(.text) for OS_CPU_SR_Save
    os_task.o(.text) refers to os_core.o(.text) for OS_Sched
    os_task.o(.text) refers to os_cpu_c.o(.text) for OSTaskStkInit
    os_task.o(.text) refers to os_flag.o(.text) for OS_FlagUnlink
    os_task.o(.text) refers to os_core.o(.bss) for OSTCBPrioTbl
    os_task.o(.text) refers to os_core.o(.data) for OSTCBCur
    os_time.o(.text) refers to os_cpu_a.o(.text) for OS_CPU_SR_Save
    os_time.o(.text) refers to os_core.o(.text) for OS_Sched
    os_time.o(.text) refers to os_core.o(.data) for OSIntNesting
    os_time.o(.text) refers to os_core.o(.bss) for OSTCBPrioTbl
    os_cpu_a.o(.text) refers to os_core.o(.data) for OSRunning
    os_cpu_a.o(.text) refers to os_cpu_c.o(.text) for OSTaskSwHook
    os_cpu_c.o(.text) refers to main.o(.text) for App_TaskCreateHook
    os_cpu_c.o(.text) refers to os_cpu_a.o(.text) for OS_CPU_SR_Save
    os_cpu_c.o(.text) refers to os_core.o(.text) for OSTimeTick
    os_cpu_c.o(.text) refers to bsp.o(.text) for OS_CPU_SysTickClkFreq
    os_cpu_c.o(.text) refers to os_core.o(.data) for OSIntNesting
    entry.o(.ARM.Collect$$$$00000000) refers (Special) to entry10a.o(.ARM.Collect$$$$0000000D) for __rt_final_cpp
    entry.o(.ARM.Collect$$$$00000000) refers (Special) to entry11a.o(.ARM.Collect$$$$0000000F) for __rt_final_exit
    entry.o(.ARM.Collect$$$$00000000) refers (Special) to entry7b.o(.ARM.Collect$$$$00000008) for _main_clock
    entry.o(.ARM.Collect$$$$00000000) refers (Special) to entry8b.o(.ARM.Collect$$$$0000000A) for _main_cpp_init
    entry.o(.ARM.Collect$$$$00000000) refers (Special) to entry9a.o(.ARM.Collect$$$$0000000B) for _main_init
    entry.o(.ARM.Collect$$$$00000000) refers (Special) to entry5.o(.ARM.Collect$$$$00000004) for _main_scatterload
    entry.o(.ARM.Collect$$$$00000000) refers (Special) to entry4.o(.ARM.Collect$$$$00000003) for _main_stk
    printfb.o(i.__0fprintf$bare) refers to printfb.o(i._printf_core) for _printf_core
    printfb.o(i.__0fprintf$bare) refers to bsp.o(.text) for fputc
    printfb.o(i.__0printf$bare) refers to printfb.o(i._printf_core) for _printf_core
    printfb.o(i.__0printf$bare) refers to bsp.o(.text) for fputc
    printfb.o(i.__0printf$bare) refers to stdout.o(.data) for __stdout
    printfb.o(i.__0snprintf$bare) refers to printfb.o(i._printf_core) for _printf_core
    printfb.o(i.__0snprintf$bare) refers to printfb.o(i._snputc) for _snputc
    printfb.o(i.__0sprintf$bare) refers to printfb.o(i._printf_core) for _printf_core
    printfb.o(i.__0sprintf$bare) refers to printfb.o(i._sputc) for _sputc
    printfb.o(i.__0vfprintf$bare) refers to printfb.o(i._printf_core) for _printf_core
    printfb.o(i.__0vfprintf$bare) refers to bsp.o(.text) for fputc
    printfb.o(i.__0vprintf$bare) refers to printfb.o(i._printf_core) for _printf_core
    printfb.o(i.__0vprintf$bare) refers to bsp.o(.text) for fputc
    printfb.o(i.__0vprintf$bare) refers to stdout.o(.data) for __stdout
    printfb.o(i.__0vsnprintf$bare) refers to printfb.o(i._printf_core) for _printf_core
    printfb.o(i.__0vsnprintf$bare) refers to printfb.o(i._snputc) for _snputc
    printfb.o(i.__0vsprintf$bare) refers to printfb.o(i._printf_core) for _printf_core
    printfb.o(i.__0vsprintf$bare) refers to printfb.o(i._sputc) for _sputc
    printf0.o(i.__0fprintf$0) refers to printf0.o(i._printf_core) for _printf_core
    printf0.o(i.__0fprintf$0) refers to bsp.o(.text) for fputc
    printf0.o(i.__0printf$0) refers to printf0.o(i._printf_core) for _printf_core
    printf0.o(i.__0printf$0) refers to bsp.o(.text) for fputc
    printf0.o(i.__0printf$0) refers to stdout.o(.data) for __stdout
    printf0.o(i.__0snprintf$0) refers to printf0.o(i._printf_core) for _printf_core
    printf0.o(i.__0snprintf$0) refers to printf0.o(i._snputc) for _snputc
    printf0.o(i.__0sprintf$0) refers to printf0.o(i._printf_core) for _printf_core
    printf0.o(i.__0sprintf$0) refers to printf0.o(i._sputc) for _sputc
    printf0.o(i.__0vfprintf$0) refers to printf0.o(i._printf_core) for _printf_core
    printf0.o(i.__0vfprintf$0) refers to bsp.o(.text) for fputc
    printf0.o(i.__0vprintf$0) refers to printf0.o(i._printf_core) for _printf_core
    printf0.o(i.__0vprintf$0) refers to bsp.o(.text) for fputc
    printf0.o(i.__0vprintf$0) refers to stdout.o(.data) for __stdout
    printf0.o(i.__0vsnprintf$0) refers to printf0.o(i._printf_core) for _printf_core
    printf0.o(i.__0vsnprintf$0) refers to printf0.o(i._snputc) for _snputc
    printf0.o(i.__0vsprintf$0) refers to printf0.o(i._printf_core) for _printf_core
    printf0.o(i.__0vsprintf$0) refers to printf0.o(i._sputc) for _sputc
    printf1.o(i.__0fprintf$1) refers to printf1.o(i._printf_core) for _printf_core
    printf1.o(i.__0fprintf$1) refers to bsp.o(.text) for fputc
    printf1.o(i.__0printf$1) refers to printf1.o(i._printf_core) for _printf_core
    printf1.o(i.__0printf$1) refers to bsp.o(.text) for fputc
    printf1.o(i.__0printf$1) refers to stdout.o(.data) for __stdout
    printf1.o(i.__0snprintf$1) refers to printf1.o(i._printf_core) for _printf_core
    printf1.o(i.__0snprintf$1) refers to printf1.o(i._snputc) for _snputc
    printf1.o(i.__0sprintf$1) refers to printf1.o(i._printf_core) for _printf_core
    printf1.o(i.__0sprintf$1) refers to printf1.o(i._sputc) for _sputc
    printf1.o(i.__0vfprintf$1) refers to printf1.o(i._printf_core) for _printf_core
    printf1.o(i.__0vfprintf$1) refers to bsp.o(.text) for fputc
    printf1.o(i.__0vprintf$1) refers to printf1.o(i._printf_core) for _printf_core
    printf1.o(i.__0vprintf$1) refers to bsp.o(.text) for fputc
    printf1.o(i.__0vprintf$1) refers to stdout.o(.data) for __stdout
    printf1.o(i.__0vsnprintf$1) refers to printf1.o(i._printf_core) for _printf_core
    printf1.o(i.__0vsnprintf$1) refers to printf1.o(i._snputc) for _snputc
    printf1.o(i.__0vsprintf$1) refers to printf1.o(i._printf_core) for _printf_core
    printf1.o(i.__0vsprintf$1) refers to printf1.o(i._sputc) for _sputc
    printf1.o(i._printf_core) refers to uidiv.o(.text) for __aeabi_uidivmod
    printf2.o(i.__0fprintf$2) refers to printf2.o(i._printf_core) for _printf_core
    printf2.o(i.__0fprintf$2) refers to bsp.o(.text) for fputc
    printf2.o(i.__0printf$2) refers to printf2.o(i._printf_core) for _printf_core
    printf2.o(i.__0printf$2) refers to bsp.o(.text) for fputc
    printf2.o(i.__0printf$2) refers to stdout.o(.data) for __stdout
    printf2.o(i.__0snprintf$2) refers to printf2.o(i._printf_core) for _printf_core
    printf2.o(i.__0snprintf$2) refers to printf2.o(i._snputc) for _snputc
    printf2.o(i.__0sprintf$2) refers to printf2.o(i._printf_core) for _printf_core
    printf2.o(i.__0sprintf$2) refers to printf2.o(i._sputc) for _sputc
    printf2.o(i.__0vfprintf$2) refers to printf2.o(i._printf_core) for _printf_core
    printf2.o(i.__0vfprintf$2) refers to bsp.o(.text) for fputc
    printf2.o(i.__0vprintf$2) refers to printf2.o(i._printf_core) for _printf_core
    printf2.o(i.__0vprintf$2) refers to bsp.o(.text) for fputc
    printf2.o(i.__0vprintf$2) refers to stdout.o(.data) for __stdout
    printf2.o(i.__0vsnprintf$2) refers to printf2.o(i._printf_core) for _printf_core
    printf2.o(i.__0vsnprintf$2) refers to printf2.o(i._snputc) for _snputc
    printf2.o(i.__0vsprintf$2) refers to printf2.o(i._printf_core) for _printf_core
    printf2.o(i.__0vsprintf$2) refers to printf2.o(i._sputc) for _sputc
    printf3.o(i.__0fprintf$3) refers to printf3.o(i._printf_core) for _printf_core
    printf3.o(i.__0fprintf$3) refers to bsp.o(.text) for fputc
    printf3.o(i.__0printf$3) refers to printf3.o(i._printf_core) for _printf_core
    printf3.o(i.__0printf$3) refers to bsp.o(.text) for fputc
    printf3.o(i.__0printf$3) refers to stdout.o(.data) for __stdout
    printf3.o(i.__0snprintf$3) refers to printf3.o(i._printf_core) for _printf_core
    printf3.o(i.__0snprintf$3) refers to printf3.o(i._snputc) for _snputc
    printf3.o(i.__0sprintf$3) refers to printf3.o(i._printf_core) for _printf_core
    printf3.o(i.__0sprintf$3) refers to printf3.o(i._sputc) for _sputc
    printf3.o(i.__0vfprintf$3) refers to printf3.o(i._printf_core) for _printf_core
    printf3.o(i.__0vfprintf$3) refers to bsp.o(.text) for fputc
    printf3.o(i.__0vprintf$3) refers to printf3.o(i._printf_core) for _printf_core
    printf3.o(i.__0vprintf$3) refers to bsp.o(.text) for fputc
    printf3.o(i.__0vprintf$3) refers to stdout.o(.data) for __stdout
    printf3.o(i.__0vsnprintf$3) refers to printf3.o(i._printf_core) for _printf_core
    printf3.o(i.__0vsnprintf$3) refers to printf3.o(i._snputc) for _snputc
    printf3.o(i.__0vsprintf$3) refers to printf3.o(i._printf_core) for _printf_core
    printf3.o(i.__0vsprintf$3) refers to printf3.o(i._sputc) for _sputc
    printf3.o(i._printf_core) refers to uidiv.o(.text) for __aeabi_uidivmod
    printf4.o(i.__0fprintf$4) refers to printf4.o(i._printf_core) for _printf_core
    printf4.o(i.__0fprintf$4) refers to bsp.o(.text) for fputc
    printf4.o(i.__0printf$4) refers to printf4.o(i._printf_core) for _printf_core
    printf4.o(i.__0printf$4) refers to bsp.o(.text) for fputc
    printf4.o(i.__0printf$4) refers to stdout.o(.data) for __stdout
    printf4.o(i.__0snprintf$4) refers to printf4.o(i._printf_core) for _printf_core
    printf4.o(i.__0snprintf$4) refers to printf4.o(i._snputc) for _snputc
    printf4.o(i.__0sprintf$4) refers to printf4.o(i._printf_core) for _printf_core
    printf4.o(i.__0sprintf$4) refers to printf4.o(i._sputc) for _sputc
    printf4.o(i.__0vfprintf$4) refers to printf4.o(i._printf_core) for _printf_core
    printf4.o(i.__0vfprintf$4) refers to bsp.o(.text) for fputc
    printf4.o(i.__0vprintf$4) refers to printf4.o(i._printf_core) for _printf_core
    printf4.o(i.__0vprintf$4) refers to bsp.o(.text) for fputc
    printf4.o(i.__0vprintf$4) refers to stdout.o(.data) for __stdout
    printf4.o(i.__0vsnprintf$4) refers to printf4.o(i._printf_core) for _printf_core
    printf4.o(i.__0vsnprintf$4) refers to printf4.o(i._snputc) for _snputc
    printf4.o(i.__0vsprintf$4) refers to printf4.o(i._printf_core) for _printf_core
    printf4.o(i.__0vsprintf$4) refers to printf4.o(i._sputc) for _sputc
    printf4.o(i._printf_core) refers to uldiv.o(.text) for __aeabi_uldivmod
    printf5.o(i.__0fprintf$5) refers to printf5.o(i._printf_core) for _printf_core
    printf5.o(i.__0fprintf$5) refers to bsp.o(.text) for fputc
    printf5.o(i.__0printf$5) refers to printf5.o(i._printf_core) for _printf_core
    printf5.o(i.__0printf$5) refers to bsp.o(.text) for fputc
    printf5.o(i.__0printf$5) refers to stdout.o(.data) for __stdout
    printf5.o(i.__0snprintf$5) refers to printf5.o(i._printf_core) for _printf_core
    printf5.o(i.__0snprintf$5) refers to printf5.o(i._snputc) for _snputc
    printf5.o(i.__0sprintf$5) refers to printf5.o(i._printf_core) for _printf_core
    printf5.o(i.__0sprintf$5) refers to printf5.o(i._sputc) for _sputc
    printf5.o(i.__0vfprintf$5) refers to printf5.o(i._printf_core) for _printf_core
    printf5.o(i.__0vfprintf$5) refers to bsp.o(.text) for fputc
    printf5.o(i.__0vprintf$5) refers to printf5.o(i._printf_core) for _printf_core
    printf5.o(i.__0vprintf$5) refers to bsp.o(.text) for fputc
    printf5.o(i.__0vprintf$5) refers to stdout.o(.data) for __stdout
    printf5.o(i.__0vsnprintf$5) refers to printf5.o(i._printf_core) for _printf_core
    printf5.o(i.__0vsnprintf$5) refers to printf5.o(i._snputc) for _snputc
    printf5.o(i.__0vsprintf$5) refers to printf5.o(i._printf_core) for _printf_core
    printf5.o(i.__0vsprintf$5) refers to printf5.o(i._sputc) for _sputc
    printf5.o(i._printf_core) refers to uldiv.o(.text) for __aeabi_uldivmod
    printf6.o(i.__0fprintf$6) refers to printf6.o(i._printf_core) for _printf_core
    printf6.o(i.__0fprintf$6) refers to bsp.o(.text) for fputc
    printf6.o(i.__0printf$6) refers to printf6.o(i._printf_core) for _printf_core
    printf6.o(i.__0printf$6) refers to bsp.o(.text) for fputc
    printf6.o(i.__0printf$6) refers to stdout.o(.data) for __stdout
    printf6.o(i.__0snprintf$6) refers to printf6.o(i._printf_core) for _printf_core
    printf6.o(i.__0snprintf$6) refers to printf6.o(i._snputc) for _snputc
    printf6.o(i.__0sprintf$6) refers to printf6.o(i._printf_core) for _printf_core
    printf6.o(i.__0sprintf$6) refers to printf6.o(i._sputc) for _sputc
    printf6.o(i.__0vfprintf$6) refers to printf6.o(i._printf_core) for _printf_core
    printf6.o(i.__0vfprintf$6) refers to bsp.o(.text) for fputc
    printf6.o(i.__0vprintf$6) refers to printf6.o(i._printf_core) for _printf_core
    printf6.o(i.__0vprintf$6) refers to bsp.o(.text) for fputc
    printf6.o(i.__0vprintf$6) refers to stdout.o(.data) for __stdout
    printf6.o(i.__0vsnprintf$6) refers to printf6.o(i._printf_core) for _printf_core
    printf6.o(i.__0vsnprintf$6) refers to printf6.o(i._snputc) for _snputc
    printf6.o(i.__0vsprintf$6) refers to printf6.o(i._printf_core) for _printf_core
    printf6.o(i.__0vsprintf$6) refers to printf6.o(i._sputc) for _sputc
    printf6.o(i._printf_core) refers to printf6.o(i._printf_pre_padding) for _printf_pre_padding
    printf6.o(i._printf_core) refers to uidiv.o(.text) for __aeabi_uidivmod
    printf6.o(i._printf_core) refers to printf6.o(i._printf_post_padding) for _printf_post_padding
    printf7.o(i.__0fprintf$7) refers to printf7.o(i._printf_core) for _printf_core
    printf7.o(i.__0fprintf$7) refers to bsp.o(.text) for fputc
    printf7.o(i.__0printf$7) refers to printf7.o(i._printf_core) for _printf_core
    printf7.o(i.__0printf$7) refers to bsp.o(.text) for fputc
    printf7.o(i.__0printf$7) refers to stdout.o(.data) for __stdout
    printf7.o(i.__0snprintf$7) refers to printf7.o(i._printf_core) for _printf_core
    printf7.o(i.__0snprintf$7) refers to printf7.o(i._snputc) for _snputc
    printf7.o(i.__0sprintf$7) refers to printf7.o(i._printf_core) for _printf_core
    printf7.o(i.__0sprintf$7) refers to printf7.o(i._sputc) for _sputc
    printf7.o(i.__0vfprintf$7) refers to printf7.o(i._printf_core) for _printf_core
    printf7.o(i.__0vfprintf$7) refers to bsp.o(.text) for fputc
    printf7.o(i.__0vprintf$7) refers to printf7.o(i._printf_core) for _printf_core
    printf7.o(i.__0vprintf$7) refers to bsp.o(.text) for fputc
    printf7.o(i.__0vprintf$7) refers to stdout.o(.data) for __stdout
    printf7.o(i.__0vsnprintf$7) refers to printf7.o(i._printf_core) for _printf_core
    printf7.o(i.__0vsnprintf$7) refers to printf7.o(i._snputc) for _snputc
    printf7.o(i.__0vsprintf$7) refers to printf7.o(i._printf_core) for _printf_core
    printf7.o(i.__0vsprintf$7) refers to printf7.o(i._sputc) for _sputc
    printf7.o(i._printf_core) refers to printf7.o(i._printf_pre_padding) for _printf_pre_padding
    printf7.o(i._printf_core) refers to uldiv.o(.text) for __aeabi_uldivmod
    printf7.o(i._printf_core) refers to printf7.o(i._printf_post_padding) for _printf_post_padding
    printf8.o(i.__0fprintf$8) refers to printf8.o(i._printf_core) for _printf_core
    printf8.o(i.__0fprintf$8) refers to bsp.o(.text) for fputc
    printf8.o(i.__0printf$8) refers to printf8.o(i._printf_core) for _printf_core
    printf8.o(i.__0printf$8) refers to bsp.o(.text) for fputc
    printf8.o(i.__0printf$8) refers to stdout.o(.data) for __stdout
    printf8.o(i.__0snprintf$8) refers to printf8.o(i._printf_core) for _printf_core
    printf8.o(i.__0snprintf$8) refers to printf8.o(i._snputc) for _snputc
    printf8.o(i.__0sprintf$8) refers to printf8.o(i._printf_core) for _printf_core
    printf8.o(i.__0sprintf$8) refers to printf8.o(i._sputc) for _sputc
    printf8.o(i.__0vfprintf$8) refers to printf8.o(i._printf_core) for _printf_core
    printf8.o(i.__0vfprintf$8) refers to bsp.o(.text) for fputc
    printf8.o(i.__0vprintf$8) refers to printf8.o(i._printf_core) for _printf_core
    printf8.o(i.__0vprintf$8) refers to bsp.o(.text) for fputc
    printf8.o(i.__0vprintf$8) refers to stdout.o(.data) for __stdout
    printf8.o(i.__0vsnprintf$8) refers to printf8.o(i._printf_core) for _printf_core
    printf8.o(i.__0vsnprintf$8) refers to printf8.o(i._snputc) for _snputc
    printf8.o(i.__0vsprintf$8) refers to printf8.o(i._printf_core) for _printf_core
    printf8.o(i.__0vsprintf$8) refers to printf8.o(i._sputc) for _sputc
    printf8.o(i._printf_core) refers to printf8.o(i._printf_pre_padding) for _printf_pre_padding
    printf8.o(i._printf_core) refers to uldiv.o(.text) for __aeabi_uldivmod
    printf8.o(i._printf_core) refers to printf8.o(i._printf_post_padding) for _printf_post_padding
    printfa.o(i.__0fprintf) refers (Special) to iusefp.o(.text) for __I$use$fp
    printfa.o(i.__0fprintf) refers to printfa.o(i._printf_core) for _printf_core
    printfa.o(i.__0fprintf) refers to bsp.o(.text) for fputc
    printfa.o(i.__0printf) refers (Special) to iusefp.o(.text) for __I$use$fp
    printfa.o(i.__0printf) refers to printfa.o(i._printf_core) for _printf_core
    printfa.o(i.__0printf) refers to bsp.o(.text) for fputc
    printfa.o(i.__0printf) refers to stdout.o(.data) for __stdout
    printfa.o(i.__0snprintf) refers (Special) to iusefp.o(.text) for __I$use$fp
    printfa.o(i.__0snprintf) refers to printfa.o(i._printf_core) for _printf_core
    printfa.o(i.__0snprintf) refers to printfa.o(i._snputc) for _snputc
    printfa.o(i.__0sprintf) refers (Special) to iusefp.o(.text) for __I$use$fp
    printfa.o(i.__0sprintf) refers to printfa.o(i._printf_core) for _printf_core
    printfa.o(i.__0sprintf) refers to printfa.o(i._sputc) for _sputc
    printfa.o(i.__0vfprintf) refers (Special) to iusefp.o(.text) for __I$use$fp
    printfa.o(i.__0vfprintf) refers to printfa.o(i._printf_core) for _printf_core
    printfa.o(i.__0vfprintf) refers to bsp.o(.text) for fputc
    printfa.o(i.__0vprintf) refers (Special) to iusefp.o(.text) for __I$use$fp
    printfa.o(i.__0vprintf) refers to printfa.o(i._printf_core) for _printf_core
    printfa.o(i.__0vprintf) refers to bsp.o(.text) for fputc
    printfa.o(i.__0vprintf) refers to stdout.o(.data) for __stdout
    printfa.o(i.__0vsnprintf) refers (Special) to iusefp.o(.text) for __I$use$fp
    printfa.o(i.__0vsnprintf) refers to printfa.o(i._printf_core) for _printf_core
    printfa.o(i.__0vsnprintf) refers to printfa.o(i._snputc) for _snputc
    printfa.o(i.__0vsprintf) refers (Special) to iusefp.o(.text) for __I$use$fp
    printfa.o(i.__0vsprintf) refers to printfa.o(i._printf_core) for _printf_core
    printfa.o(i.__0vsprintf) refers to printfa.o(i._sputc) for _sputc
    printfa.o(i._fp_digits) refers (Special) to iusefp.o(.text) for __I$use$fp
    printfa.o(i._fp_digits) refers to dmul.o(.text) for __aeabi_dmul
    printfa.o(i._fp_digits) refers to ddiv.o(.text) for __aeabi_ddiv
    printfa.o(i._fp_digits) refers to cdrcmple.o(.text) for __aeabi_cdrcmple
    printfa.o(i._fp_digits) refers to dadd.o(.text) for __aeabi_dadd
    printfa.o(i._fp_digits) refers to dfixul.o(.text) for __aeabi_d2ulz
    printfa.o(i._fp_digits) refers to uldiv.o(.text) for __aeabi_uldivmod
    printfa.o(i._printf_core) refers (Special) to iusefp.o(.text) for __I$use$fp
    printfa.o(i._printf_core) refers to printfa.o(i._printf_pre_padding) for _printf_pre_padding
    printfa.o(i._printf_core) refers to uldiv.o(.text) for __aeabi_uldivmod
    printfa.o(i._printf_core) refers to printfa.o(i._printf_post_padding) for _printf_post_padding
    printfa.o(i._printf_core) refers to printfa.o(i._fp_digits) for _fp_digits
    printfa.o(i._printf_core) refers to uidiv.o(.text) for __aeabi_uidivmod
    printfa.o(i._printf_post_padding) refers (Special) to iusefp.o(.text) for __I$use$fp
    printfa.o(i._printf_pre_padding) refers (Special) to iusefp.o(.text) for __I$use$fp
    printfa.o(i._snputc) refers (Special) to iusefp.o(.text) for __I$use$fp
    printfa.o(i._sputc) refers (Special) to iusefp.o(.text) for __I$use$fp
    entry4.o(.ARM.Collect$$$$00000003) refers to entry4.o(.ARM.Collect$$$$00002714) for __lit__00000000
    entry4.o(__vectab_stack_and_reset_area) refers to entry.o(.ARM.Collect$$$$00000000) for __main
    entry5.o(.ARM.Collect$$$$00000004) refers to init.o(.text) for __scatterload
    entry9a.o(.ARM.Collect$$$$0000000B) refers to main.o(.text) for main
    entry9b.o(.ARM.Collect$$$$0000000C) refers to main.o(.text) for main
    uldiv.o(.text) refers to llushr.o(.text) for __aeabi_llsr
    uldiv.o(.text) refers to llshl.o(.text) for __aeabi_llsl
    dadd.o(.text) refers to llshl.o(.text) for __aeabi_llsl
    dadd.o(.text) refers to llsshr.o(.text) for __aeabi_lasr
    dadd.o(.text) refers to depilogue.o(.text) for _double_epilogue
    dmul.o(.text) refers to depilogue.o(.text) for _double_epilogue
    ddiv.o(.text) refers to depilogue.o(.text) for _double_round
    dfixul.o(.text) refers to llushr.o(.text) for __aeabi_llsr
    dfixul.o(.text) refers to llshl.o(.text) for __aeabi_llsl
    init.o(.text) refers to entry5.o(.ARM.Collect$$$$00000004) for __main_after_scatterload
    depilogue.o(.text) refers to llshl.o(.text) for __aeabi_llsl
    depilogue.o(.text) refers to llushr.o(.text) for __aeabi_llsr


==============================================================================

Removing Unused input sections from the image.

    Removing bsp_periph.o(.text), (436 bytes).
    Removing stm32f10x_systick.o(.text), (142 bytes).
    Removing stm32f10x_i2c.o(.text), (924 bytes).
    Removing stm32f10x_spi.o(.text), (740 bytes).
    Removing stm32f10x_rtc.o(.text), (276 bytes).
    Removing stm32f10x_bkp.o(.text), (148 bytes).
    Removing stm32f10x_tim.o(.text), (2486 bytes).
    Removing os_mbox.o(.text), (896 bytes).
    Removing os_sem.o(.text), (820 bytes).
    Removing os_dbg.o(.constdata), (2 bytes).
    Removing lib_mem.o(.text), (226 bytes).
    Removing lib_str.o(.text), (714 bytes).
    Removing lib_mem_a.o(.text), (544 bytes).
    Removing dadd.o(.text), (334 bytes).
    Removing dmul.o(.text), (228 bytes).
    Removing ddiv.o(.text), (222 bytes).
    Removing dfixul.o(.text), (48 bytes).
    Removing cdrcmple.o(.text), (40 bytes).
    Removing depilogue.o(.text), (190 bytes).

19 unused section(s) (total 9416 bytes) removed from the image.

==============================================================================

Image Symbol Table

    Local Symbols

    Symbol Name                              Value     Ov Type        Size  Object(Section)

    ../clib/microlib/division.c              0x00000000   Number         0  uldiv.o ABSOLUTE
    ../clib/microlib/division.c              0x00000000   Number         0  uidiv.o ABSOLUTE
    ../clib/microlib/init/entry.s            0x00000000   Number         0  entry11b.o ABSOLUTE
    ../clib/microlib/init/entry.s            0x00000000   Number         0  entry8b.o ABSOLUTE
    ../clib/microlib/init/entry.s            0x00000000   Number         0  entry9a.o ABSOLUTE
    ../clib/microlib/init/entry.s            0x00000000   Number         0  entry10b.o ABSOLUTE
    ../clib/microlib/init/entry.s            0x00000000   Number         0  entry9b.o ABSOLUTE
    ../clib/microlib/init/entry.s            0x00000000   Number         0  entry11a.o ABSOLUTE
    ../clib/microlib/init/entry.s            0x00000000   Number         0  entry10a.o ABSOLUTE
    ../clib/microlib/init/entry.s            0x00000000   Number         0  entry.o ABSOLUTE
    ../clib/microlib/init/entry.s            0x00000000   Number         0  entry4.o ABSOLUTE
    ../clib/microlib/init/entry.s            0x00000000   Number         0  entry5.o ABSOLUTE
    ../clib/microlib/init/entry.s            0x00000000   Number         0  entry7a.o ABSOLUTE
    ../clib/microlib/init/entry.s            0x00000000   Number         0  entry7b.o ABSOLUTE
    ../clib/microlib/init/entry.s            0x00000000   Number         0  entry8a.o ABSOLUTE
    ../clib/microlib/longlong.c              0x00000000   Number         0  llsshr.o ABSOLUTE
    ../clib/microlib/longlong.c              0x00000000   Number         0  llshl.o ABSOLUTE
    ../clib/microlib/longlong.c              0x00000000   Number         0  llushr.o ABSOLUTE
    ../clib/microlib/printf/printf.c         0x00000000   Number         0  printf2.o ABSOLUTE
    ../clib/microlib/printf/printf.c         0x00000000   Number         0  printf3.o ABSOLUTE
    ../clib/microlib/printf/printf.c         0x00000000   Number         0  printf7.o ABSOLUTE
    ../clib/microlib/printf/printf.c         0x00000000   Number         0  printf6.o ABSOLUTE
    ../clib/microlib/printf/printf.c         0x00000000   Number         0  printf5.o ABSOLUTE
    ../clib/microlib/printf/printf.c         0x00000000   Number         0  printf4.o ABSOLUTE
    ../clib/microlib/printf/printf.c         0x00000000   Number         0  printf8.o ABSOLUTE
    ../clib/microlib/printf/printf.c         0x00000000   Number         0  printfa.o ABSOLUTE
    ../clib/microlib/printf/printf.c         0x00000000   Number         0  printfb.o ABSOLUTE
    ../clib/microlib/printf/printf.c         0x00000000   Number         0  printf1.o ABSOLUTE
    ../clib/microlib/printf/printf.c         0x00000000   Number         0  printf0.o ABSOLUTE
    ../clib/microlib/stdio/streams.c         0x00000000   Number         0  stdout.o ABSOLUTE
    ../clib/microlib/stubs.s                 0x00000000   Number         0  iusefp.o ABSOLUTE
    ../fplib/microlib/fpadd.c                0x00000000   Number         0  dadd.o ABSOLUTE
    ../fplib/microlib/fpdiv.c                0x00000000   Number         0  ddiv.o ABSOLUTE
    ../fplib/microlib/fpepilogue.c           0x00000000   Number         0  depilogue.o ABSOLUTE
    ../fplib/microlib/fpfix.c                0x00000000   Number         0  dfixul.o ABSOLUTE
    ../fplib/microlib/fpmul.c                0x00000000   Number         0  dmul.o ABSOLUTE
    ..\..\..\..\..\CPU\ST\STM32\src\stm32f10x_adc.c 0x00000000   Number         0  stm32f10x_adc.o ABSOLUTE
    ..\..\..\..\..\CPU\ST\STM32\src\stm32f10x_bkp.c 0x00000000   Number         0  stm32f10x_bkp.o ABSOLUTE
    ..\..\..\..\..\CPU\ST\STM32\src\stm32f10x_flash.c 0x00000000   Number         0  stm32f10x_flash.o ABSOLUTE
    ..\..\..\..\..\CPU\ST\STM32\src\stm32f10x_gpio.c 0x00000000   Number         0  stm32f10x_gpio.o ABSOLUTE
    ..\..\..\..\..\CPU\ST\STM32\src\stm32f10x_i2c.c 0x00000000   Number         0  stm32f10x_i2c.o ABSOLUTE
    ..\..\..\..\..\CPU\ST\STM32\src\stm32f10x_lib.c 0x00000000   Number         0  stm32f10x_lib.o ABSOLUTE
    ..\..\..\..\..\CPU\ST\STM32\src\stm32f10x_nvic.c 0x00000000   Number         0  stm32f10x_nvic.o ABSOLUTE
    ..\..\..\..\..\CPU\ST\STM32\src\stm32f10x_rcc.c 0x00000000   Number         0  stm32f10x_rcc.o ABSOLUTE
    ..\..\..\..\..\CPU\ST\STM32\src\stm32f10x_rtc.c 0x00000000   Number         0  stm32f10x_rtc.o ABSOLUTE
    ..\..\..\..\..\CPU\ST\STM32\src\stm32f10x_spi.c 0x00000000   Number         0  stm32f10x_spi.o ABSOLUTE
    ..\..\..\..\..\CPU\ST\STM32\src\stm32f10x_systick.c 0x00000000   Number         0  stm32f10x_systick.o ABSOLUTE
    ..\..\..\..\..\CPU\ST\STM32\src\stm32f10x_tim.c 0x00000000   Number         0  stm32f10x_tim.o ABSOLUTE
    ..\..\..\..\..\CPU\ST\STM32\src\stm32f10x_usart.c 0x00000000   Number         0  stm32f10x_usart.o ABSOLUTE
    ..\..\..\..\..\uC-CPU\ARM-Cortex-M3\RealView\cpu_a.asm 0x00000000   Number         0  cpu_a.o ABSOLUTE
    ..\..\..\..\..\uC-CPU\ARM-Cortex-M3\RealView\cpu_c.c 0x00000000   Number         0  cpu_c.o ABSOLUTE
    ..\..\..\..\..\uC-LIB\Ports\ARM-Cortex-M3\RealView\lib_mem_a.asm 0x00000000   Number         0  lib_mem_a.o ABSOLUTE
    ..\..\..\..\..\uC-LIB\lib_mem.c          0x00000000   Number         0  lib_mem.o ABSOLUTE
    ..\..\..\..\..\uC-LIB\lib_str.c          0x00000000   Number         0  lib_str.o ABSOLUTE
    ..\..\..\..\..\uCOS-II\Ports\ARM-Cortex-M3\Generic\RealView\os_cpu_a.asm 0x00000000   Number         0  os_cpu_a.o ABSOLUTE
    ..\..\..\..\..\uCOS-II\Ports\ARM-Cortex-M3\Generic\RealView\os_cpu_c.c 0x00000000   Number         0  os_cpu_c.o ABSOLUTE
    ..\..\..\..\..\uCOS-II\Ports\ARM-Cortex-M3\Generic\RealView\os_dbg.c 0x00000000   Number         0  os_dbg.o ABSOLUTE
    ..\..\..\..\..\uCOS-II\Source\os_core.c  0x00000000   Number         0  os_core.o ABSOLUTE
    ..\..\..\..\..\uCOS-II\Source\os_flag.c  0x00000000   Number         0  os_flag.o ABSOLUTE
    ..\..\..\..\..\uCOS-II\Source\os_mbox.c  0x00000000   Number         0  os_mbox.o ABSOLUTE
    ..\..\..\..\..\uCOS-II\Source\os_mem.c   0x00000000   Number         0  os_mem.o ABSOLUTE
    ..\..\..\..\..\uCOS-II\Source\os_mutex.c 0x00000000   Number         0  os_mutex.o ABSOLUTE
    ..\..\..\..\..\uCOS-II\Source\os_q.c     0x00000000   Number         0  os_q.o ABSOLUTE
    ..\..\..\..\..\uCOS-II\Source\os_sem.c   0x00000000   Number         0  os_sem.o ABSOLUTE
    ..\..\..\..\..\uCOS-II\Source\os_task.c  0x00000000   Number         0  os_task.o ABSOLUTE
    ..\..\..\..\..\uCOS-II\Source\os_time.c  0x00000000   Number         0  os_time.o ABSOLUTE
    ..\..\..\..\..\uCOS-II\Source\os_tmr.c   0x00000000   Number         0  os_tmr.o ABSOLUTE
    ..\BSP\bsp.c                             0x00000000   Number         0  bsp.o ABSOLUTE
    ..\BSP\bsp_int.c                         0x00000000   Number         0  bsp_int.o ABSOLUTE
    ..\BSP\bsp_periph.c                      0x00000000   Number         0  bsp_periph.o ABSOLUTE
    ..\BSP\init.s                            0x00000000   Number         0  init.o ABSOLUTE
    cdrcmple.s                               0x00000000   Number         0  cdrcmple.o ABSOLUTE
    dc.s                                     0x00000000   Number         0  dc.o ABSOLUTE
    handlers.s                               0x00000000   Number         0  handlers.o ABSOLUTE
    init.s                                   0x00000000   Number         0  init.o ABSOLUTE
    main.c                                   0x00000000   Number         0  main.o ABSOLUTE
    vectors.s                                0x00000000   Number         0  vectors.o ABSOLUTE
    VECT                                     0x08000000   Section      248  vectors.o(VECT)
    App_NMI_ISR                              0x080000ed   Thumb Code     2  vectors.o(VECT)
    App_Fault_ISR                            0x080000ef   Thumb Code     2  vectors.o(VECT)
    App_MemFault_ISR                         0x080000f1   Thumb Code     2  vectors.o(VECT)
    App_BusFault_ISR                         0x080000f3   Thumb Code     2  vectors.o(VECT)
    App_UsageFault_ISR                       0x080000f5   Thumb Code     2  vectors.o(VECT)
    App_Spurious_ISR                         0x080000f7   Thumb Code     2  vectors.o(VECT)
    .ARM.Collect$$$$00000000                 0x080000f8   Section        0  entry.o(.ARM.Collect$$$$00000000)
    .ARM.Collect$$$$00000003                 0x080000f8   Section        4  entry4.o(.ARM.Collect$$$$00000003)
    .ARM.Collect$$$$00000004                 0x080000fc   Section        4  entry5.o(.ARM.Collect$$$$00000004)
    .ARM.Collect$$$$00000008                 0x08000100   Section        0  entry7b.o(.ARM.Collect$$$$00000008)
    .ARM.Collect$$$$0000000A                 0x08000100   Section        0  entry8b.o(.ARM.Collect$$$$0000000A)
    .ARM.Collect$$$$0000000B                 0x08000100   Section        8  entry9a.o(.ARM.Collect$$$$0000000B)
    .ARM.Collect$$$$0000000D                 0x08000108   Section        0  entry10a.o(.ARM.Collect$$$$0000000D)
    .ARM.Collect$$$$0000000F                 0x08000108   Section        0  entry11a.o(.ARM.Collect$$$$0000000F)
    .ARM.Collect$$$$00002714                 0x08000108   Section        4  entry4.o(.ARM.Collect$$$$00002714)
    __lit__00000000                          0x08000108   Data           4  entry4.o(.ARM.Collect$$$$00002714)
    .text                                    0x0800010c   Section        0  main.o(.text)
    App_TaskLED                              0x0800010d   Thumb Code    62  main.o(.text)
    App_TaskStart                            0x0800014b   Thumb Code    32  main.o(.text)
    .text                                    0x080001c0   Section        0  bsp.o(.text)
    GPIO_Configuration                       0x0800029f   Thumb Code    54  bsp.o(.text)
    BSP_PB_Init                              0x080002d5   Thumb Code    64  bsp.o(.text)
    BSP_LED_Init                             0x08000315   Thumb Code    68  bsp.o(.text)
    BSP_ADC_Init                             0x08000359   Thumb Code   110  bsp.o(.text)
    .text                                    0x0800051c   Section        0  bsp_int.o(.text)
    UART1_ISR                                0x08000583   Thumb Code    46  bsp_int.o(.text)
    BSP_IntHandlerDummy                      0x080005b1   Thumb Code     2  bsp_int.o(.text)
    BSP_IntHandler                           0x080005cf   Thumb Code    42  bsp_int.o(.text)
    .text                                    0x080006b8   Section        0  stm32f10x_usart.o(.text)
    .text                                    0x080009e0   Section        0  stm32f10x_gpio.o(.text)
    .text                                    0x08000c4c   Section        0  stm32f10x_rcc.o(.text)
    .text                                    0x08000f44   Section        0  stm32f10x_adc.o(.text)
    .text                                    0x080012b0   Section        0  stm32f10x_flash.o(.text)
    .text                                    0x080012ec   Section        0  stm32f10x_nvic.o(.text)
    .text                                    0x080015d4   Section       42  cpu_a.o(.text)
    .text                                    0x08001600   Section        0  cpu_c.o(.text)
    .text                                    0x080019dc   Section        0  os_core.o(.text)
    OS_SchedNew                              0x08001aed   Thumb Code    24  os_core.o(.text)
    OS_InitTaskStat                          0x08001dd1   Thumb Code    90  os_core.o(.text)
    OS_InitTaskIdle                          0x08001e41   Thumb Code    50  os_core.o(.text)
    OS_InitEventList                         0x08001e85   Thumb Code    60  os_core.o(.text)
    OS_InitTCBList                           0x08001ec1   Thumb Code    82  os_core.o(.text)
    OS_InitRdyList                           0x08001f13   Thumb Code    34  os_core.o(.text)
    OS_InitMisc                              0x08001f35   Thumb Code    26  os_core.o(.text)
    .text                                    0x0800234c   Section        0  os_flag.o(.text)
    OS_FlagTaskRdy                           0x08002481   Thumb Code    70  os_flag.o(.text)
    OS_FlagBlock                             0x08002645   Thumb Code    88  os_flag.o(.text)
    .text                                    0x08002a3c   Section        0  os_task.o(.text)
    .text                                    0x080030f0   Section        0  os_time.o(.text)
    .text                                    0x0800325c   Section      164  os_cpu_a.o(.text)
    .text                                    0x08003300   Section        0  os_cpu_c.o(.text)
    .text                                    0x080033c4   Section       36  init.o(.text)
    INIT                                     0x080033e8   Section        8  init.o(INIT)
    i.__0printf$bare                         0x080033f0   Section        0  printfb.o(i.__0printf$bare)
    i.__scatterload_copy                     0x08003400   Section       14  handlers.o(i.__scatterload_copy)
    i.__scatterload_null                     0x0800340e   Section        2  handlers.o(i.__scatterload_null)
    i.__scatterload_zeroinit                 0x08003410   Section       14  handlers.o(i.__scatterload_zeroinit)
    i._printf_core                           0x0800341e   Section        0  printfb.o(i._printf_core)
    _printf_core                             0x0800341f   Thumb Code    34  printfb.o(i._printf_core)
    .constdata                               0x08003440   Section       20  stm32f10x_rcc.o(.constdata)
    ADCPrescTable                            0x08003440   Data           4  stm32f10x_rcc.o(.constdata)
    APBAHBPrescTable                         0x08003444   Data          16  stm32f10x_rcc.o(.constdata)
    .constdata                               0x08003454   Section      256  os_core.o(.constdata)
    .data                                    0x20000000   Section        8  stm32f10x_rcc.o(.data)
    HSEStatus                                0x20000000   Data           1  stm32f10x_rcc.o(.data)
    StartUpCounter                           0x20000004   Data           4  stm32f10x_rcc.o(.data)
    .data                                    0x20000008   Section       56  os_core.o(.data)
    .data                                    0x20000040   Section        4  os_core.o(.data)
    .data                                    0x20000044   Section        4  stdout.o(.data)
    .bss                                     0x20000048   Section     1024  main.o(.bss)
    App_TaskStartStk                         0x20000048   Data         512  main.o(.bss)
    App_TaskLEDStk                           0x20000248   Data         512  main.o(.bss)
    .bss                                     0x20000448   Section      168  bsp_int.o(.bss)
    BSP_IntVectTbl                           0x20000448   Data         168  bsp_int.o(.bss)
    .bss                                     0x200004f0   Section     3496  os_core.o(.bss)
    .bss                                     0x20001298   Section      140  os_core.o(.bss)

    Global Symbols

    Symbol Name                              Value     Ov Type        Size  Object(Section)

    BuildAttributes$$THM_ISAv4$P$D$K$B$S$PE$A:L22UL41UL21$X:L11$S22US41US21$IEEE1$IW$USESV6$~STKCKD$USESV7$~SHL$OSPACE$ROPI$EBA8$MICROLIB$REQ8$PRES8$EABIv2 0x00000000   Number         0  anon$$obj.o ABSOLUTE
    __ARM_use_no_argv                        0x00000000   Number         0  main.o ABSOLUTE
    __cpp_initialize__aeabi_                  - Undefined Weak Reference
    __cxa_finalize                            - Undefined Weak Reference
    __decompress                              - Undefined Weak Reference
    _clock_init                               - Undefined Weak Reference
    _microlib_exit                            - Undefined Weak Reference
    __main                                   0x080000f9   Thumb Code     0  entry.o(.ARM.Collect$$$$00000000)
    _main_stk                                0x080000f9   Thumb Code     0  entry4.o(.ARM.Collect$$$$00000003)
    _main_scatterload                        0x080000fd   Thumb Code     0  entry5.o(.ARM.Collect$$$$00000004)
    __main_after_scatterload                 0x08000101   Thumb Code     0  entry5.o(.ARM.Collect$$$$00000004)
    _main_clock                              0x08000101   Thumb Code     0  entry7b.o(.ARM.Collect$$$$00000008)
    _main_cpp_init                           0x08000101   Thumb Code     0  entry8b.o(.ARM.Collect$$$$0000000A)
    _main_init                               0x08000101   Thumb Code     0  entry9a.o(.ARM.Collect$$$$0000000B)
    __rt_final_cpp                           0x08000109   Thumb Code     0  entry10a.o(.ARM.Collect$$$$0000000D)
    __rt_final_exit                          0x08000109   Thumb Code     0  entry11a.o(.ARM.Collect$$$$0000000F)
    main                                     0x0800016b   Thumb Code    44  main.o(.text)
    App_TaskCreateHook                       0x08000197   Thumb Code     2  main.o(.text)
    App_TaskDelHook                          0x08000199   Thumb Code     2  main.o(.text)
    App_TaskIdleHook                         0x0800019b   Thumb Code     2  main.o(.text)
    App_TaskStatHook                         0x0800019d   Thumb Code     2  main.o(.text)
    App_TaskSwHook                           0x0800019f   Thumb Code     2  main.o(.text)
    App_TCBInitHook                          0x080001a1   Thumb Code     2  main.o(.text)
    fputc                                    0x080001c1   Thumb Code    30  bsp.o(.text)
    NVIC_Configuration                       0x080001df   Thumb Code    66  bsp.o(.text)
    UART2_int                                0x08000221   Thumb Code   126  bsp.o(.text)
    BSP_Init                                 0x080003c7   Thumb Code   182  bsp.o(.text)
    BSP_CPU_ClkFreq                          0x0800047d   Thumb Code    16  bsp.o(.text)
    OS_CPU_SysTickClkFreq                    0x0800048d   Thumb Code     2  bsp.o(.text)
    BSP_ADC_GetStatus                        0x0800048f   Thumb Code    16  bsp.o(.text)
    BSP_PB_GetStatus                         0x0800049f   Thumb Code    46  bsp.o(.text)
    BSP_LED_Off                              0x080004cd   Thumb Code    26  bsp.o(.text)
    BSP_LED_On                               0x080004e7   Thumb Code    26  bsp.o(.text)
    BSP_IntClr                               0x0800051d   Thumb Code     2  bsp_int.o(.text)
    BSP_IntDis                               0x0800051f   Thumb Code    14  bsp_int.o(.text)
    BSP_IntDisAll                            0x0800052d   Thumb Code     4  bsp_int.o(.text)
    BSP_IntEn                                0x08000531   Thumb Code    14  bsp_int.o(.text)
    BSP_IntVectSet                           0x0800053f   Thumb Code    30  bsp_int.o(.text)
    BSP_IntPrioSet                           0x0800055d   Thumb Code    38  bsp_int.o(.text)
    BSP_IntInit                              0x080005b3   Thumb Code    28  bsp_int.o(.text)
    BSP_IntHandlerWWDG                       0x080005f9   Thumb Code     4  bsp_int.o(.text)
    BSP_IntHandlerPVD                        0x080005fd   Thumb Code     4  bsp_int.o(.text)
    BSP_IntHandlerTAMPER                     0x08000601   Thumb Code     4  bsp_int.o(.text)
    BSP_IntHandlerRTC                        0x08000605   Thumb Code     4  bsp_int.o(.text)
    BSP_IntHandlerFLASH                      0x08000609   Thumb Code     4  bsp_int.o(.text)
    BSP_IntHandlerRCC                        0x0800060d   Thumb Code     4  bsp_int.o(.text)
    BSP_IntHandlerEXTI0                      0x08000611   Thumb Code     4  bsp_int.o(.text)
    BSP_IntHandlerEXTI1                      0x08000615   Thumb Code     4  bsp_int.o(.text)
    BSP_IntHandlerEXTI2                      0x08000619   Thumb Code     4  bsp_int.o(.text)
    BSP_IntHandlerEXTI3                      0x0800061d   Thumb Code     4  bsp_int.o(.text)
    BSP_IntHandlerEXTI4                      0x08000621   Thumb Code     4  bsp_int.o(.text)
    BSP_IntHandlerDMA1_CH1                   0x08000625   Thumb Code     4  bsp_int.o(.text)
    BSP_IntHandlerDMA1_CH2                   0x08000629   Thumb Code     4  bsp_int.o(.text)
    BSP_IntHandlerDMA1_CH3                   0x0800062d   Thumb Code     4  bsp_int.o(.text)
    BSP_IntHandlerDMA1_CH4                   0x08000631   Thumb Code     4  bsp_int.o(.text)
    BSP_IntHandlerDMA1_CH5                   0x08000635   Thumb Code     4  bsp_int.o(.text)
    BSP_IntHandlerDMA1_CH6                   0x08000639   Thumb Code     4  bsp_int.o(.text)
    BSP_IntHandlerDMA1_CH7                   0x0800063d   Thumb Code     4  bsp_int.o(.text)
    BSP_IntHandlerADC1_2                     0x08000641   Thumb Code     4  bsp_int.o(.text)
    BSP_IntHandlerUSB_HP_CAN_TX              0x08000645   Thumb Code     4  bsp_int.o(.text)
    BSP_IntHandlerUSB_LP_CAN_RX0             0x08000649   Thumb Code     4  bsp_int.o(.text)
    BSP_IntHandlerCAN_RX1                    0x0800064d   Thumb Code     4  bsp_int.o(.text)
    BSP_IntHandlerCAN_SCE                    0x08000651   Thumb Code     4  bsp_int.o(.text)
    BSP_IntHandlerEXTI9_5                    0x08000655   Thumb Code     4  bsp_int.o(.text)
    BSP_IntHandlerTIM1_BRK                   0x08000659   Thumb Code     4  bsp_int.o(.text)
    BSP_IntHandlerTIM1_UP                    0x0800065d   Thumb Code     4  bsp_int.o(.text)
    BSP_IntHandlerTIM1_TRG_COM               0x08000661   Thumb Code     4  bsp_int.o(.text)
    BSP_IntHandlerTIM1_CC                    0x08000665   Thumb Code     4  bsp_int.o(.text)
    BSP_IntHandlerTIM2                       0x08000669   Thumb Code     4  bsp_int.o(.text)
    BSP_IntHandlerTIM3                       0x0800066d   Thumb Code     4  bsp_int.o(.text)
    BSP_IntHandlerTIM4                       0x08000671   Thumb Code     4  bsp_int.o(.text)
    BSP_IntHandlerI2C1_EV                    0x08000675   Thumb Code     4  bsp_int.o(.text)
    BSP_IntHandlerI2C1_ER                    0x08000679   Thumb Code     4  bsp_int.o(.text)
    BSP_IntHandlerI2C2_EV                    0x0800067d   Thumb Code     4  bsp_int.o(.text)
    BSP_IntHandlerI2C2_ER                    0x08000681   Thumb Code     4  bsp_int.o(.text)
    BSP_IntHandlerSPI1                       0x08000685   Thumb Code     4  bsp_int.o(.text)
    BSP_IntHandlerSPI2                       0x08000689   Thumb Code     4  bsp_int.o(.text)
    BSP_IntHandlerUSART1                     0x0800068d   Thumb Code     4  bsp_int.o(.text)
    BSP_IntHandlerUSART2                     0x08000691   Thumb Code     4  bsp_int.o(.text)
    BSP_IntHandlerUSART3                     0x08000695   Thumb Code     4  bsp_int.o(.text)
    BSP_IntHandlerEXTI15_10                  0x08000699   Thumb Code     4  bsp_int.o(.text)
    BSP_IntHandlerRTCAlarm                   0x0800069d   Thumb Code     4  bsp_int.o(.text)
    BSP_IntHandlerUSBWakeUp                  0x080006a1   Thumb Code     4  bsp_int.o(.text)
    USART_DeInit                             0x080006b9   Thumb Code   146  stm32f10x_usart.o(.text)
    USART_Init                               0x0800074b   Thumb Code   134  stm32f10x_usart.o(.text)
    USART_StructInit                         0x080007d1   Thumb Code    22  stm32f10x_usart.o(.text)
    USART_ClockInit                          0x080007e7   Thumb Code    30  stm32f10x_usart.o(.text)
    USART_ClockStructInit                    0x08000805   Thumb Code    12  stm32f10x_usart.o(.text)
    USART_Cmd                                0x08000811   Thumb Code    24  stm32f10x_usart.o(.text)
    USART_ITConfig                           0x08000829   Thumb Code    50  stm32f10x_usart.o(.text)
    USART_DMACmd                             0x0800085b   Thumb Code    20  stm32f10x_usart.o(.text)
    USART_SetAddress                         0x0800086f   Thumb Code    16  stm32f10x_usart.o(.text)
    USART_WakeUpConfig                       0x0800087f   Thumb Code    16  stm32f10x_usart.o(.text)
    USART_ReceiverWakeUpCmd                  0x0800088f   Thumb Code    24  stm32f10x_usart.o(.text)
    USART_LINBreakDetectLengthConfig         0x080008a7   Thumb Code    16  stm32f10x_usart.o(.text)
    USART_LINCmd                             0x080008b7   Thumb Code    24  stm32f10x_usart.o(.text)
    USART_SendData                           0x080008cf   Thumb Code     8  stm32f10x_usart.o(.text)
    USART_ReceiveData                        0x080008d7   Thumb Code     8  stm32f10x_usart.o(.text)
    USART_SendBreak                          0x080008df   Thumb Code    10  stm32f10x_usart.o(.text)
    USART_SetGuardTime                       0x080008e9   Thumb Code    16  stm32f10x_usart.o(.text)
    USART_SetPrescaler                       0x080008f9   Thumb Code    16  stm32f10x_usart.o(.text)
    USART_SmartCardCmd                       0x08000909   Thumb Code    24  stm32f10x_usart.o(.text)
    USART_SmartCardNACKCmd                   0x08000921   Thumb Code    24  stm32f10x_usart.o(.text)
    USART_HalfDuplexCmd                      0x08000939   Thumb Code    24  stm32f10x_usart.o(.text)
    USART_IrDAConfig                         0x08000951   Thumb Code    16  stm32f10x_usart.o(.text)
    USART_IrDACmd                            0x08000961   Thumb Code    24  stm32f10x_usart.o(.text)
    USART_GetFlagStatus                      0x08000979   Thumb Code    14  stm32f10x_usart.o(.text)
    USART_ClearFlag                          0x08000987   Thumb Code     6  stm32f10x_usart.o(.text)
    USART_GetITStatus                        0x0800098d   Thumb Code    60  stm32f10x_usart.o(.text)
    USART_ClearITPendingBit                  0x080009c9   Thumb Code    12  stm32f10x_usart.o(.text)
    GPIO_DeInit                              0x080009e1   Thumb Code   188  stm32f10x_gpio.o(.text)
    GPIO_AFIODeInit                          0x08000a9d   Thumb Code    22  stm32f10x_gpio.o(.text)
    GPIO_Init                                0x08000ab3   Thumb Code   164  stm32f10x_gpio.o(.text)
    GPIO_StructInit                          0x08000b57   Thumb Code    16  stm32f10x_gpio.o(.text)
    GPIO_ReadInputDataBit                    0x08000b67   Thumb Code    14  stm32f10x_gpio.o(.text)
    GPIO_ReadInputData                       0x08000b75   Thumb Code     6  stm32f10x_gpio.o(.text)
    GPIO_ReadOutputDataBit                   0x08000b7b   Thumb Code    14  stm32f10x_gpio.o(.text)
    GPIO_ReadOutputData                      0x08000b89   Thumb Code     6  stm32f10x_gpio.o(.text)
    GPIO_SetBits                             0x08000b8f   Thumb Code     4  stm32f10x_gpio.o(.text)
    GPIO_ResetBits                           0x08000b93   Thumb Code     4  stm32f10x_gpio.o(.text)
    GPIO_WriteBit                            0x08000b97   Thumb Code    12  stm32f10x_gpio.o(.text)
    GPIO_Write                               0x08000ba3   Thumb Code     4  stm32f10x_gpio.o(.text)
    GPIO_PinLockConfig                       0x08000ba7   Thumb Code    16  stm32f10x_gpio.o(.text)
    GPIO_EventOutputConfig                   0x08000bb7   Thumb Code    22  stm32f10x_gpio.o(.text)
    GPIO_EventOutputCmd                      0x08000bcd   Thumb Code     6  stm32f10x_gpio.o(.text)
    GPIO_PinRemapConfig                      0x08000bd3   Thumb Code    70  stm32f10x_gpio.o(.text)
    GPIO_EXTILineConfig                      0x08000c19   Thumb Code    34  stm32f10x_gpio.o(.text)
    RCC_DeInit                               0x08000c4d   Thumb Code    48  stm32f10x_rcc.o(.text)
    RCC_HSEConfig                            0x08000c7d   Thumb Code    50  stm32f10x_rcc.o(.text)
    RCC_GetFlagStatus                        0x08000caf   Thumb Code    42  stm32f10x_rcc.o(.text)
    RCC_WaitForHSEStartUp                    0x08000cd9   Thumb Code    48  stm32f10x_rcc.o(.text)
    RCC_AdjustHSICalibrationValue            0x08000d09   Thumb Code    16  stm32f10x_rcc.o(.text)
    RCC_HSICmd                               0x08000d19   Thumb Code     6  stm32f10x_rcc.o(.text)
    RCC_PLLConfig                            0x08000d1f   Thumb Code    16  stm32f10x_rcc.o(.text)
    RCC_PLLCmd                               0x08000d2f   Thumb Code     6  stm32f10x_rcc.o(.text)
    RCC_SYSCLKConfig                         0x08000d35   Thumb Code    14  stm32f10x_rcc.o(.text)
    RCC_GetSYSCLKSource                      0x08000d43   Thumb Code    10  stm32f10x_rcc.o(.text)
    RCC_HCLKConfig                           0x08000d4d   Thumb Code    14  stm32f10x_rcc.o(.text)
    RCC_PCLK1Config                          0x08000d5b   Thumb Code    14  stm32f10x_rcc.o(.text)
    RCC_PCLK2Config                          0x08000d69   Thumb Code    16  stm32f10x_rcc.o(.text)
    RCC_ITConfig                             0x08000d79   Thumb Code    22  stm32f10x_rcc.o(.text)
    RCC_USBCLKConfig                         0x08000d8f   Thumb Code     8  stm32f10x_rcc.o(.text)
    RCC_ADCCLKConfig                         0x08000d97   Thumb Code    14  stm32f10x_rcc.o(.text)
    RCC_LSEConfig                            0x08000da5   Thumb Code    36  stm32f10x_rcc.o(.text)
    RCC_LSICmd                               0x08000dc9   Thumb Code     6  stm32f10x_rcc.o(.text)
    RCC_RTCCLKConfig                         0x08000dcf   Thumb Code    10  stm32f10x_rcc.o(.text)
    RCC_RTCCLKCmd                            0x08000dd9   Thumb Code     8  stm32f10x_rcc.o(.text)
    RCC_GetClocksFreq                        0x08000de1   Thumb Code   154  stm32f10x_rcc.o(.text)
    RCC_AHBPeriphClockCmd                    0x08000e7b   Thumb Code    22  stm32f10x_rcc.o(.text)
    RCC_APB2PeriphClockCmd                   0x08000e91   Thumb Code    22  stm32f10x_rcc.o(.text)
    RCC_APB1PeriphClockCmd                   0x08000ea7   Thumb Code    22  stm32f10x_rcc.o(.text)
    RCC_APB2PeriphResetCmd                   0x08000ebd   Thumb Code    22  stm32f10x_rcc.o(.text)
    RCC_APB1PeriphResetCmd                   0x08000ed3   Thumb Code    22  stm32f10x_rcc.o(.text)
    RCC_BackupResetCmd                       0x08000ee9   Thumb Code     8  stm32f10x_rcc.o(.text)
    RCC_ClockSecuritySystemCmd               0x08000ef1   Thumb Code     6  stm32f10x_rcc.o(.text)
    RCC_MCOConfig                            0x08000ef7   Thumb Code     6  stm32f10x_rcc.o(.text)
    RCC_ClearFlag                            0x08000efd   Thumb Code    12  stm32f10x_rcc.o(.text)
    RCC_GetITStatus                          0x08000f09   Thumb Code    16  stm32f10x_rcc.o(.text)
    RCC_ClearITPendingBit                    0x08000f19   Thumb Code     6  stm32f10x_rcc.o(.text)
    ADC_DeInit                               0x08000f45   Thumb Code    88  stm32f10x_adc.o(.text)
    ADC_Init                                 0x08000f9d   Thumb Code    62  stm32f10x_adc.o(.text)
    ADC_StructInit                           0x08000fdb   Thumb Code    18  stm32f10x_adc.o(.text)
    ADC_Cmd                                  0x08000fed   Thumb Code    24  stm32f10x_adc.o(.text)
    ADC_DMACmd                               0x08001005   Thumb Code    24  stm32f10x_adc.o(.text)
    ADC_ITConfig                             0x0800101d   Thumb Code    22  stm32f10x_adc.o(.text)
    ADC_ResetCalibration                     0x08001033   Thumb Code    10  stm32f10x_adc.o(.text)
    ADC_GetResetCalibrationStatus            0x0800103d   Thumb Code    14  stm32f10x_adc.o(.text)
    ADC_StartCalibration                     0x0800104b   Thumb Code    10  stm32f10x_adc.o(.text)
    ADC_GetCalibrationStatus                 0x08001055   Thumb Code    14  stm32f10x_adc.o(.text)
    ADC_SoftwareStartConvCmd                 0x08001063   Thumb Code    24  stm32f10x_adc.o(.text)
    ADC_GetSoftwareStartConvStatus           0x0800107b   Thumb Code    14  stm32f10x_adc.o(.text)
    ADC_DiscModeChannelCountConfig           0x08001089   Thumb Code    16  stm32f10x_adc.o(.text)
    ADC_DiscModeCmd                          0x08001099   Thumb Code    24  stm32f10x_adc.o(.text)
    ADC_RegularChannelConfig                 0x080010b1   Thumb Code   116  stm32f10x_adc.o(.text)
    ADC_ExternalTrigConvCmd                  0x08001125   Thumb Code    24  stm32f10x_adc.o(.text)
    ADC_GetConversionValue                   0x0800113d   Thumb Code     6  stm32f10x_adc.o(.text)
    ADC_GetDualModeConversionValue           0x08001143   Thumb Code     6  stm32f10x_adc.o(.text)
    ADC_AutoInjectedConvCmd                  0x08001149   Thumb Code    24  stm32f10x_adc.o(.text)
    ADC_InjectedDiscModeCmd                  0x08001161   Thumb Code    24  stm32f10x_adc.o(.text)
    ADC_ExternalTrigInjectedConvConfig       0x08001179   Thumb Code    12  stm32f10x_adc.o(.text)
    ADC_ExternalTrigInjectedConvCmd          0x08001185   Thumb Code    24  stm32f10x_adc.o(.text)
    ADC_SoftwareStartInjectedConvCmd         0x0800119d   Thumb Code    24  stm32f10x_adc.o(.text)
    ADC_GetSoftwareStartInjectedConvCmdStatus 0x080011b5   Thumb Code    14  stm32f10x_adc.o(.text)
    ADC_InjectedChannelConfig                0x080011c3   Thumb Code    74  stm32f10x_adc.o(.text)
    ADC_InjectedSequencerLengthConfig        0x0800120d   Thumb Code    16  stm32f10x_adc.o(.text)
    ADC_SetInjectedOffset                    0x0800121d   Thumb Code     4  stm32f10x_adc.o(.text)
    ADC_GetInjectedConversionValue           0x08001221   Thumb Code     8  stm32f10x_adc.o(.text)
    ADC_AnalogWatchdogCmd                    0x08001229   Thumb Code    12  stm32f10x_adc.o(.text)
    ADC_AnalogWatchdogThresholdsConfig       0x08001235   Thumb Code     6  stm32f10x_adc.o(.text)
    ADC_AnalogWatchdogSingleChannelConfig    0x0800123b   Thumb Code    12  stm32f10x_adc.o(.text)
    ADC_TempSensorVrefintCmd                 0x08001247   Thumb Code    28  stm32f10x_adc.o(.text)
    ADC_GetFlagStatus                        0x08001263   Thumb Code    14  stm32f10x_adc.o(.text)
    ADC_ClearFlag                            0x08001271   Thumb Code     6  stm32f10x_adc.o(.text)
    ADC_GetITStatus                          0x08001277   Thumb Code    28  stm32f10x_adc.o(.text)
    ADC_ClearITPendingBit                    0x08001293   Thumb Code     8  stm32f10x_adc.o(.text)
    FLASH_SetLatency                         0x080012b1   Thumb Code    18  stm32f10x_flash.o(.text)
    FLASH_HalfCycleAccessCmd                 0x080012c3   Thumb Code    18  stm32f10x_flash.o(.text)
    FLASH_PrefetchBufferCmd                  0x080012d5   Thumb Code    18  stm32f10x_flash.o(.text)
    NVIC_DeInit                              0x080012ed   Thumb Code    40  stm32f10x_nvic.o(.text)
    NVIC_SCBDeInit                           0x08001315   Thumb Code    72  stm32f10x_nvic.o(.text)
    NVIC_PriorityGroupConfig                 0x0800135d   Thumb Code    12  stm32f10x_nvic.o(.text)
    NVIC_Init                                0x08001369   Thumb Code   122  stm32f10x_nvic.o(.text)
    NVIC_StructInit                          0x080013e3   Thumb Code    12  stm32f10x_nvic.o(.text)
    NVIC_GetCurrentPendingIRQChannel         0x080013ef   Thumb Code    10  stm32f10x_nvic.o(.text)
    NVIC_GetIRQChannelPendingBitStatus       0x080013f9   Thumb Code    32  stm32f10x_nvic.o(.text)
    NVIC_SetIRQChannelPendingBit             0x08001419   Thumb Code     6  stm32f10x_nvic.o(.text)
    NVIC_ClearIRQChannelPendingBit           0x0800141f   Thumb Code    22  stm32f10x_nvic.o(.text)
    NVIC_GetCurrentActiveHandler             0x08001435   Thumb Code    10  stm32f10x_nvic.o(.text)
    NVIC_GetIRQChannelActiveBitStatus        0x0800143f   Thumb Code    32  stm32f10x_nvic.o(.text)
    NVIC_GetCPUID                            0x0800145f   Thumb Code     8  stm32f10x_nvic.o(.text)
    NVIC_SetVectorTable                      0x08001467   Thumb Code    14  stm32f10x_nvic.o(.text)
    NVIC_GenerateSystemReset                 0x08001475   Thumb Code    12  stm32f10x_nvic.o(.text)
    NVIC_GenerateCoreReset                   0x08001481   Thumb Code    12  stm32f10x_nvic.o(.text)
    NVIC_SystemLPConfig                      0x0800148d   Thumb Code    24  stm32f10x_nvic.o(.text)
    NVIC_SystemHandlerConfig                 0x080014a5   Thumb Code    32  stm32f10x_nvic.o(.text)
    NVIC_SystemHandlerPriorityConfig         0x080014c5   Thumb Code    76  stm32f10x_nvic.o(.text)
    NVIC_GetSystemHandlerPendingBitStatus    0x08001511   Thumb Code    30  stm32f10x_nvic.o(.text)
    NVIC_SetSystemHandlerPendingBit          0x0800152f   Thumb Code    18  stm32f10x_nvic.o(.text)
    NVIC_ClearSystemHandlerPendingBit        0x08001541   Thumb Code    20  stm32f10x_nvic.o(.text)
    NVIC_GetSystemHandlerActiveBitStatus     0x08001555   Thumb Code    28  stm32f10x_nvic.o(.text)
    NVIC_GetFaultHandlerSources              0x08001571   Thumb Code    56  stm32f10x_nvic.o(.text)
    NVIC_GetFaultAddress                     0x080015a9   Thumb Code    24  stm32f10x_nvic.o(.text)
    CPU_IntDis                               0x080015d5   Thumb Code     0  cpu_a.o(.text)
    CPU_IntEn                                0x080015d9   Thumb Code     0  cpu_a.o(.text)
    CPU_SR_Save                              0x080015dd   Thumb Code     0  cpu_a.o(.text)
    CPU_SR_Restore                           0x080015e5   Thumb Code     0  cpu_a.o(.text)
    CPU_CntLeadZeros                         0x080015eb   Thumb Code     0  cpu_a.o(.text)
    CPU_RevBits                              0x080015f1   Thumb Code     0  cpu_a.o(.text)
    CPU_WaitForInt                           0x080015f7   Thumb Code     0  cpu_a.o(.text)
    CPU_WaitForExcept                        0x080015fb   Thumb Code     0  cpu_a.o(.text)
    CPU_BitBandClr                           0x08001601   Thumb Code    52  cpu_c.o(.text)
    CPU_BitBandSet                           0x08001635   Thumb Code    52  cpu_c.o(.text)
    CPU_IntSrcDis                            0x08001669   Thumb Code   172  cpu_c.o(.text)
    CPU_IntSrcEn                             0x08001715   Thumb Code   172  cpu_c.o(.text)
    CPU_IntSrcPrioSet                        0x080017c1   Thumb Code   294  cpu_c.o(.text)
    CPU_IntSrcPrioGet                        0x080018e7   Thumb Code   236  cpu_c.o(.text)
    OS_StrCopy                               0x080019dd   Thumb Code    28  os_core.o(.text)
    OSEventNameGet                           0x080019f9   Thumb Code    86  os_core.o(.text)
    OS_StrLen                                0x08001a4f   Thumb Code    20  os_core.o(.text)
    OSEventNameSet                           0x08001a63   Thumb Code    98  os_core.o(.text)
    OS_EventTaskRemoveMulti                  0x08001ac5   Thumb Code    40  os_core.o(.text)
    OS_Sched                                 0x08001b05   Thumb Code    64  os_core.o(.text)
    OS_EventTaskWaitMulti                    0x08001b45   Thumb Code    90  os_core.o(.text)
    OSEventPendMulti                         0x08001b9f   Thumb Code   430  os_core.o(.text)
    OS_TaskStatStkChk                        0x08001d4d   Thumb Code    50  os_core.o(.text)
    OS_TaskStat                              0x08001d7f   Thumb Code    82  os_core.o(.text)
    OS_TaskIdle                              0x08001e2b   Thumb Code    22  os_core.o(.text)
    OS_MemClr                                0x08001e73   Thumb Code    18  os_core.o(.text)
    OSInit                                   0x08001f4f   Thumb Code    42  os_core.o(.text)
    OSIntEnter                               0x08001f79   Thumb Code    20  os_core.o(.text)
    OSIntExit                                0x08001f8d   Thumb Code    82  os_core.o(.text)
    OSSchedLock                              0x08001fdf   Thumb Code    38  os_core.o(.text)
    OSSchedUnlock                            0x08002005   Thumb Code    66  os_core.o(.text)
    OSStart                                  0x08002047   Thumb Code    40  os_core.o(.text)
    OSStatInit                               0x0800206f   Thumb Code    48  os_core.o(.text)
    OSTimeTick                               0x0800209f   Thumb Code   172  os_core.o(.text)
    OSVersion                                0x0800214b   Thumb Code     6  os_core.o(.text)
    OS_Dummy                                 0x08002151   Thumb Code     2  os_core.o(.text)
    OS_EventTaskRemove                       0x08002153   Thumb Code    34  os_core.o(.text)
    OS_EventTaskRdy                          0x08002175   Thumb Code   102  os_core.o(.text)
    OS_EventTaskWait                         0x080021db   Thumb Code   106  os_core.o(.text)
    OS_EventWaitListInit                     0x08002245   Thumb Code    22  os_core.o(.text)
    OS_MemCopy                               0x0800225b   Thumb Code    20  os_core.o(.text)
    OS_TCBInit                               0x0800226f   Thumb Code   214  os_core.o(.text)
    OSFlagAccept                             0x0800234d   Thumb Code   202  os_flag.o(.text)
    OSFlagCreate                             0x08002417   Thumb Code    72  os_flag.o(.text)
    OS_FlagUnlink                            0x0800245f   Thumb Code    34  os_flag.o(.text)
    OSFlagDel                                0x080024c7   Thumb Code   212  os_flag.o(.text)
    OSFlagNameGet                            0x0800259b   Thumb Code    78  os_flag.o(.text)
    OSFlagNameSet                            0x080025e9   Thumb Code    92  os_flag.o(.text)
    OSFlagPend                               0x0800269d   Thumb Code   568  os_flag.o(.text)
    OSFlagPendGetFlagsRdy                    0x080028d5   Thumb Code    20  os_flag.o(.text)
    OSFlagPost                               0x080028e9   Thumb Code   232  os_flag.o(.text)
    OSFlagQuery                              0x080029d1   Thumb Code    38  os_flag.o(.text)
    OS_FlagInit                              0x080029f7   Thumb Code    58  os_flag.o(.text)
    OSTaskChangePrio                         0x08002a3d   Thumb Code   318  os_task.o(.text)
    OSTaskCreate                             0x08002b7b   Thumb Code   124  os_task.o(.text)
    OS_TaskStkClr                            0x08002bf7   Thumb Code    22  os_task.o(.text)
    OSTaskCreateExt                          0x08002c0d   Thumb Code   144  os_task.o(.text)
    OSTaskDel                                0x08002c9d   Thumb Code   290  os_task.o(.text)
    OSTaskDelReq                             0x08002dbf   Thumb Code    82  os_task.o(.text)
    OSTaskNameGet                            0x08002e11   Thumb Code   148  os_task.o(.text)
    OSTaskNameSet                            0x08002ea5   Thumb Code   126  os_task.o(.text)
    OSTaskResume                             0x08002f23   Thumb Code   122  os_task.o(.text)
    OSTaskStkChk                             0x08002f9d   Thumb Code   106  os_task.o(.text)
    OSTaskSuspend                            0x08003007   Thumb Code   134  os_task.o(.text)
    OSTaskQuery                              0x0800308d   Thumb Code    74  os_task.o(.text)
    OSTimeDly                                0x080030f1   Thumb Code    70  os_time.o(.text)
    OSTimeDlyHMSM                            0x08003137   Thumb Code    90  os_time.o(.text)
    OSTimeDlyResume                          0x08003191   Thumb Code   140  os_time.o(.text)
    OSTimeGet                                0x0800321d   Thumb Code    18  os_time.o(.text)
    OSTimeSet                                0x0800322f   Thumb Code    20  os_time.o(.text)
    OS_CPU_SR_Save                           0x0800325d   Thumb Code     0  os_cpu_a.o(.text)
    OS_CPU_SR_Restore                        0x08003265   Thumb Code     0  os_cpu_a.o(.text)
    OSStartHighRdy                           0x0800326b   Thumb Code     0  os_cpu_a.o(.text)
    OSCtxSw                                  0x0800328b   Thumb Code     0  os_cpu_a.o(.text)
    OSIntCtxSw                               0x08003295   Thumb Code     0  os_cpu_a.o(.text)
    OS_CPU_PendSVHandler                     0x0800329f   Thumb Code     0  os_cpu_a.o(.text)
    OSInitHookBegin                          0x08003301   Thumb Code     2  os_cpu_c.o(.text)
    OSInitHookEnd                            0x08003303   Thumb Code     2  os_cpu_c.o(.text)
    OSTaskCreateHook                         0x08003305   Thumb Code     4  os_cpu_c.o(.text)
    OSTaskDelHook                            0x08003309   Thumb Code     4  os_cpu_c.o(.text)
    OSTaskIdleHook                           0x0800330d   Thumb Code     4  os_cpu_c.o(.text)
    OSTaskStatHook                           0x08003311   Thumb Code     4  os_cpu_c.o(.text)
    OSTaskStkInit                            0x08003315   Thumb Code    90  os_cpu_c.o(.text)
    OSTaskSwHook                             0x0800336f   Thumb Code     4  os_cpu_c.o(.text)
    OSTCBInitHook                            0x08003373   Thumb Code     4  os_cpu_c.o(.text)
    OSTimeTickHook                           0x08003377   Thumb Code     2  os_cpu_c.o(.text)
    OS_CPU_SysTickHandler                    0x08003379   Thumb Code    30  os_cpu_c.o(.text)
    OS_CPU_SysTickInit                       0x08003397   Thumb Code    40  os_cpu_c.o(.text)
    __scatterload                            0x080033c5   Thumb Code    28  init.o(.text)
    __scatterload_rt2                        0x080033c5   Thumb Code     0  init.o(.text)
    ResetHndlr                               0x080033e9   Thumb Code     0  init.o(INIT)
    __0printf$bare                           0x080033f1   Thumb Code     8  printfb.o(i.__0printf$bare)
    __1printf$bare                           0x080033f1   Thumb Code     0  printfb.o(i.__0printf$bare)
    __2printf                                0x080033f1   Thumb Code     0  printfb.o(i.__0printf$bare)
    __scatterload_copy                       0x08003401   Thumb Code    14  handlers.o(i.__scatterload_copy)
    __scatterload_null                       0x0800340f   Thumb Code     2  handlers.o(i.__scatterload_null)
    __scatterload_zeroinit                   0x08003411   Thumb Code    14  handlers.o(i.__scatterload_zeroinit)
    OSUnMapTbl                               0x08003454   Data         256  os_core.o(.constdata)
    Region$$Table$$Base                      0x08003554   Number         0  anon$$obj.o(Region$$Table)
    Region$$Table$$Limit                     0x08003574   Number         0  anon$$obj.o(Region$$Table)
    OSCPUUsage                               0x20000008   Data           1  os_core.o(.data)
    OSStatRdy                                0x20000009   Data           1  os_core.o(.data)
    OSIntNesting                             0x2000000a   Data           1  os_core.o(.data)
    OSLockNesting                            0x2000000b   Data           1  os_core.o(.data)
    OSPrioCur                                0x2000000c   Data           1  os_core.o(.data)
    OSPrioHighRdy                            0x2000000d   Data           1  os_core.o(.data)
    OSRdyGrp                                 0x2000000e   Data           1  os_core.o(.data)
    OSRunning                                0x2000000f   Data           1  os_core.o(.data)
    OSTaskCtr                                0x20000010   Data           1  os_core.o(.data)
    OSTickStepState                          0x20000011   Data           1  os_core.o(.data)
    OSCtxSwCtr                               0x20000014   Data           4  os_core.o(.data)
    OSEventFreeList                          0x20000018   Data           4  os_core.o(.data)
    OSIdleCtrMax                             0x2000001c   Data           4  os_core.o(.data)
    OSIdleCtrRun                             0x20000020   Data           4  os_core.o(.data)
    OSRdyTbl                                 0x20000024   Data           4  os_core.o(.data)
    OSIdleCtr                                0x20000028   Data           4  os_core.o(.data)
    OSTCBCur                                 0x2000002c   Data           4  os_core.o(.data)
    OSTCBFreeList                            0x20000030   Data           4  os_core.o(.data)
    OSTCBHighRdy                             0x20000034   Data           4  os_core.o(.data)
    OSTCBList                                0x20000038   Data           4  os_core.o(.data)
    OSTime                                   0x2000003c   Data           4  os_core.o(.data)
    OSFlagFreeList                           0x20000040   Data           4  os_core.o(.data)
    __stdout                                 0x20000044   Data           4  stdout.o(.data)
    OSEventTbl                               0x200004f0   Data         320  os_core.o(.bss)
    OSTaskStatStk                            0x20000630   Data         512  os_core.o(.bss)
    OSTaskIdleStk                            0x20000830   Data         512  os_core.o(.bss)
    OSTCBPrioTbl                             0x20000a30   Data         128  os_core.o(.bss)
    OSTCBTbl                                 0x20000ab0   Data        2024  os_core.o(.bss)
    OSFlagTbl                                0x20001298   Data         140  os_core.o(.bss)
    Image$$ARM_LIB_STACK$$ZI$$Limit          0x20004b00   Number         0  anon$$obj.o ABSOLUTE



==============================================================================

Memory Map of the image

  Image Entry point : 0x080033e9

  Load Region LR_IROM1 (Base: 0x08000000, Size: 0x000035bc, Max: 0x00020000, ABSOLUTE)

    Execution Region ER_IROM1 (Base: 0x08000000, Size: 0x00003574, Max: 0x08020000, ABSOLUTE)

    Base Addr    Size         Type   Attr      Idx    E Section Name        Object

    0x08000000   0x000000f8   Code   RO            3  * VECT                vectors.o
    0x080000f8   0x00000000   Code   RO          529  * .ARM.Collect$$$$00000000  mc_w.l(entry.o)
    0x080000f8   0x00000004   Code   RO          792    .ARM.Collect$$$$00000003  mc_w.l(entry4.o)
    0x080000fc   0x00000004   Code   RO          795    .ARM.Collect$$$$00000004  mc_w.l(entry5.o)
    0x08000100   0x00000000   Code   RO          797    .ARM.Collect$$$$00000008  mc_w.l(entry7b.o)
    0x08000100   0x00000000   Code   RO          799    .ARM.Collect$$$$0000000A  mc_w.l(entry8b.o)
    0x08000100   0x00000008   Code   RO          800    .ARM.Collect$$$$0000000B  mc_w.l(entry9a.o)
    0x08000108   0x00000000   Code   RO          802    .ARM.Collect$$$$0000000D  mc_w.l(entry10a.o)
    0x08000108   0x00000000   Code   RO          804    .ARM.Collect$$$$0000000F  mc_w.l(entry11a.o)
    0x08000108   0x00000004   Code   RO          793    .ARM.Collect$$$$00002714  mc_w.l(entry4.o)
    0x0800010c   0x000000b4   Code   RO            8    .text               main.o
    0x080001c0   0x0000035c   Code   RO          137    .text               bsp.o
    0x0800051c   0x0000019c   Code   RO          162    .text               bsp_int.o
    0x080006b8   0x00000328   Code   RO          188    .text               stm32f10x_usart.o
    0x080009e0   0x0000026c   Code   RO          200    .text               stm32f10x_gpio.o
    0x08000c4c   0x000002f8   Code   RO          260    .text               stm32f10x_rcc.o
    0x08000f44   0x0000036c   Code   RO          275    .text               stm32f10x_adc.o
    0x080012b0   0x0000003c   Code   RO          299    .text               stm32f10x_flash.o
    0x080012ec   0x000002e8   Code   RO          332    .text               stm32f10x_nvic.o
    0x080015d4   0x0000002a   Code   RO          344    .text               cpu_a.o
    0x080015fe   0x00000002   PAD
    0x08001600   0x000003dc   Code   RO          347    .text               cpu_c.o
    0x080019dc   0x00000970   Code   RO          359    .text               os_core.o
    0x0800234c   0x000006f0   Code   RO          381    .text               os_flag.o
    0x08002a3c   0x000006b4   Code   RO          435    .text               os_task.o
    0x080030f0   0x0000016c   Code   RO          447    .text               os_time.o
    0x0800325c   0x000000a4   Code   RO          465    .text               os_cpu_a.o
    0x08003300   0x000000c4   Code   RO          468    .text               os_cpu_c.o
    0x080033c4   0x00000024   Code   RO          822    .text               mc_w.l(init.o)
    0x080033e8   0x00000008   Code   RO          159  * INIT                init.o
    0x080033f0   0x00000010   Code   RO          533    i.__0printf$bare    mc_w.l(printfb.o)
    0x08003400   0x0000000e   Code   RO          834    i.__scatterload_copy  mc_w.l(handlers.o)
    0x0800340e   0x00000002   Code   RO          835    i.__scatterload_null  mc_w.l(handlers.o)
    0x08003410   0x0000000e   Code   RO          836    i.__scatterload_zeroinit  mc_w.l(handlers.o)
    0x0800341e   0x00000022   Code   RO          540    i._printf_core      mc_w.l(printfb.o)
    0x08003440   0x00000014   Data   RO          261    .constdata          stm32f10x_rcc.o
    0x08003454   0x00000100   Data   RO          362    .constdata          os_core.o
    0x08003554   0x00000020   Data   RO          832    Region$$Table       anon$$obj.o


    Execution Region RW_IRAM1 (Base: 0x20000000, Size: 0x00001324, Max: 0x00004c00, ABSOLUTE)

    Base Addr    Size         Type   Attr      Idx    E Section Name        Object

    0x20000000   0x00000008   Data   RW          262    .data               stm32f10x_rcc.o
    0x20000008   0x00000038   Data   RW          363    .data               os_core.o
    0x20000040   0x00000004   Data   RW          364    .data               os_core.o
    0x20000044   0x00000004   Data   RW          806    .data               mc_w.l(stdout.o)
    0x20000048   0x00000400   Zero   RW            9    .bss                main.o
    0x20000448   0x000000a8   Zero   RW          163    .bss                bsp_int.o
    0x200004f0   0x00000da8   Zero   RW          360    .bss                os_core.o
    0x20001298   0x0000008c   Zero   RW          361    .bss                os_core.o


    Execution Region ARM_LIB_HEAP (Base: 0x20004700, Size: 0x00000200, Max: 0x00000200, ABSOLUTE)

    Base Addr    Size         Type   Attr      Idx    E Section Name        Object

    0x20004700   0x00000200   Zero   RW            1    ARM_LIB_HEAP.bss    anon$$obj.o


    Execution Region ARM_LIB_STACK (Base: 0x20004900, Size: 0x00000200, Max: 0x00000200, ABSOLUTE)

    Base Addr    Size         Type   Attr      Idx    E Section Name        Object

    0x20004900   0x00000200   Zero   RW            2    ARM_LIB_STACK.bss   anon$$obj.o


==============================================================================

Image component sizes


      Code (inc. data)   RO Data    RW Data    ZI Data      Debug   Object Name

       860         28          0          0          0       4354   bsp.o
       412         20          0          0        168       7212   bsp_int.o
        42          0          0          0          0        352   cpu_a.o
       988         74          0          0          0       4355   cpu_c.o
         8          4          0          0          0        240   init.o
       180         30          0          0       1024      70444   main.o
      2416         82        256         60       3636      19688   os_core.o
       164         32          0          0          0        420   os_cpu_a.o
       196          6          0          0          0      12499   os_cpu_c.o
      1776         36          0          0          0       7908   os_flag.o
      1716         66          0          0          0       7461   os_task.o
       364         26          0          0          0       1994   os_time.o
       876         22          0          0          0      11453   stm32f10x_adc.o
        60          6          0          0          0        888   stm32f10x_flash.o
       620         18          0          0          0       5791   stm32f10x_gpio.o
       744         20          0          0          0       6889   stm32f10x_nvic.o
       760         38         20          8          0       9300   stm32f10x_rcc.o
       808         12          0          0          0       8363   stm32f10x_usart.o
       248        236          0          0          0        268   vectors.o

    ----------------------------------------------------------------------
     13240        756        308         68       5852     179879   Object Totals
         0          0         32          0       1024          0   (incl. Generated)
         2          0          0          0          0          0   (incl. Padding)

    ----------------------------------------------------------------------

      Code (inc. data)   RO Data    RW Data    ZI Data      Debug   Library Member Name

         0          0          0          0          0          0   entry.o
         0          0          0          0          0          0   entry10a.o
         0          0          0          0          0          0   entry11a.o
         8          4          0          0          0          0   entry4.o
         4          0          0          0          0          0   entry5.o
         0          0          0          0          0          0   entry7b.o
         0          0          0          0          0          0   entry8b.o
         8          4          0          0          0          0   entry9a.o
        30          0          0          0          0          0   handlers.o
        36          8          0          0          0         68   init.o
        50          8          0          0          0        152   printfb.o
         0          0          0          4          0          0   stdout.o

    ----------------------------------------------------------------------
       136         24          0          4          0        220   Library Totals
         0          0          0          0          0          0   (incl. Padding)

    ----------------------------------------------------------------------

      Code (inc. data)   RO Data    RW Data    ZI Data      Debug   Library Name

       136         24          0          4          0        220   mc_w.l

    ----------------------------------------------------------------------
       136         24          0          4          0        220   Library Totals

    ----------------------------------------------------------------------

==============================================================================


      Code (inc. data)   RO Data    RW Data    ZI Data      Debug   

     13376        780        308         72       5852     178483   Grand Totals
     13376        780        308         72       5852     178483   ELF Image Totals
     13376        780        308         72          0          0   ROM Totals

==============================================================================

    Total RO  Size (Code + RO Data)                13684 (  13.36kB)
    Total RW  Size (RW Data + ZI Data)              5924 (   5.79kB)
    Total ROM Size (Code + RO Data + RW Data)      13756 (  13.43kB)

==============================================================================

