<!doctype html public "-//w3c//dtd html 4.0 transitional//en">
<html><head>
<title>Static Call Graph - [.\output\STM3210B-EVAL-OS-Probe.axf]</title></head>
<body><HR>
<H1>Static Call Graph for image .\output\STM3210B-EVAL-OS-Probe.axf</H1><HR>
<BR><P>#&#060CALLGRAPH&#062# ARM Linker, 5050169: Last Updated: Thu Feb 18 10:47:15 2016
<BR><P>
<H3>Maximum Stack Usage =        152 bytes + Unknown(Functions without stacksize, Cycles, Untraceable Function Pointers)</H3><H3>
Call chain for Maximum Stack Depth:</H3>
main &rArr; OSInit &rArr; OS_InitTaskIdle &rArr; OSTaskCreateExt &rArr; OS_TCBInit
<P>
<H3>
Functions with no stack information
</H3><UL>
 <LI><a href="#[7c]">CPU_IntDis</a>
 <LI><a href="#[143]">CPU_IntEn</a>
 <LI><a href="#[80]">CPU_SR_Save</a>
 <LI><a href="#[81]">CPU_SR_Restore</a>
 <LI><a href="#[144]">CPU_CntLeadZeros</a>
 <LI><a href="#[8e]">CPU_RevBits</a>
 <LI><a href="#[145]">CPU_WaitForInt</a>
 <LI><a href="#[146]">CPU_WaitForExcept</a>
 <LI><a href="#[91]">OS_CPU_SR_Save</a>
 <LI><a href="#[93]">OS_CPU_SR_Restore</a>
 <LI><a href="#[b2]">OSStartHighRdy</a>
 <LI><a href="#[98]">OSCtxSw</a>
 <LI><a href="#[af]">OSIntCtxSw</a>
 <LI><a href="#[7]">OS_CPU_PendSVHandler</a>
 <LI><a href="#[3c]">ResetHndlr</a>
 <LI><a href="#[1]">App_NMI_ISR</a>
 <LI><a href="#[2]">App_Fault_ISR</a>
 <LI><a href="#[3]">App_MemFault_ISR</a>
 <LI><a href="#[4]">App_BusFault_ISR</a>
 <LI><a href="#[5]">App_UsageFault_ISR</a>
 <LI><a href="#[6]">App_Spurious_ISR</a>
</UL>
</UL>
<P>
<H3>
Mutually Recursive functions
</H3> <LI><a href="#[1]">App_NMI_ISR</a>&nbsp;&nbsp;&nbsp;&rArr;&nbsp;&nbsp;&nbsp;<a href="#[1]">App_NMI_ISR</a><BR>
 <LI><a href="#[2]">App_Fault_ISR</a>&nbsp;&nbsp;&nbsp;&rArr;&nbsp;&nbsp;&nbsp;<a href="#[2]">App_Fault_ISR</a><BR>
 <LI><a href="#[3]">App_MemFault_ISR</a>&nbsp;&nbsp;&nbsp;&rArr;&nbsp;&nbsp;&nbsp;<a href="#[3]">App_MemFault_ISR</a><BR>
 <LI><a href="#[4]">App_BusFault_ISR</a>&nbsp;&nbsp;&nbsp;&rArr;&nbsp;&nbsp;&nbsp;<a href="#[4]">App_BusFault_ISR</a><BR>
 <LI><a href="#[5]">App_UsageFault_ISR</a>&nbsp;&nbsp;&nbsp;&rArr;&nbsp;&nbsp;&nbsp;<a href="#[5]">App_UsageFault_ISR</a><BR>
 <LI><a href="#[6]">App_Spurious_ISR</a>&nbsp;&nbsp;&nbsp;&rArr;&nbsp;&nbsp;&nbsp;<a href="#[6]">App_Spurious_ISR</a><BR>
</UL>
<P>
<H3>
Function Pointers
</H3><UL>
 <LI><a href="#[4]">App_BusFault_ISR</a> from vectors.o(VECT) referenced from vectors.o(VECT)
 <LI><a href="#[2]">App_Fault_ISR</a> from vectors.o(VECT) referenced from vectors.o(VECT)
 <LI><a href="#[3]">App_MemFault_ISR</a> from vectors.o(VECT) referenced from vectors.o(VECT)
 <LI><a href="#[1]">App_NMI_ISR</a> from vectors.o(VECT) referenced from vectors.o(VECT)
 <LI><a href="#[6]">App_Spurious_ISR</a> from vectors.o(VECT) referenced 3 times from vectors.o(VECT)
 <LI><a href="#[35]">App_TaskLED</a> from main.o(.text) referenced from main.o(.text)
 <LI><a href="#[36]">App_TaskStart</a> from main.o(.text) referenced from main.o(.text)
 <LI><a href="#[5]">App_UsageFault_ISR</a> from vectors.o(VECT) referenced from vectors.o(VECT)
 <LI><a href="#[1b]">BSP_IntHandlerADC1_2</a> from bsp_int.o(.text) referenced from vectors.o(VECT)
 <LI><a href="#[1e]">BSP_IntHandlerCAN_RX1</a> from bsp_int.o(.text) referenced from vectors.o(VECT)
 <LI><a href="#[1f]">BSP_IntHandlerCAN_SCE</a> from bsp_int.o(.text) referenced from vectors.o(VECT)
 <LI><a href="#[14]">BSP_IntHandlerDMA1_CH1</a> from bsp_int.o(.text) referenced from vectors.o(VECT)
 <LI><a href="#[15]">BSP_IntHandlerDMA1_CH2</a> from bsp_int.o(.text) referenced from vectors.o(VECT)
 <LI><a href="#[16]">BSP_IntHandlerDMA1_CH3</a> from bsp_int.o(.text) referenced from vectors.o(VECT)
 <LI><a href="#[17]">BSP_IntHandlerDMA1_CH4</a> from bsp_int.o(.text) referenced from vectors.o(VECT)
 <LI><a href="#[18]">BSP_IntHandlerDMA1_CH5</a> from bsp_int.o(.text) referenced from vectors.o(VECT)
 <LI><a href="#[19]">BSP_IntHandlerDMA1_CH6</a> from bsp_int.o(.text) referenced from vectors.o(VECT)
 <LI><a href="#[1a]">BSP_IntHandlerDMA1_CH7</a> from bsp_int.o(.text) referenced from vectors.o(VECT)
 <LI><a href="#[37]">BSP_IntHandlerDummy</a> from bsp_int.o(.text) referenced from bsp_int.o(.text)
 <LI><a href="#[f]">BSP_IntHandlerEXTI0</a> from bsp_int.o(.text) referenced from vectors.o(VECT)
 <LI><a href="#[10]">BSP_IntHandlerEXTI1</a> from bsp_int.o(.text) referenced from vectors.o(VECT)
 <LI><a href="#[31]">BSP_IntHandlerEXTI15_10</a> from bsp_int.o(.text) referenced from vectors.o(VECT)
 <LI><a href="#[11]">BSP_IntHandlerEXTI2</a> from bsp_int.o(.text) referenced from vectors.o(VECT)
 <LI><a href="#[12]">BSP_IntHandlerEXTI3</a> from bsp_int.o(.text) referenced from vectors.o(VECT)
 <LI><a href="#[13]">BSP_IntHandlerEXTI4</a> from bsp_int.o(.text) referenced from vectors.o(VECT)
 <LI><a href="#[20]">BSP_IntHandlerEXTI9_5</a> from bsp_int.o(.text) referenced from vectors.o(VECT)
 <LI><a href="#[d]">BSP_IntHandlerFLASH</a> from bsp_int.o(.text) referenced from vectors.o(VECT)
 <LI><a href="#[29]">BSP_IntHandlerI2C1_ER</a> from bsp_int.o(.text) referenced from vectors.o(VECT)
 <LI><a href="#[28]">BSP_IntHandlerI2C1_EV</a> from bsp_int.o(.text) referenced from vectors.o(VECT)
 <LI><a href="#[2b]">BSP_IntHandlerI2C2_ER</a> from bsp_int.o(.text) referenced from vectors.o(VECT)
 <LI><a href="#[2a]">BSP_IntHandlerI2C2_EV</a> from bsp_int.o(.text) referenced from vectors.o(VECT)
 <LI><a href="#[a]">BSP_IntHandlerPVD</a> from bsp_int.o(.text) referenced from vectors.o(VECT)
 <LI><a href="#[e]">BSP_IntHandlerRCC</a> from bsp_int.o(.text) referenced from vectors.o(VECT)
 <LI><a href="#[c]">BSP_IntHandlerRTC</a> from bsp_int.o(.text) referenced from vectors.o(VECT)
 <LI><a href="#[32]">BSP_IntHandlerRTCAlarm</a> from bsp_int.o(.text) referenced from vectors.o(VECT)
 <LI><a href="#[2c]">BSP_IntHandlerSPI1</a> from bsp_int.o(.text) referenced from vectors.o(VECT)
 <LI><a href="#[2d]">BSP_IntHandlerSPI2</a> from bsp_int.o(.text) referenced from vectors.o(VECT)
 <LI><a href="#[b]">BSP_IntHandlerTAMPER</a> from bsp_int.o(.text) referenced from vectors.o(VECT)
 <LI><a href="#[21]">BSP_IntHandlerTIM1_BRK</a> from bsp_int.o(.text) referenced from vectors.o(VECT)
 <LI><a href="#[24]">BSP_IntHandlerTIM1_CC</a> from bsp_int.o(.text) referenced from vectors.o(VECT)
 <LI><a href="#[23]">BSP_IntHandlerTIM1_TRG_COM</a> from bsp_int.o(.text) referenced from vectors.o(VECT)
 <LI><a href="#[22]">BSP_IntHandlerTIM1_UP</a> from bsp_int.o(.text) referenced from vectors.o(VECT)
 <LI><a href="#[25]">BSP_IntHandlerTIM2</a> from bsp_int.o(.text) referenced from vectors.o(VECT)
 <LI><a href="#[26]">BSP_IntHandlerTIM3</a> from bsp_int.o(.text) referenced from vectors.o(VECT)
 <LI><a href="#[27]">BSP_IntHandlerTIM4</a> from bsp_int.o(.text) referenced from vectors.o(VECT)
 <LI><a href="#[2e]">BSP_IntHandlerUSART1</a> from bsp_int.o(.text) referenced from vectors.o(VECT)
 <LI><a href="#[2f]">BSP_IntHandlerUSART2</a> from bsp_int.o(.text) referenced from vectors.o(VECT)
 <LI><a href="#[30]">BSP_IntHandlerUSART3</a> from bsp_int.o(.text) referenced from vectors.o(VECT)
 <LI><a href="#[33]">BSP_IntHandlerUSBWakeUp</a> from bsp_int.o(.text) referenced from vectors.o(VECT)
 <LI><a href="#[1c]">BSP_IntHandlerUSB_HP_CAN_TX</a> from bsp_int.o(.text) referenced from vectors.o(VECT)
 <LI><a href="#[1d]">BSP_IntHandlerUSB_LP_CAN_RX0</a> from bsp_int.o(.text) referenced from vectors.o(VECT)
 <LI><a href="#[9]">BSP_IntHandlerWWDG</a> from bsp_int.o(.text) referenced from vectors.o(VECT)
 <LI><a href="#[39]">OSTaskSwHook</a> from os_cpu_c.o(.text) referenced from os_cpu_a.o(.text)
 <LI><a href="#[7]">OS_CPU_PendSVHandler</a> from os_cpu_a.o(.text) referenced from vectors.o(VECT)
 <LI><a href="#[8]">OS_CPU_SysTickHandler</a> from os_cpu_c.o(.text) referenced from vectors.o(VECT)
 <LI><a href="#[a4]">OS_TaskIdle</a> from os_core.o(.text) referenced from os_core.o(.text)
 <LI><a href="#[9e]">OS_TaskStat</a> from os_core.o(.text) referenced from os_core.o(.text)
 <LI><a href="#[3c]">ResetHndlr</a> from init.o(INIT) referenced from vectors.o(VECT)
 <LI><a href="#[38]">UART1_ISR</a> from bsp_int.o(.text) referenced from bsp_int.o(.text)
 <LI><a href="#[3a]">__main</a> from entry.o(.ARM.Collect$$$$00000000) referenced from init.o(INIT)
 <LI><a href="#[3b]">fputc</a> from bsp.o(.text) referenced from printfb.o(i.__0printf$bare)
 <LI><a href="#[34]">main</a> from main.o(.text) referenced from entry9a.o(.ARM.Collect$$$$0000000B)
</UL>
<P>
<H3>
Global Symbols
</H3>
<P><STRONG><a name="[3a]"></a>__main</STRONG> (Thumb, 0 bytes, Stack size unknown bytes, entry.o(.ARM.Collect$$$$00000000))
<BR>[Address Reference Count : 1]<UL><LI> init.o(INIT)
</UL>
<P><STRONG><a name="[dc]"></a>_main_stk</STRONG> (Thumb, 0 bytes, Stack size unknown bytes, entry4.o(.ARM.Collect$$$$00000003))

<P><STRONG><a name="[3d]"></a>_main_scatterload</STRONG> (Thumb, 0 bytes, Stack size unknown bytes, entry5.o(.ARM.Collect$$$$00000004))
<BR><BR>[Calls]<UL><LI><a href="#[3e]">&gt;&gt;</a>&nbsp;&nbsp;&nbsp;__scatterload
</UL>

<P><STRONG><a name="[d9]"></a>__main_after_scatterload</STRONG> (Thumb, 0 bytes, Stack size unknown bytes, entry5.o(.ARM.Collect$$$$00000004))
<BR><BR>[Called By]<UL><LI><a href="#[3e]">&gt;&gt;</a>&nbsp;&nbsp;&nbsp;__scatterload
</UL>

<P><STRONG><a name="[dd]"></a>_main_clock</STRONG> (Thumb, 0 bytes, Stack size unknown bytes, entry7b.o(.ARM.Collect$$$$00000008))

<P><STRONG><a name="[de]"></a>_main_cpp_init</STRONG> (Thumb, 0 bytes, Stack size unknown bytes, entry8b.o(.ARM.Collect$$$$0000000A))

<P><STRONG><a name="[df]"></a>_main_init</STRONG> (Thumb, 0 bytes, Stack size unknown bytes, entry9a.o(.ARM.Collect$$$$0000000B))

<P><STRONG><a name="[e0]"></a>__rt_final_cpp</STRONG> (Thumb, 0 bytes, Stack size unknown bytes, entry10a.o(.ARM.Collect$$$$0000000D))

<P><STRONG><a name="[e1]"></a>__rt_final_exit</STRONG> (Thumb, 0 bytes, Stack size unknown bytes, entry11a.o(.ARM.Collect$$$$0000000F))

<P><STRONG><a name="[34]"></a>main</STRONG> (Thumb, 44 bytes, Stack size 8 bytes, main.o(.text))
<BR><BR>[Stack]<UL><LI>Max Depth = 152 + Unknown Stack Size
<LI>Call Chain = main &rArr; OSInit &rArr; OS_InitTaskIdle &rArr; OSTaskCreateExt &rArr; OS_TCBInit
</UL>
<BR>[Calls]<UL><LI><a href="#[4b]">&gt;&gt;</a>&nbsp;&nbsp;&nbsp;OSTimeSet
<LI><a href="#[45]">&gt;&gt;</a>&nbsp;&nbsp;&nbsp;OSTaskCreate
<LI><a href="#[4c]">&gt;&gt;</a>&nbsp;&nbsp;&nbsp;OSStart
<LI><a href="#[48]">&gt;&gt;</a>&nbsp;&nbsp;&nbsp;OSInit
<LI><a href="#[4a]">&gt;&gt;</a>&nbsp;&nbsp;&nbsp;BSP_IntInit
<LI><a href="#[47]">&gt;&gt;</a>&nbsp;&nbsp;&nbsp;BSP_IntDisAll
<LI><a href="#[49]">&gt;&gt;</a>&nbsp;&nbsp;&nbsp;BSP_Init
</UL>
<BR>[Address Reference Count : 1]<UL><LI> entry9a.o(.ARM.Collect$$$$0000000B)
</UL>
<P><STRONG><a name="[d3]"></a>App_TaskCreateHook</STRONG> (Thumb, 2 bytes, Stack size 0 bytes, main.o(.text))
<BR><BR>[Called By]<UL><LI><a href="#[b9]">&gt;&gt;</a>&nbsp;&nbsp;&nbsp;OSTaskCreateHook
</UL>

<P><STRONG><a name="[d4]"></a>App_TaskDelHook</STRONG> (Thumb, 2 bytes, Stack size 0 bytes, main.o(.text), UNUSED)
<BR><BR>[Called By]<UL><LI><a href="#[cb]">&gt;&gt;</a>&nbsp;&nbsp;&nbsp;OSTaskDelHook
</UL>

<P><STRONG><a name="[d5]"></a>App_TaskIdleHook</STRONG> (Thumb, 2 bytes, Stack size 0 bytes, main.o(.text))
<BR><BR>[Called By]<UL><LI><a href="#[a5]">&gt;&gt;</a>&nbsp;&nbsp;&nbsp;OSTaskIdleHook
</UL>

<P><STRONG><a name="[d6]"></a>App_TaskStatHook</STRONG> (Thumb, 2 bytes, Stack size 0 bytes, main.o(.text))
<BR><BR>[Called By]<UL><LI><a href="#[a0]">&gt;&gt;</a>&nbsp;&nbsp;&nbsp;OSTaskStatHook
</UL>

<P><STRONG><a name="[d7]"></a>App_TaskSwHook</STRONG> (Thumb, 2 bytes, Stack size 0 bytes, main.o(.text))
<BR><BR>[Called By]<UL><LI><a href="#[39]">&gt;&gt;</a>&nbsp;&nbsp;&nbsp;OSTaskSwHook
</UL>

<P><STRONG><a name="[d8]"></a>App_TCBInitHook</STRONG> (Thumb, 2 bytes, Stack size 0 bytes, main.o(.text))
<BR><BR>[Called By]<UL><LI><a href="#[b8]">&gt;&gt;</a>&nbsp;&nbsp;&nbsp;OSTCBInitHook
</UL>

<P><STRONG><a name="[3b]"></a>fputc</STRONG> (Thumb, 30 bytes, Stack size 16 bytes, bsp.o(.text))
<BR><BR>[Stack]<UL><LI>Max Depth = 16<LI>Call Chain = fputc
</UL>
<BR>[Calls]<UL><LI><a href="#[4d]">&gt;&gt;</a>&nbsp;&nbsp;&nbsp;USART_SendData
<LI><a href="#[4e]">&gt;&gt;</a>&nbsp;&nbsp;&nbsp;USART_GetFlagStatus
</UL>
<BR>[Address Reference Count : 1]<UL><LI> printfb.o(i.__0printf$bare)
</UL>
<P><STRONG><a name="[4f]"></a>NVIC_Configuration</STRONG> (Thumb, 66 bytes, Stack size 16 bytes, bsp.o(.text))
<BR><BR>[Stack]<UL><LI>Max Depth = 32<LI>Call Chain = NVIC_Configuration &rArr; NVIC_Init
</UL>
<BR>[Calls]<UL><LI><a href="#[52]">&gt;&gt;</a>&nbsp;&nbsp;&nbsp;USART_ITConfig
<LI><a href="#[53]">&gt;&gt;</a>&nbsp;&nbsp;&nbsp;USART_ClearITPendingBit
<LI><a href="#[50]">&gt;&gt;</a>&nbsp;&nbsp;&nbsp;NVIC_SetVectorTable
<LI><a href="#[51]">&gt;&gt;</a>&nbsp;&nbsp;&nbsp;NVIC_Init
</UL>
<BR>[Called By]<UL><LI><a href="#[54]">&gt;&gt;</a>&nbsp;&nbsp;&nbsp;UART2_int
</UL>

<P><STRONG><a name="[54]"></a>UART2_int</STRONG> (Thumb, 126 bytes, Stack size 32 bytes, bsp.o(.text))
<BR><BR>[Stack]<UL><LI>Max Depth = 72<LI>Call Chain = UART2_int &rArr; USART_Init &rArr; RCC_GetClocksFreq
</UL>
<BR>[Calls]<UL><LI><a href="#[58]">&gt;&gt;</a>&nbsp;&nbsp;&nbsp;USART_Init
<LI><a href="#[59]">&gt;&gt;</a>&nbsp;&nbsp;&nbsp;USART_Cmd
<LI><a href="#[55]">&gt;&gt;</a>&nbsp;&nbsp;&nbsp;RCC_APB1PeriphClockCmd
<LI><a href="#[56]">&gt;&gt;</a>&nbsp;&nbsp;&nbsp;GPIO_StructInit
<LI><a href="#[57]">&gt;&gt;</a>&nbsp;&nbsp;&nbsp;GPIO_Init
<LI><a href="#[4f]">&gt;&gt;</a>&nbsp;&nbsp;&nbsp;NVIC_Configuration
</UL>
<BR>[Called By]<UL><LI><a href="#[49]">&gt;&gt;</a>&nbsp;&nbsp;&nbsp;BSP_Init
</UL>

<P><STRONG><a name="[49]"></a>BSP_Init</STRONG> (Thumb, 182 bytes, Stack size 24 bytes, bsp.o(.text))
<BR><BR>[Stack]<UL><LI>Max Depth = 96<LI>Call Chain = BSP_Init &rArr; UART2_int &rArr; USART_Init &rArr; RCC_GetClocksFreq
</UL>
<BR>[Calls]<UL><LI><a href="#[58]">&gt;&gt;</a>&nbsp;&nbsp;&nbsp;USART_Init
<LI><a href="#[59]">&gt;&gt;</a>&nbsp;&nbsp;&nbsp;USART_Cmd
<LI><a href="#[65]">&gt;&gt;</a>&nbsp;&nbsp;&nbsp;RCC_WaitForHSEStartUp
<LI><a href="#[6f]">&gt;&gt;</a>&nbsp;&nbsp;&nbsp;RCC_SYSCLKConfig
<LI><a href="#[6c]">&gt;&gt;</a>&nbsp;&nbsp;&nbsp;RCC_PLLConfig
<LI><a href="#[6d]">&gt;&gt;</a>&nbsp;&nbsp;&nbsp;RCC_PLLCmd
<LI><a href="#[67]">&gt;&gt;</a>&nbsp;&nbsp;&nbsp;RCC_PCLK2Config
<LI><a href="#[68]">&gt;&gt;</a>&nbsp;&nbsp;&nbsp;RCC_PCLK1Config
<LI><a href="#[64]">&gt;&gt;</a>&nbsp;&nbsp;&nbsp;RCC_HSEConfig
<LI><a href="#[66]">&gt;&gt;</a>&nbsp;&nbsp;&nbsp;RCC_HCLKConfig
<LI><a href="#[70]">&gt;&gt;</a>&nbsp;&nbsp;&nbsp;RCC_GetSYSCLKSource
<LI><a href="#[6e]">&gt;&gt;</a>&nbsp;&nbsp;&nbsp;RCC_GetFlagStatus
<LI><a href="#[63]">&gt;&gt;</a>&nbsp;&nbsp;&nbsp;RCC_DeInit
<LI><a href="#[5c]">&gt;&gt;</a>&nbsp;&nbsp;&nbsp;RCC_APB2PeriphClockCmd
<LI><a href="#[69]">&gt;&gt;</a>&nbsp;&nbsp;&nbsp;RCC_ADCCLKConfig
<LI><a href="#[6a]">&gt;&gt;</a>&nbsp;&nbsp;&nbsp;FLASH_SetLatency
<LI><a href="#[6b]">&gt;&gt;</a>&nbsp;&nbsp;&nbsp;FLASH_PrefetchBufferCmd
<LI><a href="#[54]">&gt;&gt;</a>&nbsp;&nbsp;&nbsp;UART2_int
<LI><a href="#[5e]">&gt;&gt;</a>&nbsp;&nbsp;&nbsp;BSP_ADC_Init
<LI><a href="#[5d]">&gt;&gt;</a>&nbsp;&nbsp;&nbsp;BSP_LED_Init
<LI><a href="#[5b]">&gt;&gt;</a>&nbsp;&nbsp;&nbsp;BSP_PB_Init
<LI><a href="#[5a]">&gt;&gt;</a>&nbsp;&nbsp;&nbsp;GPIO_Configuration
</UL>
<BR>[Called By]<UL><LI><a href="#[34]">&gt;&gt;</a>&nbsp;&nbsp;&nbsp;main
</UL>

<P><STRONG><a name="[71]"></a>BSP_CPU_ClkFreq</STRONG> (Thumb, 16 bytes, Stack size 24 bytes, bsp.o(.text))
<BR><BR>[Stack]<UL><LI>Max Depth = 32<LI>Call Chain = BSP_CPU_ClkFreq &rArr; RCC_GetClocksFreq
</UL>
<BR>[Calls]<UL><LI><a href="#[72]">&gt;&gt;</a>&nbsp;&nbsp;&nbsp;RCC_GetClocksFreq
</UL>
<BR>[Called By]<UL><LI><a href="#[73]">&gt;&gt;</a>&nbsp;&nbsp;&nbsp;OS_CPU_SysTickClkFreq
</UL>

<P><STRONG><a name="[73]"></a>OS_CPU_SysTickClkFreq</STRONG> (Thumb, 2 bytes, Stack size 0 bytes, bsp.o(.text))
<BR><BR>[Stack]<UL><LI>Max Depth = 32<LI>Call Chain = OS_CPU_SysTickClkFreq &rArr; BSP_CPU_ClkFreq &rArr; RCC_GetClocksFreq
</UL>
<BR>[Calls]<UL><LI><a href="#[71]">&gt;&gt;</a>&nbsp;&nbsp;&nbsp;BSP_CPU_ClkFreq
</UL>
<BR>[Called By]<UL><LI><a href="#[3f]">&gt;&gt;</a>&nbsp;&nbsp;&nbsp;OS_CPU_SysTickInit
</UL>

<P><STRONG><a name="[74]"></a>BSP_ADC_GetStatus</STRONG> (Thumb, 16 bytes, Stack size 0 bytes, bsp.o(.text), UNUSED)
<BR><BR>[Calls]<UL><LI><a href="#[75]">&gt;&gt;</a>&nbsp;&nbsp;&nbsp;ADC_GetConversionValue
</UL>

<P><STRONG><a name="[76]"></a>BSP_PB_GetStatus</STRONG> (Thumb, 46 bytes, Stack size 8 bytes, bsp.o(.text), UNUSED)
<BR><BR>[Calls]<UL><LI><a href="#[77]">&gt;&gt;</a>&nbsp;&nbsp;&nbsp;GPIO_ReadInputDataBit
</UL>

<P><STRONG><a name="[41]"></a>BSP_LED_Off</STRONG> (Thumb, 26 bytes, Stack size 0 bytes, bsp.o(.text))
<BR><BR>[Calls]<UL><LI><a href="#[78]">&gt;&gt;</a>&nbsp;&nbsp;&nbsp;GPIO_SetBits
</UL>
<BR>[Called By]<UL><LI><a href="#[35]">&gt;&gt;</a>&nbsp;&nbsp;&nbsp;App_TaskLED
</UL>

<P><STRONG><a name="[43]"></a>BSP_LED_On</STRONG> (Thumb, 26 bytes, Stack size 0 bytes, bsp.o(.text))
<BR><BR>[Calls]<UL><LI><a href="#[79]">&gt;&gt;</a>&nbsp;&nbsp;&nbsp;GPIO_ResetBits
</UL>
<BR>[Called By]<UL><LI><a href="#[35]">&gt;&gt;</a>&nbsp;&nbsp;&nbsp;App_TaskLED
</UL>

<P><STRONG><a name="[e2]"></a>BSP_IntClr</STRONG> (Thumb, 2 bytes, Stack size 0 bytes, bsp_int.o(.text), UNUSED)

<P><STRONG><a name="[7a]"></a>BSP_IntDis</STRONG> (Thumb, 14 bytes, Stack size 0 bytes, bsp_int.o(.text), UNUSED)
<BR><BR>[Calls]<UL><LI><a href="#[7b]">&gt;&gt;</a>&nbsp;&nbsp;&nbsp;CPU_IntSrcDis
</UL>

<P><STRONG><a name="[47]"></a>BSP_IntDisAll</STRONG> (Thumb, 4 bytes, Stack size 0 bytes, bsp_int.o(.text))
<BR><BR>[Calls]<UL><LI><a href="#[7c]">&gt;&gt;</a>&nbsp;&nbsp;&nbsp;CPU_IntDis
</UL>
<BR>[Called By]<UL><LI><a href="#[34]">&gt;&gt;</a>&nbsp;&nbsp;&nbsp;main
</UL>

<P><STRONG><a name="[7d]"></a>BSP_IntEn</STRONG> (Thumb, 14 bytes, Stack size 0 bytes, bsp_int.o(.text), UNUSED)
<BR><BR>[Calls]<UL><LI><a href="#[7e]">&gt;&gt;</a>&nbsp;&nbsp;&nbsp;CPU_IntSrcEn
</UL>

<P><STRONG><a name="[7f]"></a>BSP_IntVectSet</STRONG> (Thumb, 30 bytes, Stack size 16 bytes, bsp_int.o(.text))
<BR><BR>[Stack]<UL><LI>Max Depth = 16 + Unknown Stack Size
<LI>Call Chain = BSP_IntVectSet
</UL>
<BR>[Calls]<UL><LI><a href="#[80]">&gt;&gt;</a>&nbsp;&nbsp;&nbsp;CPU_SR_Save
<LI><a href="#[81]">&gt;&gt;</a>&nbsp;&nbsp;&nbsp;CPU_SR_Restore
</UL>
<BR>[Called By]<UL><LI><a href="#[4a]">&gt;&gt;</a>&nbsp;&nbsp;&nbsp;BSP_IntInit
</UL>

<P><STRONG><a name="[82]"></a>BSP_IntPrioSet</STRONG> (Thumb, 38 bytes, Stack size 16 bytes, bsp_int.o(.text), UNUSED)
<BR><BR>[Calls]<UL><LI><a href="#[80]">&gt;&gt;</a>&nbsp;&nbsp;&nbsp;CPU_SR_Save
<LI><a href="#[81]">&gt;&gt;</a>&nbsp;&nbsp;&nbsp;CPU_SR_Restore
<LI><a href="#[83]">&gt;&gt;</a>&nbsp;&nbsp;&nbsp;CPU_IntSrcPrioSet
</UL>

<P><STRONG><a name="[4a]"></a>BSP_IntInit</STRONG> (Thumb, 28 bytes, Stack size 8 bytes, bsp_int.o(.text))
<BR><BR>[Stack]<UL><LI>Max Depth = 24 + Unknown Stack Size
<LI>Call Chain = BSP_IntInit &rArr; BSP_IntVectSet
</UL>
<BR>[Calls]<UL><LI><a href="#[7f]">&gt;&gt;</a>&nbsp;&nbsp;&nbsp;BSP_IntVectSet
</UL>
<BR>[Called By]<UL><LI><a href="#[34]">&gt;&gt;</a>&nbsp;&nbsp;&nbsp;main
</UL>

<P><STRONG><a name="[9]"></a>BSP_IntHandlerWWDG</STRONG> (Thumb, 4 bytes, Stack size 0 bytes, bsp_int.o(.text))
<BR><BR>[Stack]<UL><LI>Max Depth = 24 + Unknown Stack Size
<LI>Call Chain = BSP_IntHandlerWWDG &rArr; BSP_IntHandler &rArr; OSIntExit
</UL>
<BR>[Calls]<UL><LI><a href="#[86]">&gt;&gt;</a>&nbsp;&nbsp;&nbsp;BSP_IntHandler
</UL>
<BR>[Address Reference Count : 1]<UL><LI> vectors.o(VECT)
</UL>
<P><STRONG><a name="[a]"></a>BSP_IntHandlerPVD</STRONG> (Thumb, 4 bytes, Stack size 0 bytes, bsp_int.o(.text))
<BR><BR>[Stack]<UL><LI>Max Depth = 24 + Unknown Stack Size
<LI>Call Chain = BSP_IntHandlerPVD &rArr; BSP_IntHandler &rArr; OSIntExit
</UL>
<BR>[Calls]<UL><LI><a href="#[86]">&gt;&gt;</a>&nbsp;&nbsp;&nbsp;BSP_IntHandler
</UL>
<BR>[Address Reference Count : 1]<UL><LI> vectors.o(VECT)
</UL>
<P><STRONG><a name="[b]"></a>BSP_IntHandlerTAMPER</STRONG> (Thumb, 4 bytes, Stack size 0 bytes, bsp_int.o(.text))
<BR><BR>[Stack]<UL><LI>Max Depth = 24 + Unknown Stack Size
<LI>Call Chain = BSP_IntHandlerTAMPER &rArr; BSP_IntHandler &rArr; OSIntExit
</UL>
<BR>[Calls]<UL><LI><a href="#[86]">&gt;&gt;</a>&nbsp;&nbsp;&nbsp;BSP_IntHandler
</UL>
<BR>[Address Reference Count : 1]<UL><LI> vectors.o(VECT)
</UL>
<P><STRONG><a name="[c]"></a>BSP_IntHandlerRTC</STRONG> (Thumb, 4 bytes, Stack size 0 bytes, bsp_int.o(.text))
<BR><BR>[Stack]<UL><LI>Max Depth = 24 + Unknown Stack Size
<LI>Call Chain = BSP_IntHandlerRTC &rArr; BSP_IntHandler &rArr; OSIntExit
</UL>
<BR>[Calls]<UL><LI><a href="#[86]">&gt;&gt;</a>&nbsp;&nbsp;&nbsp;BSP_IntHandler
</UL>
<BR>[Address Reference Count : 1]<UL><LI> vectors.o(VECT)
</UL>
<P><STRONG><a name="[d]"></a>BSP_IntHandlerFLASH</STRONG> (Thumb, 4 bytes, Stack size 0 bytes, bsp_int.o(.text))
<BR><BR>[Stack]<UL><LI>Max Depth = 24 + Unknown Stack Size
<LI>Call Chain = BSP_IntHandlerFLASH &rArr; BSP_IntHandler &rArr; OSIntExit
</UL>
<BR>[Calls]<UL><LI><a href="#[86]">&gt;&gt;</a>&nbsp;&nbsp;&nbsp;BSP_IntHandler
</UL>
<BR>[Address Reference Count : 1]<UL><LI> vectors.o(VECT)
</UL>
<P><STRONG><a name="[e]"></a>BSP_IntHandlerRCC</STRONG> (Thumb, 4 bytes, Stack size 0 bytes, bsp_int.o(.text))
<BR><BR>[Stack]<UL><LI>Max Depth = 24 + Unknown Stack Size
<LI>Call Chain = BSP_IntHandlerRCC &rArr; BSP_IntHandler &rArr; OSIntExit
</UL>
<BR>[Calls]<UL><LI><a href="#[86]">&gt;&gt;</a>&nbsp;&nbsp;&nbsp;BSP_IntHandler
</UL>
<BR>[Address Reference Count : 1]<UL><LI> vectors.o(VECT)
</UL>
<P><STRONG><a name="[f]"></a>BSP_IntHandlerEXTI0</STRONG> (Thumb, 4 bytes, Stack size 0 bytes, bsp_int.o(.text))
<BR><BR>[Stack]<UL><LI>Max Depth = 24 + Unknown Stack Size
<LI>Call Chain = BSP_IntHandlerEXTI0 &rArr; BSP_IntHandler &rArr; OSIntExit
</UL>
<BR>[Calls]<UL><LI><a href="#[86]">&gt;&gt;</a>&nbsp;&nbsp;&nbsp;BSP_IntHandler
</UL>
<BR>[Address Reference Count : 1]<UL><LI> vectors.o(VECT)
</UL>
<P><STRONG><a name="[10]"></a>BSP_IntHandlerEXTI1</STRONG> (Thumb, 4 bytes, Stack size 0 bytes, bsp_int.o(.text))
<BR><BR>[Stack]<UL><LI>Max Depth = 24 + Unknown Stack Size
<LI>Call Chain = BSP_IntHandlerEXTI1 &rArr; BSP_IntHandler &rArr; OSIntExit
</UL>
<BR>[Calls]<UL><LI><a href="#[86]">&gt;&gt;</a>&nbsp;&nbsp;&nbsp;BSP_IntHandler
</UL>
<BR>[Address Reference Count : 1]<UL><LI> vectors.o(VECT)
</UL>
<P><STRONG><a name="[11]"></a>BSP_IntHandlerEXTI2</STRONG> (Thumb, 4 bytes, Stack size 0 bytes, bsp_int.o(.text))
<BR><BR>[Stack]<UL><LI>Max Depth = 24 + Unknown Stack Size
<LI>Call Chain = BSP_IntHandlerEXTI2 &rArr; BSP_IntHandler &rArr; OSIntExit
</UL>
<BR>[Calls]<UL><LI><a href="#[86]">&gt;&gt;</a>&nbsp;&nbsp;&nbsp;BSP_IntHandler
</UL>
<BR>[Address Reference Count : 1]<UL><LI> vectors.o(VECT)
</UL>
<P><STRONG><a name="[12]"></a>BSP_IntHandlerEXTI3</STRONG> (Thumb, 4 bytes, Stack size 0 bytes, bsp_int.o(.text))
<BR><BR>[Stack]<UL><LI>Max Depth = 24 + Unknown Stack Size
<LI>Call Chain = BSP_IntHandlerEXTI3 &rArr; BSP_IntHandler &rArr; OSIntExit
</UL>
<BR>[Calls]<UL><LI><a href="#[86]">&gt;&gt;</a>&nbsp;&nbsp;&nbsp;BSP_IntHandler
</UL>
<BR>[Address Reference Count : 1]<UL><LI> vectors.o(VECT)
</UL>
<P><STRONG><a name="[13]"></a>BSP_IntHandlerEXTI4</STRONG> (Thumb, 4 bytes, Stack size 0 bytes, bsp_int.o(.text))
<BR><BR>[Stack]<UL><LI>Max Depth = 24 + Unknown Stack Size
<LI>Call Chain = BSP_IntHandlerEXTI4 &rArr; BSP_IntHandler &rArr; OSIntExit
</UL>
<BR>[Calls]<UL><LI><a href="#[86]">&gt;&gt;</a>&nbsp;&nbsp;&nbsp;BSP_IntHandler
</UL>
<BR>[Address Reference Count : 1]<UL><LI> vectors.o(VECT)
</UL>
<P><STRONG><a name="[14]"></a>BSP_IntHandlerDMA1_CH1</STRONG> (Thumb, 4 bytes, Stack size 0 bytes, bsp_int.o(.text))
<BR><BR>[Stack]<UL><LI>Max Depth = 24 + Unknown Stack Size
<LI>Call Chain = BSP_IntHandlerDMA1_CH1 &rArr; BSP_IntHandler &rArr; OSIntExit
</UL>
<BR>[Calls]<UL><LI><a href="#[86]">&gt;&gt;</a>&nbsp;&nbsp;&nbsp;BSP_IntHandler
</UL>
<BR>[Address Reference Count : 1]<UL><LI> vectors.o(VECT)
</UL>
<P><STRONG><a name="[15]"></a>BSP_IntHandlerDMA1_CH2</STRONG> (Thumb, 4 bytes, Stack size 0 bytes, bsp_int.o(.text))
<BR><BR>[Stack]<UL><LI>Max Depth = 24 + Unknown Stack Size
<LI>Call Chain = BSP_IntHandlerDMA1_CH2 &rArr; BSP_IntHandler &rArr; OSIntExit
</UL>
<BR>[Calls]<UL><LI><a href="#[86]">&gt;&gt;</a>&nbsp;&nbsp;&nbsp;BSP_IntHandler
</UL>
<BR>[Address Reference Count : 1]<UL><LI> vectors.o(VECT)
</UL>
<P><STRONG><a name="[16]"></a>BSP_IntHandlerDMA1_CH3</STRONG> (Thumb, 4 bytes, Stack size 0 bytes, bsp_int.o(.text))
<BR><BR>[Stack]<UL><LI>Max Depth = 24 + Unknown Stack Size
<LI>Call Chain = BSP_IntHandlerDMA1_CH3 &rArr; BSP_IntHandler &rArr; OSIntExit
</UL>
<BR>[Calls]<UL><LI><a href="#[86]">&gt;&gt;</a>&nbsp;&nbsp;&nbsp;BSP_IntHandler
</UL>
<BR>[Address Reference Count : 1]<UL><LI> vectors.o(VECT)
</UL>
<P><STRONG><a name="[17]"></a>BSP_IntHandlerDMA1_CH4</STRONG> (Thumb, 4 bytes, Stack size 0 bytes, bsp_int.o(.text))
<BR><BR>[Stack]<UL><LI>Max Depth = 24 + Unknown Stack Size
<LI>Call Chain = BSP_IntHandlerDMA1_CH4 &rArr; BSP_IntHandler &rArr; OSIntExit
</UL>
<BR>[Calls]<UL><LI><a href="#[86]">&gt;&gt;</a>&nbsp;&nbsp;&nbsp;BSP_IntHandler
</UL>
<BR>[Address Reference Count : 1]<UL><LI> vectors.o(VECT)
</UL>
<P><STRONG><a name="[18]"></a>BSP_IntHandlerDMA1_CH5</STRONG> (Thumb, 4 bytes, Stack size 0 bytes, bsp_int.o(.text))
<BR><BR>[Stack]<UL><LI>Max Depth = 24 + Unknown Stack Size
<LI>Call Chain = BSP_IntHandlerDMA1_CH5 &rArr; BSP_IntHandler &rArr; OSIntExit
</UL>
<BR>[Calls]<UL><LI><a href="#[86]">&gt;&gt;</a>&nbsp;&nbsp;&nbsp;BSP_IntHandler
</UL>
<BR>[Address Reference Count : 1]<UL><LI> vectors.o(VECT)
</UL>
<P><STRONG><a name="[19]"></a>BSP_IntHandlerDMA1_CH6</STRONG> (Thumb, 4 bytes, Stack size 0 bytes, bsp_int.o(.text))
<BR><BR>[Stack]<UL><LI>Max Depth = 24 + Unknown Stack Size
<LI>Call Chain = BSP_IntHandlerDMA1_CH6 &rArr; BSP_IntHandler &rArr; OSIntExit
</UL>
<BR>[Calls]<UL><LI><a href="#[86]">&gt;&gt;</a>&nbsp;&nbsp;&nbsp;BSP_IntHandler
</UL>
<BR>[Address Reference Count : 1]<UL><LI> vectors.o(VECT)
</UL>
<P><STRONG><a name="[1a]"></a>BSP_IntHandlerDMA1_CH7</STRONG> (Thumb, 4 bytes, Stack size 0 bytes, bsp_int.o(.text))
<BR><BR>[Stack]<UL><LI>Max Depth = 24 + Unknown Stack Size
<LI>Call Chain = BSP_IntHandlerDMA1_CH7 &rArr; BSP_IntHandler &rArr; OSIntExit
</UL>
<BR>[Calls]<UL><LI><a href="#[86]">&gt;&gt;</a>&nbsp;&nbsp;&nbsp;BSP_IntHandler
</UL>
<BR>[Address Reference Count : 1]<UL><LI> vectors.o(VECT)
</UL>
<P><STRONG><a name="[1b]"></a>BSP_IntHandlerADC1_2</STRONG> (Thumb, 4 bytes, Stack size 0 bytes, bsp_int.o(.text))
<BR><BR>[Stack]<UL><LI>Max Depth = 24 + Unknown Stack Size
<LI>Call Chain = BSP_IntHandlerADC1_2 &rArr; BSP_IntHandler &rArr; OSIntExit
</UL>
<BR>[Calls]<UL><LI><a href="#[86]">&gt;&gt;</a>&nbsp;&nbsp;&nbsp;BSP_IntHandler
</UL>
<BR>[Address Reference Count : 1]<UL><LI> vectors.o(VECT)
</UL>
<P><STRONG><a name="[1c]"></a>BSP_IntHandlerUSB_HP_CAN_TX</STRONG> (Thumb, 4 bytes, Stack size 0 bytes, bsp_int.o(.text))
<BR><BR>[Stack]<UL><LI>Max Depth = 24 + Unknown Stack Size
<LI>Call Chain = BSP_IntHandlerUSB_HP_CAN_TX &rArr; BSP_IntHandler &rArr; OSIntExit
</UL>
<BR>[Calls]<UL><LI><a href="#[86]">&gt;&gt;</a>&nbsp;&nbsp;&nbsp;BSP_IntHandler
</UL>
<BR>[Address Reference Count : 1]<UL><LI> vectors.o(VECT)
</UL>
<P><STRONG><a name="[1d]"></a>BSP_IntHandlerUSB_LP_CAN_RX0</STRONG> (Thumb, 4 bytes, Stack size 0 bytes, bsp_int.o(.text))
<BR><BR>[Stack]<UL><LI>Max Depth = 24 + Unknown Stack Size
<LI>Call Chain = BSP_IntHandlerUSB_LP_CAN_RX0 &rArr; BSP_IntHandler &rArr; OSIntExit
</UL>
<BR>[Calls]<UL><LI><a href="#[86]">&gt;&gt;</a>&nbsp;&nbsp;&nbsp;BSP_IntHandler
</UL>
<BR>[Address Reference Count : 1]<UL><LI> vectors.o(VECT)
</UL>
<P><STRONG><a name="[1e]"></a>BSP_IntHandlerCAN_RX1</STRONG> (Thumb, 4 bytes, Stack size 0 bytes, bsp_int.o(.text))
<BR><BR>[Stack]<UL><LI>Max Depth = 24 + Unknown Stack Size
<LI>Call Chain = BSP_IntHandlerCAN_RX1 &rArr; BSP_IntHandler &rArr; OSIntExit
</UL>
<BR>[Calls]<UL><LI><a href="#[86]">&gt;&gt;</a>&nbsp;&nbsp;&nbsp;BSP_IntHandler
</UL>
<BR>[Address Reference Count : 1]<UL><LI> vectors.o(VECT)
</UL>
<P><STRONG><a name="[1f]"></a>BSP_IntHandlerCAN_SCE</STRONG> (Thumb, 4 bytes, Stack size 0 bytes, bsp_int.o(.text))
<BR><BR>[Stack]<UL><LI>Max Depth = 24 + Unknown Stack Size
<LI>Call Chain = BSP_IntHandlerCAN_SCE &rArr; BSP_IntHandler &rArr; OSIntExit
</UL>
<BR>[Calls]<UL><LI><a href="#[86]">&gt;&gt;</a>&nbsp;&nbsp;&nbsp;BSP_IntHandler
</UL>
<BR>[Address Reference Count : 1]<UL><LI> vectors.o(VECT)
</UL>
<P><STRONG><a name="[20]"></a>BSP_IntHandlerEXTI9_5</STRONG> (Thumb, 4 bytes, Stack size 0 bytes, bsp_int.o(.text))
<BR><BR>[Stack]<UL><LI>Max Depth = 24 + Unknown Stack Size
<LI>Call Chain = BSP_IntHandlerEXTI9_5 &rArr; BSP_IntHandler &rArr; OSIntExit
</UL>
<BR>[Calls]<UL><LI><a href="#[86]">&gt;&gt;</a>&nbsp;&nbsp;&nbsp;BSP_IntHandler
</UL>
<BR>[Address Reference Count : 1]<UL><LI> vectors.o(VECT)
</UL>
<P><STRONG><a name="[21]"></a>BSP_IntHandlerTIM1_BRK</STRONG> (Thumb, 4 bytes, Stack size 0 bytes, bsp_int.o(.text))
<BR><BR>[Stack]<UL><LI>Max Depth = 24 + Unknown Stack Size
<LI>Call Chain = BSP_IntHandlerTIM1_BRK &rArr; BSP_IntHandler &rArr; OSIntExit
</UL>
<BR>[Calls]<UL><LI><a href="#[86]">&gt;&gt;</a>&nbsp;&nbsp;&nbsp;BSP_IntHandler
</UL>
<BR>[Address Reference Count : 1]<UL><LI> vectors.o(VECT)
</UL>
<P><STRONG><a name="[22]"></a>BSP_IntHandlerTIM1_UP</STRONG> (Thumb, 4 bytes, Stack size 0 bytes, bsp_int.o(.text))
<BR><BR>[Stack]<UL><LI>Max Depth = 24 + Unknown Stack Size
<LI>Call Chain = BSP_IntHandlerTIM1_UP &rArr; BSP_IntHandler &rArr; OSIntExit
</UL>
<BR>[Calls]<UL><LI><a href="#[86]">&gt;&gt;</a>&nbsp;&nbsp;&nbsp;BSP_IntHandler
</UL>
<BR>[Address Reference Count : 1]<UL><LI> vectors.o(VECT)
</UL>
<P><STRONG><a name="[23]"></a>BSP_IntHandlerTIM1_TRG_COM</STRONG> (Thumb, 4 bytes, Stack size 0 bytes, bsp_int.o(.text))
<BR><BR>[Stack]<UL><LI>Max Depth = 24 + Unknown Stack Size
<LI>Call Chain = BSP_IntHandlerTIM1_TRG_COM &rArr; BSP_IntHandler &rArr; OSIntExit
</UL>
<BR>[Calls]<UL><LI><a href="#[86]">&gt;&gt;</a>&nbsp;&nbsp;&nbsp;BSP_IntHandler
</UL>
<BR>[Address Reference Count : 1]<UL><LI> vectors.o(VECT)
</UL>
<P><STRONG><a name="[24]"></a>BSP_IntHandlerTIM1_CC</STRONG> (Thumb, 4 bytes, Stack size 0 bytes, bsp_int.o(.text))
<BR><BR>[Stack]<UL><LI>Max Depth = 24 + Unknown Stack Size
<LI>Call Chain = BSP_IntHandlerTIM1_CC &rArr; BSP_IntHandler &rArr; OSIntExit
</UL>
<BR>[Calls]<UL><LI><a href="#[86]">&gt;&gt;</a>&nbsp;&nbsp;&nbsp;BSP_IntHandler
</UL>
<BR>[Address Reference Count : 1]<UL><LI> vectors.o(VECT)
</UL>
<P><STRONG><a name="[25]"></a>BSP_IntHandlerTIM2</STRONG> (Thumb, 4 bytes, Stack size 0 bytes, bsp_int.o(.text))
<BR><BR>[Stack]<UL><LI>Max Depth = 24 + Unknown Stack Size
<LI>Call Chain = BSP_IntHandlerTIM2 &rArr; BSP_IntHandler &rArr; OSIntExit
</UL>
<BR>[Calls]<UL><LI><a href="#[86]">&gt;&gt;</a>&nbsp;&nbsp;&nbsp;BSP_IntHandler
</UL>
<BR>[Address Reference Count : 1]<UL><LI> vectors.o(VECT)
</UL>
<P><STRONG><a name="[26]"></a>BSP_IntHandlerTIM3</STRONG> (Thumb, 4 bytes, Stack size 0 bytes, bsp_int.o(.text))
<BR><BR>[Stack]<UL><LI>Max Depth = 24 + Unknown Stack Size
<LI>Call Chain = BSP_IntHandlerTIM3 &rArr; BSP_IntHandler &rArr; OSIntExit
</UL>
<BR>[Calls]<UL><LI><a href="#[86]">&gt;&gt;</a>&nbsp;&nbsp;&nbsp;BSP_IntHandler
</UL>
<BR>[Address Reference Count : 1]<UL><LI> vectors.o(VECT)
</UL>
<P><STRONG><a name="[27]"></a>BSP_IntHandlerTIM4</STRONG> (Thumb, 4 bytes, Stack size 0 bytes, bsp_int.o(.text))
<BR><BR>[Stack]<UL><LI>Max Depth = 24 + Unknown Stack Size
<LI>Call Chain = BSP_IntHandlerTIM4 &rArr; BSP_IntHandler &rArr; OSIntExit
</UL>
<BR>[Calls]<UL><LI><a href="#[86]">&gt;&gt;</a>&nbsp;&nbsp;&nbsp;BSP_IntHandler
</UL>
<BR>[Address Reference Count : 1]<UL><LI> vectors.o(VECT)
</UL>
<P><STRONG><a name="[28]"></a>BSP_IntHandlerI2C1_EV</STRONG> (Thumb, 4 bytes, Stack size 0 bytes, bsp_int.o(.text))
<BR><BR>[Stack]<UL><LI>Max Depth = 24 + Unknown Stack Size
<LI>Call Chain = BSP_IntHandlerI2C1_EV &rArr; BSP_IntHandler &rArr; OSIntExit
</UL>
<BR>[Calls]<UL><LI><a href="#[86]">&gt;&gt;</a>&nbsp;&nbsp;&nbsp;BSP_IntHandler
</UL>
<BR>[Address Reference Count : 1]<UL><LI> vectors.o(VECT)
</UL>
<P><STRONG><a name="[29]"></a>BSP_IntHandlerI2C1_ER</STRONG> (Thumb, 4 bytes, Stack size 0 bytes, bsp_int.o(.text))
<BR><BR>[Stack]<UL><LI>Max Depth = 24 + Unknown Stack Size
<LI>Call Chain = BSP_IntHandlerI2C1_ER &rArr; BSP_IntHandler &rArr; OSIntExit
</UL>
<BR>[Calls]<UL><LI><a href="#[86]">&gt;&gt;</a>&nbsp;&nbsp;&nbsp;BSP_IntHandler
</UL>
<BR>[Address Reference Count : 1]<UL><LI> vectors.o(VECT)
</UL>
<P><STRONG><a name="[2a]"></a>BSP_IntHandlerI2C2_EV</STRONG> (Thumb, 4 bytes, Stack size 0 bytes, bsp_int.o(.text))
<BR><BR>[Stack]<UL><LI>Max Depth = 24 + Unknown Stack Size
<LI>Call Chain = BSP_IntHandlerI2C2_EV &rArr; BSP_IntHandler &rArr; OSIntExit
</UL>
<BR>[Calls]<UL><LI><a href="#[86]">&gt;&gt;</a>&nbsp;&nbsp;&nbsp;BSP_IntHandler
</UL>
<BR>[Address Reference Count : 1]<UL><LI> vectors.o(VECT)
</UL>
<P><STRONG><a name="[2b]"></a>BSP_IntHandlerI2C2_ER</STRONG> (Thumb, 4 bytes, Stack size 0 bytes, bsp_int.o(.text))
<BR><BR>[Stack]<UL><LI>Max Depth = 24 + Unknown Stack Size
<LI>Call Chain = BSP_IntHandlerI2C2_ER &rArr; BSP_IntHandler &rArr; OSIntExit
</UL>
<BR>[Calls]<UL><LI><a href="#[86]">&gt;&gt;</a>&nbsp;&nbsp;&nbsp;BSP_IntHandler
</UL>
<BR>[Address Reference Count : 1]<UL><LI> vectors.o(VECT)
</UL>
<P><STRONG><a name="[2c]"></a>BSP_IntHandlerSPI1</STRONG> (Thumb, 4 bytes, Stack size 0 bytes, bsp_int.o(.text))
<BR><BR>[Stack]<UL><LI>Max Depth = 24 + Unknown Stack Size
<LI>Call Chain = BSP_IntHandlerSPI1 &rArr; BSP_IntHandler &rArr; OSIntExit
</UL>
<BR>[Calls]<UL><LI><a href="#[86]">&gt;&gt;</a>&nbsp;&nbsp;&nbsp;BSP_IntHandler
</UL>
<BR>[Address Reference Count : 1]<UL><LI> vectors.o(VECT)
</UL>
<P><STRONG><a name="[2d]"></a>BSP_IntHandlerSPI2</STRONG> (Thumb, 4 bytes, Stack size 0 bytes, bsp_int.o(.text))
<BR><BR>[Stack]<UL><LI>Max Depth = 24 + Unknown Stack Size
<LI>Call Chain = BSP_IntHandlerSPI2 &rArr; BSP_IntHandler &rArr; OSIntExit
</UL>
<BR>[Calls]<UL><LI><a href="#[86]">&gt;&gt;</a>&nbsp;&nbsp;&nbsp;BSP_IntHandler
</UL>
<BR>[Address Reference Count : 1]<UL><LI> vectors.o(VECT)
</UL>
<P><STRONG><a name="[2e]"></a>BSP_IntHandlerUSART1</STRONG> (Thumb, 4 bytes, Stack size 0 bytes, bsp_int.o(.text))
<BR><BR>[Stack]<UL><LI>Max Depth = 24 + Unknown Stack Size
<LI>Call Chain = BSP_IntHandlerUSART1 &rArr; BSP_IntHandler &rArr; OSIntExit
</UL>
<BR>[Calls]<UL><LI><a href="#[86]">&gt;&gt;</a>&nbsp;&nbsp;&nbsp;BSP_IntHandler
</UL>
<BR>[Address Reference Count : 1]<UL><LI> vectors.o(VECT)
</UL>
<P><STRONG><a name="[2f]"></a>BSP_IntHandlerUSART2</STRONG> (Thumb, 4 bytes, Stack size 0 bytes, bsp_int.o(.text))
<BR><BR>[Stack]<UL><LI>Max Depth = 24 + Unknown Stack Size
<LI>Call Chain = BSP_IntHandlerUSART2 &rArr; BSP_IntHandler &rArr; OSIntExit
</UL>
<BR>[Calls]<UL><LI><a href="#[86]">&gt;&gt;</a>&nbsp;&nbsp;&nbsp;BSP_IntHandler
</UL>
<BR>[Address Reference Count : 1]<UL><LI> vectors.o(VECT)
</UL>
<P><STRONG><a name="[30]"></a>BSP_IntHandlerUSART3</STRONG> (Thumb, 4 bytes, Stack size 0 bytes, bsp_int.o(.text))
<BR><BR>[Stack]<UL><LI>Max Depth = 24 + Unknown Stack Size
<LI>Call Chain = BSP_IntHandlerUSART3 &rArr; BSP_IntHandler &rArr; OSIntExit
</UL>
<BR>[Calls]<UL><LI><a href="#[86]">&gt;&gt;</a>&nbsp;&nbsp;&nbsp;BSP_IntHandler
</UL>
<BR>[Address Reference Count : 1]<UL><LI> vectors.o(VECT)
</UL>
<P><STRONG><a name="[31]"></a>BSP_IntHandlerEXTI15_10</STRONG> (Thumb, 4 bytes, Stack size 0 bytes, bsp_int.o(.text))
<BR><BR>[Stack]<UL><LI>Max Depth = 24 + Unknown Stack Size
<LI>Call Chain = BSP_IntHandlerEXTI15_10 &rArr; BSP_IntHandler &rArr; OSIntExit
</UL>
<BR>[Calls]<UL><LI><a href="#[86]">&gt;&gt;</a>&nbsp;&nbsp;&nbsp;BSP_IntHandler
</UL>
<BR>[Address Reference Count : 1]<UL><LI> vectors.o(VECT)
</UL>
<P><STRONG><a name="[32]"></a>BSP_IntHandlerRTCAlarm</STRONG> (Thumb, 4 bytes, Stack size 0 bytes, bsp_int.o(.text))
<BR><BR>[Stack]<UL><LI>Max Depth = 24 + Unknown Stack Size
<LI>Call Chain = BSP_IntHandlerRTCAlarm &rArr; BSP_IntHandler &rArr; OSIntExit
</UL>
<BR>[Calls]<UL><LI><a href="#[86]">&gt;&gt;</a>&nbsp;&nbsp;&nbsp;BSP_IntHandler
</UL>
<BR>[Address Reference Count : 1]<UL><LI> vectors.o(VECT)
</UL>
<P><STRONG><a name="[33]"></a>BSP_IntHandlerUSBWakeUp</STRONG> (Thumb, 4 bytes, Stack size 0 bytes, bsp_int.o(.text))
<BR><BR>[Stack]<UL><LI>Max Depth = 24 + Unknown Stack Size
<LI>Call Chain = BSP_IntHandlerUSBWakeUp &rArr; BSP_IntHandler &rArr; OSIntExit
</UL>
<BR>[Calls]<UL><LI><a href="#[86]">&gt;&gt;</a>&nbsp;&nbsp;&nbsp;BSP_IntHandler
</UL>
<BR>[Address Reference Count : 1]<UL><LI> vectors.o(VECT)
</UL>
<P><STRONG><a name="[88]"></a>USART_DeInit</STRONG> (Thumb, 146 bytes, Stack size 8 bytes, stm32f10x_usart.o(.text), UNUSED)
<BR><BR>[Calls]<UL><LI><a href="#[8a]">&gt;&gt;</a>&nbsp;&nbsp;&nbsp;RCC_APB2PeriphResetCmd
<LI><a href="#[89]">&gt;&gt;</a>&nbsp;&nbsp;&nbsp;RCC_APB1PeriphResetCmd
</UL>

<P><STRONG><a name="[58]"></a>USART_Init</STRONG> (Thumb, 134 bytes, Stack size 32 bytes, stm32f10x_usart.o(.text))
<BR><BR>[Stack]<UL><LI>Max Depth = 40<LI>Call Chain = USART_Init &rArr; RCC_GetClocksFreq
</UL>
<BR>[Calls]<UL><LI><a href="#[72]">&gt;&gt;</a>&nbsp;&nbsp;&nbsp;RCC_GetClocksFreq
</UL>
<BR>[Called By]<UL><LI><a href="#[54]">&gt;&gt;</a>&nbsp;&nbsp;&nbsp;UART2_int
<LI><a href="#[49]">&gt;&gt;</a>&nbsp;&nbsp;&nbsp;BSP_Init
</UL>

<P><STRONG><a name="[e3]"></a>USART_StructInit</STRONG> (Thumb, 22 bytes, Stack size 0 bytes, stm32f10x_usart.o(.text), UNUSED)

<P><STRONG><a name="[e4]"></a>USART_ClockInit</STRONG> (Thumb, 30 bytes, Stack size 8 bytes, stm32f10x_usart.o(.text), UNUSED)

<P><STRONG><a name="[e5]"></a>USART_ClockStructInit</STRONG> (Thumb, 12 bytes, Stack size 0 bytes, stm32f10x_usart.o(.text), UNUSED)

<P><STRONG><a name="[59]"></a>USART_Cmd</STRONG> (Thumb, 24 bytes, Stack size 0 bytes, stm32f10x_usart.o(.text))
<BR><BR>[Called By]<UL><LI><a href="#[54]">&gt;&gt;</a>&nbsp;&nbsp;&nbsp;UART2_int
<LI><a href="#[49]">&gt;&gt;</a>&nbsp;&nbsp;&nbsp;BSP_Init
</UL>

<P><STRONG><a name="[52]"></a>USART_ITConfig</STRONG> (Thumb, 50 bytes, Stack size 8 bytes, stm32f10x_usart.o(.text))
<BR><BR>[Stack]<UL><LI>Max Depth = 8<LI>Call Chain = USART_ITConfig
</UL>
<BR>[Called By]<UL><LI><a href="#[4f]">&gt;&gt;</a>&nbsp;&nbsp;&nbsp;NVIC_Configuration
</UL>

<P><STRONG><a name="[e6]"></a>USART_DMACmd</STRONG> (Thumb, 20 bytes, Stack size 0 bytes, stm32f10x_usart.o(.text), UNUSED)

<P><STRONG><a name="[e7]"></a>USART_SetAddress</STRONG> (Thumb, 16 bytes, Stack size 0 bytes, stm32f10x_usart.o(.text), UNUSED)

<P><STRONG><a name="[e8]"></a>USART_WakeUpConfig</STRONG> (Thumb, 16 bytes, Stack size 0 bytes, stm32f10x_usart.o(.text), UNUSED)

<P><STRONG><a name="[e9]"></a>USART_ReceiverWakeUpCmd</STRONG> (Thumb, 24 bytes, Stack size 0 bytes, stm32f10x_usart.o(.text), UNUSED)

<P><STRONG><a name="[ea]"></a>USART_LINBreakDetectLengthConfig</STRONG> (Thumb, 16 bytes, Stack size 0 bytes, stm32f10x_usart.o(.text), UNUSED)

<P><STRONG><a name="[eb]"></a>USART_LINCmd</STRONG> (Thumb, 24 bytes, Stack size 0 bytes, stm32f10x_usart.o(.text), UNUSED)

<P><STRONG><a name="[4d]"></a>USART_SendData</STRONG> (Thumb, 8 bytes, Stack size 0 bytes, stm32f10x_usart.o(.text))
<BR><BR>[Called By]<UL><LI><a href="#[38]">&gt;&gt;</a>&nbsp;&nbsp;&nbsp;UART1_ISR
<LI><a href="#[3b]">&gt;&gt;</a>&nbsp;&nbsp;&nbsp;fputc
</UL>

<P><STRONG><a name="[85]"></a>USART_ReceiveData</STRONG> (Thumb, 8 bytes, Stack size 0 bytes, stm32f10x_usart.o(.text))
<BR><BR>[Called By]<UL><LI><a href="#[38]">&gt;&gt;</a>&nbsp;&nbsp;&nbsp;UART1_ISR
</UL>

<P><STRONG><a name="[ec]"></a>USART_SendBreak</STRONG> (Thumb, 10 bytes, Stack size 0 bytes, stm32f10x_usart.o(.text), UNUSED)

<P><STRONG><a name="[ed]"></a>USART_SetGuardTime</STRONG> (Thumb, 16 bytes, Stack size 0 bytes, stm32f10x_usart.o(.text), UNUSED)

<P><STRONG><a name="[ee]"></a>USART_SetPrescaler</STRONG> (Thumb, 16 bytes, Stack size 0 bytes, stm32f10x_usart.o(.text), UNUSED)

<P><STRONG><a name="[ef]"></a>USART_SmartCardCmd</STRONG> (Thumb, 24 bytes, Stack size 0 bytes, stm32f10x_usart.o(.text), UNUSED)

<P><STRONG><a name="[f0]"></a>USART_SmartCardNACKCmd</STRONG> (Thumb, 24 bytes, Stack size 0 bytes, stm32f10x_usart.o(.text), UNUSED)

<P><STRONG><a name="[f1]"></a>USART_HalfDuplexCmd</STRONG> (Thumb, 24 bytes, Stack size 0 bytes, stm32f10x_usart.o(.text), UNUSED)

<P><STRONG><a name="[f2]"></a>USART_IrDAConfig</STRONG> (Thumb, 16 bytes, Stack size 0 bytes, stm32f10x_usart.o(.text), UNUSED)

<P><STRONG><a name="[f3]"></a>USART_IrDACmd</STRONG> (Thumb, 24 bytes, Stack size 0 bytes, stm32f10x_usart.o(.text), UNUSED)

<P><STRONG><a name="[4e]"></a>USART_GetFlagStatus</STRONG> (Thumb, 14 bytes, Stack size 0 bytes, stm32f10x_usart.o(.text))
<BR><BR>[Called By]<UL><LI><a href="#[38]">&gt;&gt;</a>&nbsp;&nbsp;&nbsp;UART1_ISR
<LI><a href="#[3b]">&gt;&gt;</a>&nbsp;&nbsp;&nbsp;fputc
</UL>

<P><STRONG><a name="[f4]"></a>USART_ClearFlag</STRONG> (Thumb, 6 bytes, Stack size 0 bytes, stm32f10x_usart.o(.text), UNUSED)

<P><STRONG><a name="[84]"></a>USART_GetITStatus</STRONG> (Thumb, 60 bytes, Stack size 16 bytes, stm32f10x_usart.o(.text))
<BR><BR>[Stack]<UL><LI>Max Depth = 16<LI>Call Chain = USART_GetITStatus
</UL>
<BR>[Called By]<UL><LI><a href="#[38]">&gt;&gt;</a>&nbsp;&nbsp;&nbsp;UART1_ISR
</UL>

<P><STRONG><a name="[53]"></a>USART_ClearITPendingBit</STRONG> (Thumb, 12 bytes, Stack size 0 bytes, stm32f10x_usart.o(.text))
<BR><BR>[Called By]<UL><LI><a href="#[4f]">&gt;&gt;</a>&nbsp;&nbsp;&nbsp;NVIC_Configuration
</UL>

<P><STRONG><a name="[8b]"></a>GPIO_DeInit</STRONG> (Thumb, 188 bytes, Stack size 8 bytes, stm32f10x_gpio.o(.text), UNUSED)
<BR><BR>[Calls]<UL><LI><a href="#[8a]">&gt;&gt;</a>&nbsp;&nbsp;&nbsp;RCC_APB2PeriphResetCmd
</UL>

<P><STRONG><a name="[8c]"></a>GPIO_AFIODeInit</STRONG> (Thumb, 22 bytes, Stack size 8 bytes, stm32f10x_gpio.o(.text), UNUSED)
<BR><BR>[Calls]<UL><LI><a href="#[8a]">&gt;&gt;</a>&nbsp;&nbsp;&nbsp;RCC_APB2PeriphResetCmd
</UL>

<P><STRONG><a name="[57]"></a>GPIO_Init</STRONG> (Thumb, 164 bytes, Stack size 28 bytes, stm32f10x_gpio.o(.text))
<BR><BR>[Stack]<UL><LI>Max Depth = 28<LI>Call Chain = GPIO_Init
</UL>
<BR>[Called By]<UL><LI><a href="#[54]">&gt;&gt;</a>&nbsp;&nbsp;&nbsp;UART2_int
<LI><a href="#[5e]">&gt;&gt;</a>&nbsp;&nbsp;&nbsp;BSP_ADC_Init
<LI><a href="#[5d]">&gt;&gt;</a>&nbsp;&nbsp;&nbsp;BSP_LED_Init
<LI><a href="#[5b]">&gt;&gt;</a>&nbsp;&nbsp;&nbsp;BSP_PB_Init
<LI><a href="#[5a]">&gt;&gt;</a>&nbsp;&nbsp;&nbsp;GPIO_Configuration
</UL>

<P><STRONG><a name="[56]"></a>GPIO_StructInit</STRONG> (Thumb, 16 bytes, Stack size 0 bytes, stm32f10x_gpio.o(.text))
<BR><BR>[Called By]<UL><LI><a href="#[54]">&gt;&gt;</a>&nbsp;&nbsp;&nbsp;UART2_int
<LI><a href="#[5e]">&gt;&gt;</a>&nbsp;&nbsp;&nbsp;BSP_ADC_Init
<LI><a href="#[5b]">&gt;&gt;</a>&nbsp;&nbsp;&nbsp;BSP_PB_Init
</UL>

<P><STRONG><a name="[77]"></a>GPIO_ReadInputDataBit</STRONG> (Thumb, 14 bytes, Stack size 0 bytes, stm32f10x_gpio.o(.text), UNUSED)
<BR><BR>[Called By]<UL><LI><a href="#[76]">&gt;&gt;</a>&nbsp;&nbsp;&nbsp;BSP_PB_GetStatus
</UL>

<P><STRONG><a name="[f5]"></a>GPIO_ReadInputData</STRONG> (Thumb, 6 bytes, Stack size 0 bytes, stm32f10x_gpio.o(.text), UNUSED)

<P><STRONG><a name="[f6]"></a>GPIO_ReadOutputDataBit</STRONG> (Thumb, 14 bytes, Stack size 0 bytes, stm32f10x_gpio.o(.text), UNUSED)

<P><STRONG><a name="[f7]"></a>GPIO_ReadOutputData</STRONG> (Thumb, 6 bytes, Stack size 0 bytes, stm32f10x_gpio.o(.text), UNUSED)

<P><STRONG><a name="[78]"></a>GPIO_SetBits</STRONG> (Thumb, 4 bytes, Stack size 0 bytes, stm32f10x_gpio.o(.text))
<BR><BR>[Called By]<UL><LI><a href="#[41]">&gt;&gt;</a>&nbsp;&nbsp;&nbsp;BSP_LED_Off
</UL>

<P><STRONG><a name="[79]"></a>GPIO_ResetBits</STRONG> (Thumb, 4 bytes, Stack size 0 bytes, stm32f10x_gpio.o(.text))
<BR><BR>[Called By]<UL><LI><a href="#[43]">&gt;&gt;</a>&nbsp;&nbsp;&nbsp;BSP_LED_On
</UL>

<P><STRONG><a name="[f8]"></a>GPIO_WriteBit</STRONG> (Thumb, 12 bytes, Stack size 0 bytes, stm32f10x_gpio.o(.text), UNUSED)

<P><STRONG><a name="[f9]"></a>GPIO_Write</STRONG> (Thumb, 4 bytes, Stack size 0 bytes, stm32f10x_gpio.o(.text), UNUSED)

<P><STRONG><a name="[fa]"></a>GPIO_PinLockConfig</STRONG> (Thumb, 16 bytes, Stack size 0 bytes, stm32f10x_gpio.o(.text), UNUSED)

<P><STRONG><a name="[fb]"></a>GPIO_EventOutputConfig</STRONG> (Thumb, 22 bytes, Stack size 8 bytes, stm32f10x_gpio.o(.text), UNUSED)

<P><STRONG><a name="[fc]"></a>GPIO_EventOutputCmd</STRONG> (Thumb, 6 bytes, Stack size 0 bytes, stm32f10x_gpio.o(.text), UNUSED)

<P><STRONG><a name="[fd]"></a>GPIO_PinRemapConfig</STRONG> (Thumb, 70 bytes, Stack size 20 bytes, stm32f10x_gpio.o(.text), UNUSED)

<P><STRONG><a name="[fe]"></a>GPIO_EXTILineConfig</STRONG> (Thumb, 34 bytes, Stack size 8 bytes, stm32f10x_gpio.o(.text), UNUSED)

<P><STRONG><a name="[63]"></a>RCC_DeInit</STRONG> (Thumb, 48 bytes, Stack size 0 bytes, stm32f10x_rcc.o(.text))
<BR><BR>[Called By]<UL><LI><a href="#[49]">&gt;&gt;</a>&nbsp;&nbsp;&nbsp;BSP_Init
</UL>

<P><STRONG><a name="[64]"></a>RCC_HSEConfig</STRONG> (Thumb, 50 bytes, Stack size 0 bytes, stm32f10x_rcc.o(.text))
<BR><BR>[Called By]<UL><LI><a href="#[49]">&gt;&gt;</a>&nbsp;&nbsp;&nbsp;BSP_Init
</UL>

<P><STRONG><a name="[6e]"></a>RCC_GetFlagStatus</STRONG> (Thumb, 42 bytes, Stack size 0 bytes, stm32f10x_rcc.o(.text))
<BR><BR>[Called By]<UL><LI><a href="#[65]">&gt;&gt;</a>&nbsp;&nbsp;&nbsp;RCC_WaitForHSEStartUp
<LI><a href="#[49]">&gt;&gt;</a>&nbsp;&nbsp;&nbsp;BSP_Init
</UL>

<P><STRONG><a name="[65]"></a>RCC_WaitForHSEStartUp</STRONG> (Thumb, 48 bytes, Stack size 12 bytes, stm32f10x_rcc.o(.text))
<BR><BR>[Stack]<UL><LI>Max Depth = 12<LI>Call Chain = RCC_WaitForHSEStartUp
</UL>
<BR>[Calls]<UL><LI><a href="#[6e]">&gt;&gt;</a>&nbsp;&nbsp;&nbsp;RCC_GetFlagStatus
</UL>
<BR>[Called By]<UL><LI><a href="#[49]">&gt;&gt;</a>&nbsp;&nbsp;&nbsp;BSP_Init
</UL>

<P><STRONG><a name="[ff]"></a>RCC_AdjustHSICalibrationValue</STRONG> (Thumb, 16 bytes, Stack size 0 bytes, stm32f10x_rcc.o(.text), UNUSED)

<P><STRONG><a name="[100]"></a>RCC_HSICmd</STRONG> (Thumb, 6 bytes, Stack size 0 bytes, stm32f10x_rcc.o(.text), UNUSED)

<P><STRONG><a name="[6c]"></a>RCC_PLLConfig</STRONG> (Thumb, 16 bytes, Stack size 0 bytes, stm32f10x_rcc.o(.text))
<BR><BR>[Called By]<UL><LI><a href="#[49]">&gt;&gt;</a>&nbsp;&nbsp;&nbsp;BSP_Init
</UL>

<P><STRONG><a name="[6d]"></a>RCC_PLLCmd</STRONG> (Thumb, 6 bytes, Stack size 0 bytes, stm32f10x_rcc.o(.text))
<BR><BR>[Called By]<UL><LI><a href="#[49]">&gt;&gt;</a>&nbsp;&nbsp;&nbsp;BSP_Init
</UL>

<P><STRONG><a name="[6f]"></a>RCC_SYSCLKConfig</STRONG> (Thumb, 14 bytes, Stack size 0 bytes, stm32f10x_rcc.o(.text))
<BR><BR>[Called By]<UL><LI><a href="#[49]">&gt;&gt;</a>&nbsp;&nbsp;&nbsp;BSP_Init
</UL>

<P><STRONG><a name="[70]"></a>RCC_GetSYSCLKSource</STRONG> (Thumb, 10 bytes, Stack size 0 bytes, stm32f10x_rcc.o(.text))
<BR><BR>[Called By]<UL><LI><a href="#[49]">&gt;&gt;</a>&nbsp;&nbsp;&nbsp;BSP_Init
</UL>

<P><STRONG><a name="[66]"></a>RCC_HCLKConfig</STRONG> (Thumb, 14 bytes, Stack size 0 bytes, stm32f10x_rcc.o(.text))
<BR><BR>[Called By]<UL><LI><a href="#[49]">&gt;&gt;</a>&nbsp;&nbsp;&nbsp;BSP_Init
</UL>

<P><STRONG><a name="[68]"></a>RCC_PCLK1Config</STRONG> (Thumb, 14 bytes, Stack size 0 bytes, stm32f10x_rcc.o(.text))
<BR><BR>[Called By]<UL><LI><a href="#[49]">&gt;&gt;</a>&nbsp;&nbsp;&nbsp;BSP_Init
</UL>

<P><STRONG><a name="[67]"></a>RCC_PCLK2Config</STRONG> (Thumb, 16 bytes, Stack size 0 bytes, stm32f10x_rcc.o(.text))
<BR><BR>[Called By]<UL><LI><a href="#[49]">&gt;&gt;</a>&nbsp;&nbsp;&nbsp;BSP_Init
</UL>

<P><STRONG><a name="[101]"></a>RCC_ITConfig</STRONG> (Thumb, 22 bytes, Stack size 0 bytes, stm32f10x_rcc.o(.text), UNUSED)

<P><STRONG><a name="[102]"></a>RCC_USBCLKConfig</STRONG> (Thumb, 8 bytes, Stack size 0 bytes, stm32f10x_rcc.o(.text), UNUSED)

<P><STRONG><a name="[69]"></a>RCC_ADCCLKConfig</STRONG> (Thumb, 14 bytes, Stack size 0 bytes, stm32f10x_rcc.o(.text))
<BR><BR>[Called By]<UL><LI><a href="#[49]">&gt;&gt;</a>&nbsp;&nbsp;&nbsp;BSP_Init
</UL>

<P><STRONG><a name="[103]"></a>RCC_LSEConfig</STRONG> (Thumb, 36 bytes, Stack size 0 bytes, stm32f10x_rcc.o(.text), UNUSED)

<P><STRONG><a name="[104]"></a>RCC_LSICmd</STRONG> (Thumb, 6 bytes, Stack size 0 bytes, stm32f10x_rcc.o(.text), UNUSED)

<P><STRONG><a name="[105]"></a>RCC_RTCCLKConfig</STRONG> (Thumb, 10 bytes, Stack size 0 bytes, stm32f10x_rcc.o(.text), UNUSED)

<P><STRONG><a name="[106]"></a>RCC_RTCCLKCmd</STRONG> (Thumb, 8 bytes, Stack size 0 bytes, stm32f10x_rcc.o(.text), UNUSED)

<P><STRONG><a name="[72]"></a>RCC_GetClocksFreq</STRONG> (Thumb, 154 bytes, Stack size 8 bytes, stm32f10x_rcc.o(.text))
<BR><BR>[Stack]<UL><LI>Max Depth = 8<LI>Call Chain = RCC_GetClocksFreq
</UL>
<BR>[Called By]<UL><LI><a href="#[58]">&gt;&gt;</a>&nbsp;&nbsp;&nbsp;USART_Init
<LI><a href="#[71]">&gt;&gt;</a>&nbsp;&nbsp;&nbsp;BSP_CPU_ClkFreq
</UL>

<P><STRONG><a name="[107]"></a>RCC_AHBPeriphClockCmd</STRONG> (Thumb, 22 bytes, Stack size 0 bytes, stm32f10x_rcc.o(.text), UNUSED)

<P><STRONG><a name="[5c]"></a>RCC_APB2PeriphClockCmd</STRONG> (Thumb, 22 bytes, Stack size 0 bytes, stm32f10x_rcc.o(.text))
<BR><BR>[Called By]<UL><LI><a href="#[5e]">&gt;&gt;</a>&nbsp;&nbsp;&nbsp;BSP_ADC_Init
<LI><a href="#[5d]">&gt;&gt;</a>&nbsp;&nbsp;&nbsp;BSP_LED_Init
<LI><a href="#[5b]">&gt;&gt;</a>&nbsp;&nbsp;&nbsp;BSP_PB_Init
<LI><a href="#[49]">&gt;&gt;</a>&nbsp;&nbsp;&nbsp;BSP_Init
</UL>

<P><STRONG><a name="[55]"></a>RCC_APB1PeriphClockCmd</STRONG> (Thumb, 22 bytes, Stack size 0 bytes, stm32f10x_rcc.o(.text))
<BR><BR>[Called By]<UL><LI><a href="#[54]">&gt;&gt;</a>&nbsp;&nbsp;&nbsp;UART2_int
</UL>

<P><STRONG><a name="[8a]"></a>RCC_APB2PeriphResetCmd</STRONG> (Thumb, 22 bytes, Stack size 0 bytes, stm32f10x_rcc.o(.text), UNUSED)
<BR><BR>[Called By]<UL><LI><a href="#[8d]">&gt;&gt;</a>&nbsp;&nbsp;&nbsp;ADC_DeInit
<LI><a href="#[8c]">&gt;&gt;</a>&nbsp;&nbsp;&nbsp;GPIO_AFIODeInit
<LI><a href="#[8b]">&gt;&gt;</a>&nbsp;&nbsp;&nbsp;GPIO_DeInit
<LI><a href="#[88]">&gt;&gt;</a>&nbsp;&nbsp;&nbsp;USART_DeInit
</UL>

<P><STRONG><a name="[89]"></a>RCC_APB1PeriphResetCmd</STRONG> (Thumb, 22 bytes, Stack size 0 bytes, stm32f10x_rcc.o(.text), UNUSED)
<BR><BR>[Called By]<UL><LI><a href="#[88]">&gt;&gt;</a>&nbsp;&nbsp;&nbsp;USART_DeInit
</UL>

<P><STRONG><a name="[108]"></a>RCC_BackupResetCmd</STRONG> (Thumb, 8 bytes, Stack size 0 bytes, stm32f10x_rcc.o(.text), UNUSED)

<P><STRONG><a name="[109]"></a>RCC_ClockSecuritySystemCmd</STRONG> (Thumb, 6 bytes, Stack size 0 bytes, stm32f10x_rcc.o(.text), UNUSED)

<P><STRONG><a name="[10a]"></a>RCC_MCOConfig</STRONG> (Thumb, 6 bytes, Stack size 0 bytes, stm32f10x_rcc.o(.text), UNUSED)

<P><STRONG><a name="[10b]"></a>RCC_ClearFlag</STRONG> (Thumb, 12 bytes, Stack size 0 bytes, stm32f10x_rcc.o(.text), UNUSED)

<P><STRONG><a name="[10c]"></a>RCC_GetITStatus</STRONG> (Thumb, 16 bytes, Stack size 0 bytes, stm32f10x_rcc.o(.text), UNUSED)

<P><STRONG><a name="[10d]"></a>RCC_ClearITPendingBit</STRONG> (Thumb, 6 bytes, Stack size 0 bytes, stm32f10x_rcc.o(.text), UNUSED)

<P><STRONG><a name="[8d]"></a>ADC_DeInit</STRONG> (Thumb, 88 bytes, Stack size 8 bytes, stm32f10x_adc.o(.text), UNUSED)
<BR><BR>[Calls]<UL><LI><a href="#[8a]">&gt;&gt;</a>&nbsp;&nbsp;&nbsp;RCC_APB2PeriphResetCmd
</UL>

<P><STRONG><a name="[5f]"></a>ADC_Init</STRONG> (Thumb, 62 bytes, Stack size 8 bytes, stm32f10x_adc.o(.text))
<BR><BR>[Stack]<UL><LI>Max Depth = 8<LI>Call Chain = ADC_Init
</UL>
<BR>[Called By]<UL><LI><a href="#[5e]">&gt;&gt;</a>&nbsp;&nbsp;&nbsp;BSP_ADC_Init
</UL>

<P><STRONG><a name="[10e]"></a>ADC_StructInit</STRONG> (Thumb, 18 bytes, Stack size 0 bytes, stm32f10x_adc.o(.text), UNUSED)

<P><STRONG><a name="[61]"></a>ADC_Cmd</STRONG> (Thumb, 24 bytes, Stack size 0 bytes, stm32f10x_adc.o(.text))
<BR><BR>[Called By]<UL><LI><a href="#[5e]">&gt;&gt;</a>&nbsp;&nbsp;&nbsp;BSP_ADC_Init
</UL>

<P><STRONG><a name="[10f]"></a>ADC_DMACmd</STRONG> (Thumb, 24 bytes, Stack size 0 bytes, stm32f10x_adc.o(.text), UNUSED)

<P><STRONG><a name="[110]"></a>ADC_ITConfig</STRONG> (Thumb, 22 bytes, Stack size 0 bytes, stm32f10x_adc.o(.text), UNUSED)

<P><STRONG><a name="[111]"></a>ADC_ResetCalibration</STRONG> (Thumb, 10 bytes, Stack size 0 bytes, stm32f10x_adc.o(.text), UNUSED)

<P><STRONG><a name="[112]"></a>ADC_GetResetCalibrationStatus</STRONG> (Thumb, 14 bytes, Stack size 0 bytes, stm32f10x_adc.o(.text), UNUSED)

<P><STRONG><a name="[113]"></a>ADC_StartCalibration</STRONG> (Thumb, 10 bytes, Stack size 0 bytes, stm32f10x_adc.o(.text), UNUSED)

<P><STRONG><a name="[114]"></a>ADC_GetCalibrationStatus</STRONG> (Thumb, 14 bytes, Stack size 0 bytes, stm32f10x_adc.o(.text), UNUSED)

<P><STRONG><a name="[62]"></a>ADC_SoftwareStartConvCmd</STRONG> (Thumb, 24 bytes, Stack size 0 bytes, stm32f10x_adc.o(.text))
<BR><BR>[Called By]<UL><LI><a href="#[5e]">&gt;&gt;</a>&nbsp;&nbsp;&nbsp;BSP_ADC_Init
</UL>

<P><STRONG><a name="[115]"></a>ADC_GetSoftwareStartConvStatus</STRONG> (Thumb, 14 bytes, Stack size 0 bytes, stm32f10x_adc.o(.text), UNUSED)

<P><STRONG><a name="[116]"></a>ADC_DiscModeChannelCountConfig</STRONG> (Thumb, 16 bytes, Stack size 0 bytes, stm32f10x_adc.o(.text), UNUSED)

<P><STRONG><a name="[117]"></a>ADC_DiscModeCmd</STRONG> (Thumb, 24 bytes, Stack size 0 bytes, stm32f10x_adc.o(.text), UNUSED)

<P><STRONG><a name="[60]"></a>ADC_RegularChannelConfig</STRONG> (Thumb, 116 bytes, Stack size 16 bytes, stm32f10x_adc.o(.text))
<BR><BR>[Stack]<UL><LI>Max Depth = 16<LI>Call Chain = ADC_RegularChannelConfig
</UL>
<BR>[Called By]<UL><LI><a href="#[5e]">&gt;&gt;</a>&nbsp;&nbsp;&nbsp;BSP_ADC_Init
</UL>

<P><STRONG><a name="[118]"></a>ADC_ExternalTrigConvCmd</STRONG> (Thumb, 24 bytes, Stack size 0 bytes, stm32f10x_adc.o(.text), UNUSED)

<P><STRONG><a name="[75]"></a>ADC_GetConversionValue</STRONG> (Thumb, 6 bytes, Stack size 0 bytes, stm32f10x_adc.o(.text), UNUSED)
<BR><BR>[Called By]<UL><LI><a href="#[74]">&gt;&gt;</a>&nbsp;&nbsp;&nbsp;BSP_ADC_GetStatus
</UL>

<P><STRONG><a name="[119]"></a>ADC_GetDualModeConversionValue</STRONG> (Thumb, 6 bytes, Stack size 0 bytes, stm32f10x_adc.o(.text), UNUSED)

<P><STRONG><a name="[11a]"></a>ADC_AutoInjectedConvCmd</STRONG> (Thumb, 24 bytes, Stack size 0 bytes, stm32f10x_adc.o(.text), UNUSED)

<P><STRONG><a name="[11b]"></a>ADC_InjectedDiscModeCmd</STRONG> (Thumb, 24 bytes, Stack size 0 bytes, stm32f10x_adc.o(.text), UNUSED)

<P><STRONG><a name="[11c]"></a>ADC_ExternalTrigInjectedConvConfig</STRONG> (Thumb, 12 bytes, Stack size 0 bytes, stm32f10x_adc.o(.text), UNUSED)

<P><STRONG><a name="[11d]"></a>ADC_ExternalTrigInjectedConvCmd</STRONG> (Thumb, 24 bytes, Stack size 0 bytes, stm32f10x_adc.o(.text), UNUSED)

<P><STRONG><a name="[11e]"></a>ADC_SoftwareStartInjectedConvCmd</STRONG> (Thumb, 24 bytes, Stack size 0 bytes, stm32f10x_adc.o(.text), UNUSED)

<P><STRONG><a name="[11f]"></a>ADC_GetSoftwareStartInjectedConvCmdStatus</STRONG> (Thumb, 14 bytes, Stack size 0 bytes, stm32f10x_adc.o(.text), UNUSED)

<P><STRONG><a name="[120]"></a>ADC_InjectedChannelConfig</STRONG> (Thumb, 74 bytes, Stack size 16 bytes, stm32f10x_adc.o(.text), UNUSED)

<P><STRONG><a name="[121]"></a>ADC_InjectedSequencerLengthConfig</STRONG> (Thumb, 16 bytes, Stack size 0 bytes, stm32f10x_adc.o(.text), UNUSED)

<P><STRONG><a name="[122]"></a>ADC_SetInjectedOffset</STRONG> (Thumb, 4 bytes, Stack size 0 bytes, stm32f10x_adc.o(.text), UNUSED)

<P><STRONG><a name="[123]"></a>ADC_GetInjectedConversionValue</STRONG> (Thumb, 8 bytes, Stack size 0 bytes, stm32f10x_adc.o(.text), UNUSED)

<P><STRONG><a name="[124]"></a>ADC_AnalogWatchdogCmd</STRONG> (Thumb, 12 bytes, Stack size 0 bytes, stm32f10x_adc.o(.text), UNUSED)

<P><STRONG><a name="[125]"></a>ADC_AnalogWatchdogThresholdsConfig</STRONG> (Thumb, 6 bytes, Stack size 0 bytes, stm32f10x_adc.o(.text), UNUSED)

<P><STRONG><a name="[126]"></a>ADC_AnalogWatchdogSingleChannelConfig</STRONG> (Thumb, 12 bytes, Stack size 0 bytes, stm32f10x_adc.o(.text), UNUSED)

<P><STRONG><a name="[127]"></a>ADC_TempSensorVrefintCmd</STRONG> (Thumb, 28 bytes, Stack size 0 bytes, stm32f10x_adc.o(.text), UNUSED)

<P><STRONG><a name="[128]"></a>ADC_GetFlagStatus</STRONG> (Thumb, 14 bytes, Stack size 0 bytes, stm32f10x_adc.o(.text), UNUSED)

<P><STRONG><a name="[129]"></a>ADC_ClearFlag</STRONG> (Thumb, 6 bytes, Stack size 0 bytes, stm32f10x_adc.o(.text), UNUSED)

<P><STRONG><a name="[12a]"></a>ADC_GetITStatus</STRONG> (Thumb, 28 bytes, Stack size 8 bytes, stm32f10x_adc.o(.text), UNUSED)

<P><STRONG><a name="[12b]"></a>ADC_ClearITPendingBit</STRONG> (Thumb, 8 bytes, Stack size 0 bytes, stm32f10x_adc.o(.text), UNUSED)

<P><STRONG><a name="[6a]"></a>FLASH_SetLatency</STRONG> (Thumb, 18 bytes, Stack size 0 bytes, stm32f10x_flash.o(.text))
<BR><BR>[Called By]<UL><LI><a href="#[49]">&gt;&gt;</a>&nbsp;&nbsp;&nbsp;BSP_Init
</UL>

<P><STRONG><a name="[12c]"></a>FLASH_HalfCycleAccessCmd</STRONG> (Thumb, 18 bytes, Stack size 0 bytes, stm32f10x_flash.o(.text), UNUSED)

<P><STRONG><a name="[6b]"></a>FLASH_PrefetchBufferCmd</STRONG> (Thumb, 18 bytes, Stack size 0 bytes, stm32f10x_flash.o(.text))
<BR><BR>[Called By]<UL><LI><a href="#[49]">&gt;&gt;</a>&nbsp;&nbsp;&nbsp;BSP_Init
</UL>

<P><STRONG><a name="[12d]"></a>NVIC_DeInit</STRONG> (Thumb, 40 bytes, Stack size 0 bytes, stm32f10x_nvic.o(.text), UNUSED)

<P><STRONG><a name="[12e]"></a>NVIC_SCBDeInit</STRONG> (Thumb, 72 bytes, Stack size 0 bytes, stm32f10x_nvic.o(.text), UNUSED)

<P><STRONG><a name="[12f]"></a>NVIC_PriorityGroupConfig</STRONG> (Thumb, 12 bytes, Stack size 0 bytes, stm32f10x_nvic.o(.text), UNUSED)

<P><STRONG><a name="[51]"></a>NVIC_Init</STRONG> (Thumb, 122 bytes, Stack size 16 bytes, stm32f10x_nvic.o(.text))
<BR><BR>[Stack]<UL><LI>Max Depth = 16<LI>Call Chain = NVIC_Init
</UL>
<BR>[Called By]<UL><LI><a href="#[4f]">&gt;&gt;</a>&nbsp;&nbsp;&nbsp;NVIC_Configuration
</UL>

<P><STRONG><a name="[130]"></a>NVIC_StructInit</STRONG> (Thumb, 12 bytes, Stack size 0 bytes, stm32f10x_nvic.o(.text), UNUSED)

<P><STRONG><a name="[131]"></a>NVIC_GetCurrentPendingIRQChannel</STRONG> (Thumb, 10 bytes, Stack size 0 bytes, stm32f10x_nvic.o(.text), UNUSED)

<P><STRONG><a name="[132]"></a>NVIC_GetIRQChannelPendingBitStatus</STRONG> (Thumb, 32 bytes, Stack size 0 bytes, stm32f10x_nvic.o(.text), UNUSED)

<P><STRONG><a name="[133]"></a>NVIC_SetIRQChannelPendingBit</STRONG> (Thumb, 6 bytes, Stack size 0 bytes, stm32f10x_nvic.o(.text), UNUSED)

<P><STRONG><a name="[134]"></a>NVIC_ClearIRQChannelPendingBit</STRONG> (Thumb, 22 bytes, Stack size 0 bytes, stm32f10x_nvic.o(.text), UNUSED)

<P><STRONG><a name="[135]"></a>NVIC_GetCurrentActiveHandler</STRONG> (Thumb, 10 bytes, Stack size 0 bytes, stm32f10x_nvic.o(.text), UNUSED)

<P><STRONG><a name="[136]"></a>NVIC_GetIRQChannelActiveBitStatus</STRONG> (Thumb, 32 bytes, Stack size 0 bytes, stm32f10x_nvic.o(.text), UNUSED)

<P><STRONG><a name="[137]"></a>NVIC_GetCPUID</STRONG> (Thumb, 8 bytes, Stack size 0 bytes, stm32f10x_nvic.o(.text), UNUSED)

<P><STRONG><a name="[50]"></a>NVIC_SetVectorTable</STRONG> (Thumb, 14 bytes, Stack size 0 bytes, stm32f10x_nvic.o(.text))
<BR><BR>[Called By]<UL><LI><a href="#[4f]">&gt;&gt;</a>&nbsp;&nbsp;&nbsp;NVIC_Configuration
</UL>

<P><STRONG><a name="[138]"></a>NVIC_GenerateSystemReset</STRONG> (Thumb, 12 bytes, Stack size 0 bytes, stm32f10x_nvic.o(.text), UNUSED)

<P><STRONG><a name="[139]"></a>NVIC_GenerateCoreReset</STRONG> (Thumb, 12 bytes, Stack size 0 bytes, stm32f10x_nvic.o(.text), UNUSED)

<P><STRONG><a name="[13a]"></a>NVIC_SystemLPConfig</STRONG> (Thumb, 24 bytes, Stack size 0 bytes, stm32f10x_nvic.o(.text), UNUSED)

<P><STRONG><a name="[13b]"></a>NVIC_SystemHandlerConfig</STRONG> (Thumb, 32 bytes, Stack size 0 bytes, stm32f10x_nvic.o(.text), UNUSED)

<P><STRONG><a name="[13c]"></a>NVIC_SystemHandlerPriorityConfig</STRONG> (Thumb, 76 bytes, Stack size 12 bytes, stm32f10x_nvic.o(.text), UNUSED)

<P><STRONG><a name="[13d]"></a>NVIC_GetSystemHandlerPendingBitStatus</STRONG> (Thumb, 30 bytes, Stack size 0 bytes, stm32f10x_nvic.o(.text), UNUSED)

<P><STRONG><a name="[13e]"></a>NVIC_SetSystemHandlerPendingBit</STRONG> (Thumb, 18 bytes, Stack size 0 bytes, stm32f10x_nvic.o(.text), UNUSED)

<P><STRONG><a name="[13f]"></a>NVIC_ClearSystemHandlerPendingBit</STRONG> (Thumb, 20 bytes, Stack size 0 bytes, stm32f10x_nvic.o(.text), UNUSED)

<P><STRONG><a name="[140]"></a>NVIC_GetSystemHandlerActiveBitStatus</STRONG> (Thumb, 28 bytes, Stack size 0 bytes, stm32f10x_nvic.o(.text), UNUSED)

<P><STRONG><a name="[141]"></a>NVIC_GetFaultHandlerSources</STRONG> (Thumb, 56 bytes, Stack size 0 bytes, stm32f10x_nvic.o(.text), UNUSED)

<P><STRONG><a name="[142]"></a>NVIC_GetFaultAddress</STRONG> (Thumb, 24 bytes, Stack size 0 bytes, stm32f10x_nvic.o(.text), UNUSED)

<P><STRONG><a name="[7c]"></a>CPU_IntDis</STRONG> (Thumb, 0 bytes, Stack size unknown bytes, cpu_a.o(.text))
<BR><BR>[Called By]<UL><LI><a href="#[47]">&gt;&gt;</a>&nbsp;&nbsp;&nbsp;BSP_IntDisAll
</UL>

<P><STRONG><a name="[143]"></a>CPU_IntEn</STRONG> (Thumb, 0 bytes, Stack size unknown bytes, cpu_a.o(.text), UNUSED)

<P><STRONG><a name="[80]"></a>CPU_SR_Save</STRONG> (Thumb, 0 bytes, Stack size unknown bytes, cpu_a.o(.text))
<BR><BR>[Called By]<UL><LI><a href="#[8f]">&gt;&gt;</a>&nbsp;&nbsp;&nbsp;CPU_IntSrcPrioGet
<LI><a href="#[83]">&gt;&gt;</a>&nbsp;&nbsp;&nbsp;CPU_IntSrcPrioSet
<LI><a href="#[7e]">&gt;&gt;</a>&nbsp;&nbsp;&nbsp;CPU_IntSrcEn
<LI><a href="#[7b]">&gt;&gt;</a>&nbsp;&nbsp;&nbsp;CPU_IntSrcDis
<LI><a href="#[82]">&gt;&gt;</a>&nbsp;&nbsp;&nbsp;BSP_IntPrioSet
<LI><a href="#[7f]">&gt;&gt;</a>&nbsp;&nbsp;&nbsp;BSP_IntVectSet
<LI><a href="#[86]">&gt;&gt;</a>&nbsp;&nbsp;&nbsp;BSP_IntHandler
</UL>

<P><STRONG><a name="[81]"></a>CPU_SR_Restore</STRONG> (Thumb, 0 bytes, Stack size unknown bytes, cpu_a.o(.text))
<BR><BR>[Called By]<UL><LI><a href="#[8f]">&gt;&gt;</a>&nbsp;&nbsp;&nbsp;CPU_IntSrcPrioGet
<LI><a href="#[83]">&gt;&gt;</a>&nbsp;&nbsp;&nbsp;CPU_IntSrcPrioSet
<LI><a href="#[7e]">&gt;&gt;</a>&nbsp;&nbsp;&nbsp;CPU_IntSrcEn
<LI><a href="#[7b]">&gt;&gt;</a>&nbsp;&nbsp;&nbsp;CPU_IntSrcDis
<LI><a href="#[82]">&gt;&gt;</a>&nbsp;&nbsp;&nbsp;BSP_IntPrioSet
<LI><a href="#[7f]">&gt;&gt;</a>&nbsp;&nbsp;&nbsp;BSP_IntVectSet
<LI><a href="#[86]">&gt;&gt;</a>&nbsp;&nbsp;&nbsp;BSP_IntHandler
</UL>

<P><STRONG><a name="[144]"></a>CPU_CntLeadZeros</STRONG> (Thumb, 0 bytes, Stack size unknown bytes, cpu_a.o(.text), UNUSED)

<P><STRONG><a name="[8e]"></a>CPU_RevBits</STRONG> (Thumb, 0 bytes, Stack size unknown bytes, cpu_a.o(.text), UNUSED)
<BR><BR>[Called By]<UL><LI><a href="#[8f]">&gt;&gt;</a>&nbsp;&nbsp;&nbsp;CPU_IntSrcPrioGet
<LI><a href="#[83]">&gt;&gt;</a>&nbsp;&nbsp;&nbsp;CPU_IntSrcPrioSet
</UL>

<P><STRONG><a name="[145]"></a>CPU_WaitForInt</STRONG> (Thumb, 0 bytes, Stack size unknown bytes, cpu_a.o(.text), UNUSED)

<P><STRONG><a name="[146]"></a>CPU_WaitForExcept</STRONG> (Thumb, 0 bytes, Stack size unknown bytes, cpu_a.o(.text), UNUSED)

<P><STRONG><a name="[147]"></a>CPU_BitBandClr</STRONG> (Thumb, 52 bytes, Stack size 8 bytes, cpu_c.o(.text), UNUSED)

<P><STRONG><a name="[148]"></a>CPU_BitBandSet</STRONG> (Thumb, 52 bytes, Stack size 8 bytes, cpu_c.o(.text), UNUSED)

<P><STRONG><a name="[7b]"></a>CPU_IntSrcDis</STRONG> (Thumb, 172 bytes, Stack size 16 bytes, cpu_c.o(.text), UNUSED)
<BR><BR>[Calls]<UL><LI><a href="#[80]">&gt;&gt;</a>&nbsp;&nbsp;&nbsp;CPU_SR_Save
<LI><a href="#[81]">&gt;&gt;</a>&nbsp;&nbsp;&nbsp;CPU_SR_Restore
</UL>
<BR>[Called By]<UL><LI><a href="#[7a]">&gt;&gt;</a>&nbsp;&nbsp;&nbsp;BSP_IntDis
</UL>

<P><STRONG><a name="[7e]"></a>CPU_IntSrcEn</STRONG> (Thumb, 172 bytes, Stack size 16 bytes, cpu_c.o(.text), UNUSED)
<BR><BR>[Calls]<UL><LI><a href="#[80]">&gt;&gt;</a>&nbsp;&nbsp;&nbsp;CPU_SR_Save
<LI><a href="#[81]">&gt;&gt;</a>&nbsp;&nbsp;&nbsp;CPU_SR_Restore
</UL>
<BR>[Called By]<UL><LI><a href="#[7d]">&gt;&gt;</a>&nbsp;&nbsp;&nbsp;BSP_IntEn
</UL>

<P><STRONG><a name="[83]"></a>CPU_IntSrcPrioSet</STRONG> (Thumb, 294 bytes, Stack size 24 bytes, cpu_c.o(.text), UNUSED)
<BR><BR>[Calls]<UL><LI><a href="#[8e]">&gt;&gt;</a>&nbsp;&nbsp;&nbsp;CPU_RevBits
<LI><a href="#[80]">&gt;&gt;</a>&nbsp;&nbsp;&nbsp;CPU_SR_Save
<LI><a href="#[81]">&gt;&gt;</a>&nbsp;&nbsp;&nbsp;CPU_SR_Restore
</UL>
<BR>[Called By]<UL><LI><a href="#[82]">&gt;&gt;</a>&nbsp;&nbsp;&nbsp;BSP_IntPrioSet
</UL>

<P><STRONG><a name="[8f]"></a>CPU_IntSrcPrioGet</STRONG> (Thumb, 236 bytes, Stack size 16 bytes, cpu_c.o(.text), UNUSED)
<BR><BR>[Calls]<UL><LI><a href="#[8e]">&gt;&gt;</a>&nbsp;&nbsp;&nbsp;CPU_RevBits
<LI><a href="#[80]">&gt;&gt;</a>&nbsp;&nbsp;&nbsp;CPU_SR_Save
<LI><a href="#[81]">&gt;&gt;</a>&nbsp;&nbsp;&nbsp;CPU_SR_Restore
</UL>

<P><STRONG><a name="[92]"></a>OS_StrCopy</STRONG> (Thumb, 28 bytes, Stack size 0 bytes, os_core.o(.text))
<BR><BR>[Called By]<UL><LI><a href="#[c0]">&gt;&gt;</a>&nbsp;&nbsp;&nbsp;OSFlagNameSet
<LI><a href="#[bf]">&gt;&gt;</a>&nbsp;&nbsp;&nbsp;OSFlagNameGet
<LI><a href="#[a3]">&gt;&gt;</a>&nbsp;&nbsp;&nbsp;OSTaskNameSet
<LI><a href="#[94]">&gt;&gt;</a>&nbsp;&nbsp;&nbsp;OSEventNameSet
<LI><a href="#[90]">&gt;&gt;</a>&nbsp;&nbsp;&nbsp;OSEventNameGet
<LI><a href="#[cd]">&gt;&gt;</a>&nbsp;&nbsp;&nbsp;OSTaskNameGet
</UL>

<P><STRONG><a name="[90]"></a>OSEventNameGet</STRONG> (Thumb, 86 bytes, Stack size 24 bytes, os_core.o(.text), UNUSED)
<BR><BR>[Calls]<UL><LI><a href="#[91]">&gt;&gt;</a>&nbsp;&nbsp;&nbsp;OS_CPU_SR_Save
<LI><a href="#[93]">&gt;&gt;</a>&nbsp;&nbsp;&nbsp;OS_CPU_SR_Restore
<LI><a href="#[92]">&gt;&gt;</a>&nbsp;&nbsp;&nbsp;OS_StrCopy
</UL>

<P><STRONG><a name="[95]"></a>OS_StrLen</STRONG> (Thumb, 20 bytes, Stack size 0 bytes, os_core.o(.text))
<BR><BR>[Called By]<UL><LI><a href="#[c0]">&gt;&gt;</a>&nbsp;&nbsp;&nbsp;OSFlagNameSet
<LI><a href="#[a3]">&gt;&gt;</a>&nbsp;&nbsp;&nbsp;OSTaskNameSet
<LI><a href="#[94]">&gt;&gt;</a>&nbsp;&nbsp;&nbsp;OSEventNameSet
</UL>

<P><STRONG><a name="[94]"></a>OSEventNameSet</STRONG> (Thumb, 98 bytes, Stack size 24 bytes, os_core.o(.text), UNUSED)
<BR><BR>[Calls]<UL><LI><a href="#[91]">&gt;&gt;</a>&nbsp;&nbsp;&nbsp;OS_CPU_SR_Save
<LI><a href="#[93]">&gt;&gt;</a>&nbsp;&nbsp;&nbsp;OS_CPU_SR_Restore
<LI><a href="#[95]">&gt;&gt;</a>&nbsp;&nbsp;&nbsp;OS_StrLen
<LI><a href="#[92]">&gt;&gt;</a>&nbsp;&nbsp;&nbsp;OS_StrCopy
</UL>

<P><STRONG><a name="[9b]"></a>OS_EventTaskRemoveMulti</STRONG> (Thumb, 40 bytes, Stack size 16 bytes, os_core.o(.text), UNUSED)
<BR><BR>[Called By]<UL><LI><a href="#[b5]">&gt;&gt;</a>&nbsp;&nbsp;&nbsp;OS_EventTaskRdy
<LI><a href="#[99]">&gt;&gt;</a>&nbsp;&nbsp;&nbsp;OSEventPendMulti
<LI><a href="#[c9]">&gt;&gt;</a>&nbsp;&nbsp;&nbsp;OSTaskDel
</UL>

<P><STRONG><a name="[96]"></a>OS_Sched</STRONG> (Thumb, 64 bytes, Stack size 16 bytes, os_core.o(.text))
<BR><BR>[Stack]<UL><LI>Max Depth = 16 + Unknown Stack Size
<LI>Call Chain = OS_Sched
</UL>
<BR>[Calls]<UL><LI><a href="#[91]">&gt;&gt;</a>&nbsp;&nbsp;&nbsp;OS_CPU_SR_Save
<LI><a href="#[93]">&gt;&gt;</a>&nbsp;&nbsp;&nbsp;OS_CPU_SR_Restore
<LI><a href="#[98]">&gt;&gt;</a>&nbsp;&nbsp;&nbsp;OSCtxSw
<LI><a href="#[97]">&gt;&gt;</a>&nbsp;&nbsp;&nbsp;OS_SchedNew
</UL>
<BR>[Called By]<UL><LI><a href="#[c1]">&gt;&gt;</a>&nbsp;&nbsp;&nbsp;OSFlagPend
<LI><a href="#[be]">&gt;&gt;</a>&nbsp;&nbsp;&nbsp;OSFlagDel
<LI><a href="#[9f]">&gt;&gt;</a>&nbsp;&nbsp;&nbsp;OSTimeDly
<LI><a href="#[a2]">&gt;&gt;</a>&nbsp;&nbsp;&nbsp;OSTaskCreateExt
<LI><a href="#[b1]">&gt;&gt;</a>&nbsp;&nbsp;&nbsp;OSSchedUnlock
<LI><a href="#[99]">&gt;&gt;</a>&nbsp;&nbsp;&nbsp;OSEventPendMulti
<LI><a href="#[46]">&gt;&gt;</a>&nbsp;&nbsp;&nbsp;OSTaskSuspend
<LI><a href="#[45]">&gt;&gt;</a>&nbsp;&nbsp;&nbsp;OSTaskCreate
<LI><a href="#[d1]">&gt;&gt;</a>&nbsp;&nbsp;&nbsp;OSTimeDlyResume
<LI><a href="#[ce]">&gt;&gt;</a>&nbsp;&nbsp;&nbsp;OSTaskResume
<LI><a href="#[c9]">&gt;&gt;</a>&nbsp;&nbsp;&nbsp;OSTaskDel
<LI><a href="#[c6]">&gt;&gt;</a>&nbsp;&nbsp;&nbsp;OSTaskChangePrio
<LI><a href="#[c4]">&gt;&gt;</a>&nbsp;&nbsp;&nbsp;OSFlagPost
</UL>

<P><STRONG><a name="[9a]"></a>OS_EventTaskWaitMulti</STRONG> (Thumb, 90 bytes, Stack size 16 bytes, os_core.o(.text), UNUSED)
<BR><BR>[Called By]<UL><LI><a href="#[99]">&gt;&gt;</a>&nbsp;&nbsp;&nbsp;OSEventPendMulti
</UL>

<P><STRONG><a name="[99]"></a>OSEventPendMulti</STRONG> (Thumb, 430 bytes, Stack size 56 bytes, os_core.o(.text), UNUSED)
<BR><BR>[Calls]<UL><LI><a href="#[91]">&gt;&gt;</a>&nbsp;&nbsp;&nbsp;OS_CPU_SR_Save
<LI><a href="#[93]">&gt;&gt;</a>&nbsp;&nbsp;&nbsp;OS_CPU_SR_Restore
<LI><a href="#[9a]">&gt;&gt;</a>&nbsp;&nbsp;&nbsp;OS_EventTaskWaitMulti
<LI><a href="#[96]">&gt;&gt;</a>&nbsp;&nbsp;&nbsp;OS_Sched
<LI><a href="#[9b]">&gt;&gt;</a>&nbsp;&nbsp;&nbsp;OS_EventTaskRemoveMulti
</UL>

<P><STRONG><a name="[9c]"></a>OS_TaskStatStkChk</STRONG> (Thumb, 50 bytes, Stack size 24 bytes, os_core.o(.text))
<BR><BR>[Stack]<UL><LI>Max Depth = 48 + Unknown Stack Size
<LI>Call Chain = OS_TaskStatStkChk &rArr; OSTaskStkChk
</UL>
<BR>[Calls]<UL><LI><a href="#[9d]">&gt;&gt;</a>&nbsp;&nbsp;&nbsp;OSTaskStkChk
</UL>
<BR>[Called By]<UL><LI><a href="#[9e]">&gt;&gt;</a>&nbsp;&nbsp;&nbsp;OS_TaskStat
</UL>

<P><STRONG><a name="[9e]"></a>OS_TaskStat</STRONG> (Thumb, 82 bytes, Stack size 0 bytes, os_core.o(.text))
<BR><BR>[Stack]<UL><LI>Max Depth = 48 + Unknown Stack Size
<LI>Call Chain = OS_TaskStat &rArr; OS_TaskStatStkChk &rArr; OSTaskStkChk
</UL>
<BR>[Calls]<UL><LI><a href="#[91]">&gt;&gt;</a>&nbsp;&nbsp;&nbsp;OS_CPU_SR_Save
<LI><a href="#[93]">&gt;&gt;</a>&nbsp;&nbsp;&nbsp;OS_CPU_SR_Restore
<LI><a href="#[9f]">&gt;&gt;</a>&nbsp;&nbsp;&nbsp;OSTimeDly
<LI><a href="#[a0]">&gt;&gt;</a>&nbsp;&nbsp;&nbsp;OSTaskStatHook
<LI><a href="#[9c]">&gt;&gt;</a>&nbsp;&nbsp;&nbsp;OS_TaskStatStkChk
<LI><a href="#[46]">&gt;&gt;</a>&nbsp;&nbsp;&nbsp;OSTaskSuspend
</UL>
<BR>[Address Reference Count : 1]<UL><LI> os_core.o(.text)
</UL>
<P><STRONG><a name="[a4]"></a>OS_TaskIdle</STRONG> (Thumb, 22 bytes, Stack size 0 bytes, os_core.o(.text))
<BR><BR>[Calls]<UL><LI><a href="#[91]">&gt;&gt;</a>&nbsp;&nbsp;&nbsp;OS_CPU_SR_Save
<LI><a href="#[93]">&gt;&gt;</a>&nbsp;&nbsp;&nbsp;OS_CPU_SR_Restore
<LI><a href="#[a5]">&gt;&gt;</a>&nbsp;&nbsp;&nbsp;OSTaskIdleHook
</UL>
<BR>[Address Reference Count : 1]<UL><LI> os_core.o(.text)
</UL>
<P><STRONG><a name="[a8]"></a>OS_MemClr</STRONG> (Thumb, 18 bytes, Stack size 0 bytes, os_core.o(.text))
<BR><BR>[Called By]<UL><LI><a href="#[ad]">&gt;&gt;</a>&nbsp;&nbsp;&nbsp;OS_FlagInit
<LI><a href="#[a9]">&gt;&gt;</a>&nbsp;&nbsp;&nbsp;OS_InitTCBList
<LI><a href="#[a7]">&gt;&gt;</a>&nbsp;&nbsp;&nbsp;OS_InitEventList
</UL>

<P><STRONG><a name="[48]"></a>OSInit</STRONG> (Thumb, 42 bytes, Stack size 8 bytes, os_core.o(.text))
<BR><BR>[Stack]<UL><LI>Max Depth = 144 + Unknown Stack Size
<LI>Call Chain = OSInit &rArr; OS_InitTaskIdle &rArr; OSTaskCreateExt &rArr; OS_TCBInit
</UL>
<BR>[Calls]<UL><LI><a href="#[ad]">&gt;&gt;</a>&nbsp;&nbsp;&nbsp;OS_FlagInit
<LI><a href="#[ae]">&gt;&gt;</a>&nbsp;&nbsp;&nbsp;OSInitHookEnd
<LI><a href="#[aa]">&gt;&gt;</a>&nbsp;&nbsp;&nbsp;OSInitHookBegin
<LI><a href="#[ab]">&gt;&gt;</a>&nbsp;&nbsp;&nbsp;OS_InitMisc
<LI><a href="#[ac]">&gt;&gt;</a>&nbsp;&nbsp;&nbsp;OS_InitRdyList
<LI><a href="#[a9]">&gt;&gt;</a>&nbsp;&nbsp;&nbsp;OS_InitTCBList
<LI><a href="#[a7]">&gt;&gt;</a>&nbsp;&nbsp;&nbsp;OS_InitEventList
<LI><a href="#[a6]">&gt;&gt;</a>&nbsp;&nbsp;&nbsp;OS_InitTaskIdle
<LI><a href="#[a1]">&gt;&gt;</a>&nbsp;&nbsp;&nbsp;OS_InitTaskStat
</UL>
<BR>[Called By]<UL><LI><a href="#[34]">&gt;&gt;</a>&nbsp;&nbsp;&nbsp;main
</UL>

<P><STRONG><a name="[149]"></a>OSIntEnter</STRONG> (Thumb, 20 bytes, Stack size 0 bytes, os_core.o(.text), UNUSED)

<P><STRONG><a name="[87]"></a>OSIntExit</STRONG> (Thumb, 82 bytes, Stack size 16 bytes, os_core.o(.text))
<BR><BR>[Stack]<UL><LI>Max Depth = 16 + Unknown Stack Size
<LI>Call Chain = OSIntExit
</UL>
<BR>[Calls]<UL><LI><a href="#[91]">&gt;&gt;</a>&nbsp;&nbsp;&nbsp;OS_CPU_SR_Save
<LI><a href="#[93]">&gt;&gt;</a>&nbsp;&nbsp;&nbsp;OS_CPU_SR_Restore
<LI><a href="#[af]">&gt;&gt;</a>&nbsp;&nbsp;&nbsp;OSIntCtxSw
<LI><a href="#[97]">&gt;&gt;</a>&nbsp;&nbsp;&nbsp;OS_SchedNew
</UL>
<BR>[Called By]<UL><LI><a href="#[86]">&gt;&gt;</a>&nbsp;&nbsp;&nbsp;BSP_IntHandler
<LI><a href="#[8]">&gt;&gt;</a>&nbsp;&nbsp;&nbsp;OS_CPU_SysTickHandler
</UL>

<P><STRONG><a name="[b0]"></a>OSSchedLock</STRONG> (Thumb, 38 bytes, Stack size 8 bytes, os_core.o(.text), UNUSED)
<BR><BR>[Calls]<UL><LI><a href="#[91]">&gt;&gt;</a>&nbsp;&nbsp;&nbsp;OS_CPU_SR_Save
<LI><a href="#[93]">&gt;&gt;</a>&nbsp;&nbsp;&nbsp;OS_CPU_SR_Restore
</UL>

<P><STRONG><a name="[b1]"></a>OSSchedUnlock</STRONG> (Thumb, 66 bytes, Stack size 8 bytes, os_core.o(.text), UNUSED)
<BR><BR>[Calls]<UL><LI><a href="#[91]">&gt;&gt;</a>&nbsp;&nbsp;&nbsp;OS_CPU_SR_Save
<LI><a href="#[93]">&gt;&gt;</a>&nbsp;&nbsp;&nbsp;OS_CPU_SR_Restore
<LI><a href="#[96]">&gt;&gt;</a>&nbsp;&nbsp;&nbsp;OS_Sched
</UL>

<P><STRONG><a name="[4c]"></a>OSStart</STRONG> (Thumb, 40 bytes, Stack size 8 bytes, os_core.o(.text))
<BR><BR>[Stack]<UL><LI>Max Depth = 8 + Unknown Stack Size
<LI>Call Chain = OSStart
</UL>
<BR>[Calls]<UL><LI><a href="#[b2]">&gt;&gt;</a>&nbsp;&nbsp;&nbsp;OSStartHighRdy
<LI><a href="#[97]">&gt;&gt;</a>&nbsp;&nbsp;&nbsp;OS_SchedNew
</UL>
<BR>[Called By]<UL><LI><a href="#[34]">&gt;&gt;</a>&nbsp;&nbsp;&nbsp;main
</UL>

<P><STRONG><a name="[40]"></a>OSStatInit</STRONG> (Thumb, 48 bytes, Stack size 8 bytes, os_core.o(.text))
<BR><BR>[Stack]<UL><LI>Max Depth = 40 + Unknown Stack Size
<LI>Call Chain = OSStatInit &rArr; OSTimeDly &rArr; OS_Sched
</UL>
<BR>[Calls]<UL><LI><a href="#[91]">&gt;&gt;</a>&nbsp;&nbsp;&nbsp;OS_CPU_SR_Save
<LI><a href="#[93]">&gt;&gt;</a>&nbsp;&nbsp;&nbsp;OS_CPU_SR_Restore
<LI><a href="#[9f]">&gt;&gt;</a>&nbsp;&nbsp;&nbsp;OSTimeDly
</UL>
<BR>[Called By]<UL><LI><a href="#[36]">&gt;&gt;</a>&nbsp;&nbsp;&nbsp;App_TaskStart
<LI><a href="#[35]">&gt;&gt;</a>&nbsp;&nbsp;&nbsp;App_TaskLED
</UL>

<P><STRONG><a name="[b3]"></a>OSTimeTick</STRONG> (Thumb, 172 bytes, Stack size 24 bytes, os_core.o(.text))
<BR><BR>[Stack]<UL><LI>Max Depth = 24 + Unknown Stack Size
<LI>Call Chain = OSTimeTick
</UL>
<BR>[Calls]<UL><LI><a href="#[91]">&gt;&gt;</a>&nbsp;&nbsp;&nbsp;OS_CPU_SR_Save
<LI><a href="#[93]">&gt;&gt;</a>&nbsp;&nbsp;&nbsp;OS_CPU_SR_Restore
<LI><a href="#[b4]">&gt;&gt;</a>&nbsp;&nbsp;&nbsp;OSTimeTickHook
</UL>
<BR>[Called By]<UL><LI><a href="#[8]">&gt;&gt;</a>&nbsp;&nbsp;&nbsp;OS_CPU_SysTickHandler
</UL>

<P><STRONG><a name="[14a]"></a>OSVersion</STRONG> (Thumb, 6 bytes, Stack size 0 bytes, os_core.o(.text), UNUSED)

<P><STRONG><a name="[ca]"></a>OS_Dummy</STRONG> (Thumb, 2 bytes, Stack size 0 bytes, os_core.o(.text), UNUSED)
<BR><BR>[Called By]<UL><LI><a href="#[c9]">&gt;&gt;</a>&nbsp;&nbsp;&nbsp;OSTaskDel
</UL>

<P><STRONG><a name="[b6]"></a>OS_EventTaskRemove</STRONG> (Thumb, 34 bytes, Stack size 8 bytes, os_core.o(.text), UNUSED)
<BR><BR>[Called By]<UL><LI><a href="#[b5]">&gt;&gt;</a>&nbsp;&nbsp;&nbsp;OS_EventTaskRdy
<LI><a href="#[c9]">&gt;&gt;</a>&nbsp;&nbsp;&nbsp;OSTaskDel
</UL>

<P><STRONG><a name="[b5]"></a>OS_EventTaskRdy</STRONG> (Thumb, 102 bytes, Stack size 20 bytes, os_core.o(.text), UNUSED)
<BR><BR>[Calls]<UL><LI><a href="#[b6]">&gt;&gt;</a>&nbsp;&nbsp;&nbsp;OS_EventTaskRemove
<LI><a href="#[9b]">&gt;&gt;</a>&nbsp;&nbsp;&nbsp;OS_EventTaskRemoveMulti
</UL>

<P><STRONG><a name="[14b]"></a>OS_EventTaskWait</STRONG> (Thumb, 106 bytes, Stack size 12 bytes, os_core.o(.text), UNUSED)

<P><STRONG><a name="[14c]"></a>OS_EventWaitListInit</STRONG> (Thumb, 22 bytes, Stack size 0 bytes, os_core.o(.text), UNUSED)

<P><STRONG><a name="[d0]"></a>OS_MemCopy</STRONG> (Thumb, 20 bytes, Stack size 0 bytes, os_core.o(.text), UNUSED)
<BR><BR>[Called By]<UL><LI><a href="#[cf]">&gt;&gt;</a>&nbsp;&nbsp;&nbsp;OSTaskQuery
</UL>

<P><STRONG><a name="[b7]"></a>OS_TCBInit</STRONG> (Thumb, 214 bytes, Stack size 40 bytes, os_core.o(.text))
<BR><BR>[Stack]<UL><LI>Max Depth = 40 + Unknown Stack Size
<LI>Call Chain = OS_TCBInit
</UL>
<BR>[Calls]<UL><LI><a href="#[91]">&gt;&gt;</a>&nbsp;&nbsp;&nbsp;OS_CPU_SR_Save
<LI><a href="#[93]">&gt;&gt;</a>&nbsp;&nbsp;&nbsp;OS_CPU_SR_Restore
<LI><a href="#[b9]">&gt;&gt;</a>&nbsp;&nbsp;&nbsp;OSTaskCreateHook
<LI><a href="#[b8]">&gt;&gt;</a>&nbsp;&nbsp;&nbsp;OSTCBInitHook
</UL>
<BR>[Called By]<UL><LI><a href="#[a2]">&gt;&gt;</a>&nbsp;&nbsp;&nbsp;OSTaskCreateExt
<LI><a href="#[45]">&gt;&gt;</a>&nbsp;&nbsp;&nbsp;OSTaskCreate
</UL>

<P><STRONG><a name="[ba]"></a>OSFlagAccept</STRONG> (Thumb, 202 bytes, Stack size 24 bytes, os_flag.o(.text), UNUSED)
<BR><BR>[Calls]<UL><LI><a href="#[91]">&gt;&gt;</a>&nbsp;&nbsp;&nbsp;OS_CPU_SR_Save
<LI><a href="#[93]">&gt;&gt;</a>&nbsp;&nbsp;&nbsp;OS_CPU_SR_Restore
</UL>

<P><STRONG><a name="[bb]"></a>OSFlagCreate</STRONG> (Thumb, 72 bytes, Stack size 16 bytes, os_flag.o(.text), UNUSED)
<BR><BR>[Calls]<UL><LI><a href="#[91]">&gt;&gt;</a>&nbsp;&nbsp;&nbsp;OS_CPU_SR_Save
<LI><a href="#[93]">&gt;&gt;</a>&nbsp;&nbsp;&nbsp;OS_CPU_SR_Restore
</UL>

<P><STRONG><a name="[bd]"></a>OS_FlagUnlink</STRONG> (Thumb, 34 bytes, Stack size 0 bytes, os_flag.o(.text), UNUSED)
<BR><BR>[Called By]<UL><LI><a href="#[c1]">&gt;&gt;</a>&nbsp;&nbsp;&nbsp;OSFlagPend
<LI><a href="#[bc]">&gt;&gt;</a>&nbsp;&nbsp;&nbsp;OS_FlagTaskRdy
<LI><a href="#[c9]">&gt;&gt;</a>&nbsp;&nbsp;&nbsp;OSTaskDel
</UL>

<P><STRONG><a name="[be]"></a>OSFlagDel</STRONG> (Thumb, 212 bytes, Stack size 40 bytes, os_flag.o(.text), UNUSED)
<BR><BR>[Calls]<UL><LI><a href="#[bc]">&gt;&gt;</a>&nbsp;&nbsp;&nbsp;OS_FlagTaskRdy
<LI><a href="#[91]">&gt;&gt;</a>&nbsp;&nbsp;&nbsp;OS_CPU_SR_Save
<LI><a href="#[93]">&gt;&gt;</a>&nbsp;&nbsp;&nbsp;OS_CPU_SR_Restore
<LI><a href="#[96]">&gt;&gt;</a>&nbsp;&nbsp;&nbsp;OS_Sched
</UL>

<P><STRONG><a name="[bf]"></a>OSFlagNameGet</STRONG> (Thumb, 78 bytes, Stack size 24 bytes, os_flag.o(.text), UNUSED)
<BR><BR>[Calls]<UL><LI><a href="#[91]">&gt;&gt;</a>&nbsp;&nbsp;&nbsp;OS_CPU_SR_Save
<LI><a href="#[93]">&gt;&gt;</a>&nbsp;&nbsp;&nbsp;OS_CPU_SR_Restore
<LI><a href="#[92]">&gt;&gt;</a>&nbsp;&nbsp;&nbsp;OS_StrCopy
</UL>

<P><STRONG><a name="[c0]"></a>OSFlagNameSet</STRONG> (Thumb, 92 bytes, Stack size 24 bytes, os_flag.o(.text), UNUSED)
<BR><BR>[Calls]<UL><LI><a href="#[91]">&gt;&gt;</a>&nbsp;&nbsp;&nbsp;OS_CPU_SR_Save
<LI><a href="#[93]">&gt;&gt;</a>&nbsp;&nbsp;&nbsp;OS_CPU_SR_Restore
<LI><a href="#[95]">&gt;&gt;</a>&nbsp;&nbsp;&nbsp;OS_StrLen
<LI><a href="#[92]">&gt;&gt;</a>&nbsp;&nbsp;&nbsp;OS_StrCopy
</UL>

<P><STRONG><a name="[c1]"></a>OSFlagPend</STRONG> (Thumb, 568 bytes, Stack size 64 bytes, os_flag.o(.text), UNUSED)
<BR><BR>[Calls]<UL><LI><a href="#[bd]">&gt;&gt;</a>&nbsp;&nbsp;&nbsp;OS_FlagUnlink
<LI><a href="#[c2]">&gt;&gt;</a>&nbsp;&nbsp;&nbsp;OS_FlagBlock
<LI><a href="#[91]">&gt;&gt;</a>&nbsp;&nbsp;&nbsp;OS_CPU_SR_Save
<LI><a href="#[93]">&gt;&gt;</a>&nbsp;&nbsp;&nbsp;OS_CPU_SR_Restore
<LI><a href="#[96]">&gt;&gt;</a>&nbsp;&nbsp;&nbsp;OS_Sched
</UL>

<P><STRONG><a name="[c3]"></a>OSFlagPendGetFlagsRdy</STRONG> (Thumb, 20 bytes, Stack size 8 bytes, os_flag.o(.text), UNUSED)
<BR><BR>[Calls]<UL><LI><a href="#[91]">&gt;&gt;</a>&nbsp;&nbsp;&nbsp;OS_CPU_SR_Save
<LI><a href="#[93]">&gt;&gt;</a>&nbsp;&nbsp;&nbsp;OS_CPU_SR_Restore
</UL>

<P><STRONG><a name="[c4]"></a>OSFlagPost</STRONG> (Thumb, 232 bytes, Stack size 24 bytes, os_flag.o(.text), UNUSED)
<BR><BR>[Calls]<UL><LI><a href="#[bc]">&gt;&gt;</a>&nbsp;&nbsp;&nbsp;OS_FlagTaskRdy
<LI><a href="#[91]">&gt;&gt;</a>&nbsp;&nbsp;&nbsp;OS_CPU_SR_Save
<LI><a href="#[93]">&gt;&gt;</a>&nbsp;&nbsp;&nbsp;OS_CPU_SR_Restore
<LI><a href="#[96]">&gt;&gt;</a>&nbsp;&nbsp;&nbsp;OS_Sched
</UL>

<P><STRONG><a name="[c5]"></a>OSFlagQuery</STRONG> (Thumb, 38 bytes, Stack size 16 bytes, os_flag.o(.text), UNUSED)
<BR><BR>[Calls]<UL><LI><a href="#[91]">&gt;&gt;</a>&nbsp;&nbsp;&nbsp;OS_CPU_SR_Save
<LI><a href="#[93]">&gt;&gt;</a>&nbsp;&nbsp;&nbsp;OS_CPU_SR_Restore
</UL>

<P><STRONG><a name="[ad]"></a>OS_FlagInit</STRONG> (Thumb, 58 bytes, Stack size 8 bytes, os_flag.o(.text))
<BR><BR>[Stack]<UL><LI>Max Depth = 8<LI>Call Chain = OS_FlagInit
</UL>
<BR>[Calls]<UL><LI><a href="#[a8]">&gt;&gt;</a>&nbsp;&nbsp;&nbsp;OS_MemClr
</UL>
[...]
<LI><a href="#[46]">&gt;&gt;</a>&nbsp;&nbsp;&nbsp;OSTaskSuspend
<LI><a href="#[45]">&gt;&gt;</a>&nbsp;&nbsp;&nbsp;OSTaskCreate
<LI><a href="#[40]">&gt;&gt;</a>&nbsp;&nbsp;&nbsp;OSStatInit
<LI><a href="#[8]">&gt;&gt;</a>&nbsp;&nbsp;&nbsp;OS_CPU_SysTickHandler
<LI><a href="#[d2]">&gt;&gt;</a>&nbsp;&nbsp;&nbsp;OSTimeGet
<LI><a href="#[d1]">&gt;&gt;</a>&nbsp;&nbsp;&nbsp;OSTimeDlyResume
<LI><a href="#[cf]">&gt;&gt;</a>&nbsp;&nbsp;&nbsp;OSTaskQuery
<LI><a href="#[ce]">&gt;&gt;</a>&nbsp;&nbsp;&nbsp;OSTaskResume
<LI><a href="#[cd]">&gt;&gt;</a>&nbsp;&nbsp;&nbsp;OSTaskNameGet
<LI><a href="#[cc]">&gt;&gt;</a>&nbsp;&nbsp;&nbsp;OSTaskDelReq
<LI><a href="#[c9]">&gt;&gt;</a>&nbsp;&nbsp;&nbsp;OSTaskDel
<LI><a href="#[c6]">&gt;&gt;</a>&nbsp;&nbsp;&nbsp;OSTaskChangePrio
<LI><a href="#[c5]">&gt;&gt;</a>&nbsp;&nbsp;&nbsp;OSFlagQuery
<LI><a href="#[c4]">&gt;&gt;</a>&nbsp;&nbsp;&nbsp;OSFlagPost
<LI><a href="#[c3]">&gt;&gt;</a>&nbsp;&nbsp;&nbsp;OSFlagPendGetFlagsRdy
</UL>

<P><STRONG><a name="[b2]"></a>OSStartHighRdy</STRONG> (Thumb, 0 bytes, Stack size unknown bytes, os_cpu_a.o(.text))
<BR><BR>[Called By]<UL><LI><a href="#[4c]">&gt;&gt;</a>&nbsp;&nbsp;&nbsp;OSStart
</UL>

<P><STRONG><a name="[98]"></a>OSCtxSw</STRONG> (Thumb, 0 bytes, Stack size unknown bytes, os_cpu_a.o(.text))
<BR><BR>[Called By]<UL><LI><a href="#[96]">&gt;&gt;</a>&nbsp;&nbsp;&nbsp;OS_Sched
</UL>

<P><STRONG><a name="[af]"></a>OSIntCtxSw</STRONG> (Thumb, 0 bytes, Stack size unknown bytes, os_cpu_a.o(.text))
<BR><BR>[Called By]<UL><LI><a href="#[87]">&gt;&gt;</a>&nbsp;&nbsp;&nbsp;OSIntExit
</UL>

<P><STRONG><a name="[7]"></a>OS_CPU_PendSVHandler</STRONG> (Thumb, 0 bytes, Stack size unknown bytes, os_cpu_a.o(.text))
<BR>[Address Reference Count : 1]<UL><LI> vectors.o(VECT)
</UL>
<P><STRONG><a name="[aa]"></a>OSInitHookBegin</STRONG> (Thumb, 2 bytes, Stack size 0 bytes, os_cpu_c.o(.text))
<BR><BR>[Called By]<UL><LI><a href="#[48]">&gt;&gt;</a>&nbsp;&nbsp;&nbsp;OSInit
</UL>

<P><STRONG><a name="[ae]"></a>OSInitHookEnd</STRONG> (Thumb, 2 bytes, Stack size 0 bytes, os_cpu_c.o(.text))
<BR><BR>[Called By]<UL><LI><a href="#[48]">&gt;&gt;</a>&nbsp;&nbsp;&nbsp;OSInit
</UL>

<P><STRONG><a name="[b9]"></a>OSTaskCreateHook</STRONG> (Thumb, 4 bytes, Stack size 0 bytes, os_cpu_c.o(.text))
<BR><BR>[Calls]<UL><LI><a href="#[d3]">&gt;&gt;</a>&nbsp;&nbsp;&nbsp;App_TaskCreateHook
</UL>
<BR>[Called By]<UL><LI><a href="#[b7]">&gt;&gt;</a>&nbsp;&nbsp;&nbsp;OS_TCBInit
</UL>

<P><STRONG><a name="[cb]"></a>OSTaskDelHook</STRONG> (Thumb, 4 bytes, Stack size 0 bytes, os_cpu_c.o(.text), UNUSED)
<BR><BR>[Calls]<UL><LI><a href="#[d4]">&gt;&gt;</a>&nbsp;&nbsp;&nbsp;App_TaskDelHook
</UL>
<BR>[Called By]<UL><LI><a href="#[c9]">&gt;&gt;</a>&nbsp;&nbsp;&nbsp;OSTaskDel
</UL>

<P><STRONG><a name="[a5]"></a>OSTaskIdleHook</STRONG> (Thumb, 4 bytes, Stack size 0 bytes, os_cpu_c.o(.text))
<BR><BR>[Calls]<UL><LI><a href="#[d5]">&gt;&gt;</a>&nbsp;&nbsp;&nbsp;App_TaskIdleHook
</UL>
<BR>[Called By]<UL><LI><a href="#[a4]">&gt;&gt;</a>&nbsp;&nbsp;&nbsp;OS_TaskIdle
</UL>

<P><STRONG><a name="[a0]"></a>OSTaskStatHook</STRONG> (Thumb, 4 bytes, Stack size 0 bytes, os_cpu_c.o(.text))
<BR><BR>[Calls]<UL><LI><a href="#[d6]">&gt;&gt;</a>&nbsp;&nbsp;&nbsp;App_TaskStatHook
</UL>
<BR>[Called By]<UL><LI><a href="#[9e]">&gt;&gt;</a>&nbsp;&nbsp;&nbsp;OS_TaskStat
</UL>

<P><STRONG><a name="[c7]"></a>OSTaskStkInit</STRONG> (Thumb, 90 bytes, Stack size 0 bytes, os_cpu_c.o(.text))
<BR><BR>[Called By]<UL><LI><a href="#[a2]">&gt;&gt;</a>&nbsp;&nbsp;&nbsp;OSTaskCreateExt
<LI><a href="#[45]">&gt;&gt;</a>&nbsp;&nbsp;&nbsp;OSTaskCreate
</UL>

<P><STRONG><a name="[39]"></a>OSTaskSwHook</STRONG> (Thumb, 4 bytes, Stack size 0 bytes, os_cpu_c.o(.text))
<BR><BR>[Calls]<UL><LI><a href="#[d7]">&gt;&gt;</a>&nbsp;&nbsp;&nbsp;App_TaskSwHook
</UL>
<BR>[Address Reference Count : 1]<UL><LI> os_cpu_a.o(.text)
</UL>
<P><STRONG><a name="[b8]"></a>OSTCBInitHook</STRONG> (Thumb, 4 bytes, Stack size 0 bytes, os_cpu_c.o(.text))
<BR><BR>[Calls]<UL><LI><a href="#[d8]">&gt;&gt;</a>&nbsp;&nbsp;&nbsp;App_TCBInitHook
</UL>
<BR>[Called By]<UL><LI><a href="#[b7]">&gt;&gt;</a>&nbsp;&nbsp;&nbsp;OS_TCBInit
</UL>

<P><STRONG><a name="[b4]"></a>OSTimeTickHook</STRONG> (Thumb, 2 bytes, Stack size 0 bytes, os_cpu_c.o(.text))
<BR><BR>[Called By]<UL><LI><a href="#[b3]">&gt;&gt;</a>&nbsp;&nbsp;&nbsp;OSTimeTick
</UL>

<P><STRONG><a name="[8]"></a>OS_CPU_SysTickHandler</STRONG> (Thumb, 30 bytes, Stack size 8 bytes, os_cpu_c.o(.text))
<BR><BR>[Stack]<UL><LI>Max Depth = 32 + Unknown Stack Size
<LI>Call Chain = OS_CPU_SysTickHandler &rArr; OSTimeTick
</UL>
<BR>[Calls]<UL><LI><a href="#[91]">&gt;&gt;</a>&nbsp;&nbsp;&nbsp;OS_CPU_SR_Save
<LI><a href="#[93]">&gt;&gt;</a>&nbsp;&nbsp;&nbsp;OS_CPU_SR_Restore
<LI><a href="#[b3]">&gt;&gt;</a>&nbsp;&nbsp;&nbsp;OSTimeTick
<LI><a href="#[87]">&gt;&gt;</a>&nbsp;&nbsp;&nbsp;OSIntExit
</UL>
<BR>[Address Reference Count : 1]<UL><LI> vectors.o(VECT)
</UL>
<P><STRONG><a name="[3f]"></a>OS_CPU_SysTickInit</STRONG> (Thumb, 40 bytes, Stack size 8 bytes, os_cpu_c.o(.text))
<BR><BR>[Stack]<UL><LI>Max Depth = 40<LI>Call Chain = OS_CPU_SysTickInit &rArr; OS_CPU_SysTickClkFreq &rArr; BSP_CPU_ClkFreq &rArr; RCC_GetClocksFreq
</UL>
<BR>[Calls]<UL><LI><a href="#[73]">&gt;&gt;</a>&nbsp;&nbsp;&nbsp;OS_CPU_SysTickClkFreq
</UL>
<BR>[Called By]<UL><LI><a href="#[36]">&gt;&gt;</a>&nbsp;&nbsp;&nbsp;App_TaskStart
<LI><a href="#[35]">&gt;&gt;</a>&nbsp;&nbsp;&nbsp;App_TaskLED
</UL>

<P><STRONG><a name="[3e]"></a>__scatterload</STRONG> (Thumb, 28 bytes, Stack size 0 bytes, init.o(.text))
<BR><BR>[Calls]<UL><LI><a href="#[d9]">&gt;&gt;</a>&nbsp;&nbsp;&nbsp;__main_after_scatterload
</UL>
<BR>[Called By]<UL><LI><a href="#[3d]">&gt;&gt;</a>&nbsp;&nbsp;&nbsp;_main_scatterload
</UL>

<P><STRONG><a name="[14d]"></a>__scatterload_rt2</STRONG> (Thumb, 0 bytes, Stack size 0 bytes, init.o(.text), UNUSED)

<P><STRONG><a name="[3c]"></a>ResetHndlr</STRONG> (Thumb, 0 bytes, Stack size unknown bytes, init.o(INIT))

<P><STRONG><a name="[da]"></a>__0printf$bare</STRONG> (Thumb, 8 bytes, Stack size 0 bytes, printfb.o(i.__0printf$bare), UNUSED)
<BR><BR>[Calls]<UL><LI><a href="#[db]">&gt;&gt;</a>&nbsp;&nbsp;&nbsp;_printf_core
</UL>

<P><STRONG><a name="[14e]"></a>__1printf$bare</STRONG> (Thumb, 0 bytes, Stack size 0 bytes, printfb.o(i.__0printf$bare), UNUSED)

<P><STRONG><a name="[44]"></a>__2printf</STRONG> (Thumb, 0 bytes, Stack size 0 bytes, printfb.o(i.__0printf$bare))
<BR><BR>[Called By]<UL><LI><a href="#[35]">&gt;&gt;</a>&nbsp;&nbsp;&nbsp;App_TaskLED
</UL>

<P><STRONG><a name="[14f]"></a>__scatterload_copy</STRONG> (Thumb, 14 bytes, Stack size unknown bytes, handlers.o(i.__scatterload_copy), UNUSED)

<P><STRONG><a name="[150]"></a>__scatterload_null</STRONG> (Thumb, 2 bytes, Stack size unknown bytes, handlers.o(i.__scatterload_null), UNUSED)

<P><STRONG><a name="[151]"></a>__scatterload_zeroinit</STRONG> (Thumb, 14 bytes, Stack size unknown bytes, handlers.o(i.__scatterload_zeroinit), UNUSED)
<P>
<H3>
Local Symbols
</H3>
<P><STRONG><a name="[1]"></a>App_NMI_ISR</STRONG> (Thumb, 2 bytes, Stack size unknown bytes, vectors.o(VECT))
<BR><BR>[Calls]<UL><LI><a href="#[1]">&gt;&gt;</a>&nbsp;&nbsp;&nbsp;App_NMI_ISR
</UL>
<BR>[Called By]<UL><LI><a href="#[1]">&gt;&gt;</a>&nbsp;&nbsp;&nbsp;App_NMI_ISR
</UL>
<BR>[Address Reference Count : 1]<UL><LI> vectors.o(VECT)
</UL>
<P><STRONG><a name="[2]"></a>App_Fault_ISR</STRONG> (Thumb, 2 bytes, Stack size unknown bytes, vectors.o(VECT))
<BR><BR>[Calls]<UL><LI><a href="#[2]">&gt;&gt;</a>&nbsp;&nbsp;&nbsp;App_Fault_ISR
</UL>
<BR>[Called By]<UL><LI><a href="#[2]">&gt;&gt;</a>&nbsp;&nbsp;&nbsp;App_Fault_ISR
</UL>
<BR>[Address Reference Count : 1]<UL><LI> vectors.o(VECT)
</UL>
<P><STRONG><a name="[3]"></a>App_MemFault_ISR</STRONG> (Thumb, 2 bytes, Stack size unknown bytes, vectors.o(VECT))
<BR><BR>[Calls]<UL><LI><a href="#[3]">&gt;&gt;</a>&nbsp;&nbsp;&nbsp;App_MemFault_ISR
</UL>
<BR>[Called By]<UL><LI><a href="#[3]">&gt;&gt;</a>&nbsp;&nbsp;&nbsp;App_MemFault_ISR
</UL>
<BR>[Address Reference Count : 1]<UL><LI> vectors.o(VECT)
</UL>
<P><STRONG><a name="[4]"></a>App_BusFault_ISR</STRONG> (Thumb, 2 bytes, Stack size unknown bytes, vectors.o(VECT))
<BR><BR>[Calls]<UL><LI><a href="#[4]">&gt;&gt;</a>&nbsp;&nbsp;&nbsp;App_BusFault_ISR
</UL>
<BR>[Called By]<UL><LI><a href="#[4]">&gt;&gt;</a>&nbsp;&nbsp;&nbsp;App_BusFault_ISR
</UL>
<BR>[Address Reference Count : 1]<UL><LI> vectors.o(VECT)
</UL>
<P><STRONG><a name="[5]"></a>App_UsageFault_ISR</STRONG> (Thumb, 2 bytes, Stack size unknown bytes, vectors.o(VECT))
<BR><BR>[Calls]<UL><LI><a href="#[5]">&gt;&gt;</a>&nbsp;&nbsp;&nbsp;App_UsageFault_ISR
</UL>
<BR>[Called By]<UL><LI><a href="#[5]">&gt;&gt;</a>&nbsp;&nbsp;&nbsp;App_UsageFault_ISR
</UL>
<BR>[Address Reference Count : 1]<UL><LI> vectors.o(VECT)
</UL>
<P><STRONG><a name="[6]"></a>App_Spurious_ISR</STRONG> (Thumb, 2 bytes, Stack size unknown bytes, vectors.o(VECT))
<BR><BR>[Calls]<UL><LI><a href="#[6]">&gt;&gt;</a>&nbsp;&nbsp;&nbsp;App_Spurious_ISR
</UL>
<BR>[Called By]<UL><LI><a href="#[6]">&gt;&gt;</a>&nbsp;&nbsp;&nbsp;App_Spurious_ISR
</UL>
<BR>[Address Reference Count : 1]<UL><LI> vectors.o(VECT)
</UL>
<P><STRONG><a name="[35]"></a>App_TaskLED</STRONG> (Thumb, 62 bytes, Stack size 0 bytes, main.o(.text))
<BR><BR>[Stack]<UL><LI>Max Depth = 48 + Unknown Stack Size
<LI>Call Chain = App_TaskLED &rArr; OSTimeDlyHMSM &rArr; OSTimeDly &rArr; OS_Sched
</UL>
<BR>[Calls]<UL><LI><a href="#[3f]">&gt;&gt;</a>&nbsp;&nbsp;&nbsp;OS_CPU_SysTickInit
<LI><a href="#[42]">&gt;&gt;</a>&nbsp;&nbsp;&nbsp;OSTimeDlyHMSM
<LI><a href="#[40]">&gt;&gt;</a>&nbsp;&nbsp;&nbsp;OSStatInit
<LI><a href="#[43]">&gt;&gt;</a>&nbsp;&nbsp;&nbsp;BSP_LED_On
<LI><a href="#[41]">&gt;&gt;</a>&nbsp;&nbsp;&nbsp;BSP_LED_Off
<LI><a href="#[44]">&gt;&gt;</a>&nbsp;&nbsp;&nbsp;__2printf
</UL>
<BR>[Address Reference Count : 1]<UL><LI> main.o(.text)
</UL>
<P><STRONG><a name="[36]"></a>App_TaskStart</STRONG> (Thumb, 32 bytes, Stack size 8 bytes, main.o(.text))
<BR><BR>[Stack]<UL><LI>Max Depth = 88 + Unknown Stack Size
<LI>Call Chain = App_TaskStart &rArr; OSTaskCreate &rArr; OS_TCBInit
</UL>
<BR>[Calls]<UL><LI><a href="#[3f]">&gt;&gt;</a>&nbsp;&nbsp;&nbsp;OS_CPU_SysTickInit
<LI><a href="#[46]">&gt;&gt;</a>&nbsp;&nbsp;&nbsp;OSTaskSuspend
<LI><a href="#[45]">&gt;&gt;</a>&nbsp;&nbsp;&nbsp;OSTaskCreate
<LI><a href="#[40]">&gt;&gt;</a>&nbsp;&nbsp;&nbsp;OSStatInit
</UL>
<BR>[Address Reference Count : 1]<UL><LI> main.o(.text)
</UL>
<P><STRONG><a name="[5a]"></a>GPIO_Configuration</STRONG> (Thumb, 54 bytes, Stack size 16 bytes, bsp.o(.text))
<BR><BR>[Stack]<UL><LI>Max Depth = 44<LI>Call Chain = GPIO_Configuration &rArr; GPIO_Init
</UL>
<BR>[Calls]<UL><LI><a href="#[57]">&gt;&gt;</a>&nbsp;&nbsp;&nbsp;GPIO_Init
</UL>
<BR>[Called By]<UL><LI><a href="#[49]">&gt;&gt;</a>&nbsp;&nbsp;&nbsp;BSP_Init
</UL>

<P><STRONG><a name="[5b]"></a>BSP_PB_Init</STRONG> (Thumb, 64 bytes, Stack size 16 bytes, bsp.o(.text))
<BR><BR>[Stack]<UL><LI>Max Depth = 44<LI>Call Chain = BSP_PB_Init &rArr; GPIO_Init
</UL>
<BR>[Calls]<UL><LI><a href="#[5c]">&gt;&gt;</a>&nbsp;&nbsp;&nbsp;RCC_APB2PeriphClockCmd
<LI><a href="#[56]">&gt;&gt;</a>&nbsp;&nbsp;&nbsp;GPIO_StructInit
<LI><a href="#[57]">&gt;&gt;</a>&nbsp;&nbsp;&nbsp;GPIO_Init
</UL>
<BR>[Called By]<UL><LI><a href="#[49]">&gt;&gt;</a>&nbsp;&nbsp;&nbsp;BSP_Init
</UL>

<P><STRONG><a name="[5d]"></a>BSP_LED_Init</STRONG> (Thumb, 68 bytes, Stack size 16 bytes, bsp.o(.text))
<BR><BR>[Stack]<UL><LI>Max Depth = 44<LI>Call Chain = BSP_LED_Init &rArr; GPIO_Init
</UL>
<BR>[Calls]<UL><LI><a href="#[5c]">&gt;&gt;</a>&nbsp;&nbsp;&nbsp;RCC_APB2PeriphClockCmd
<LI><a href="#[57]">&gt;&gt;</a>&nbsp;&nbsp;&nbsp;GPIO_Init
</UL>
<BR>[Called By]<UL><LI><a href="#[49]">&gt;&gt;</a>&nbsp;&nbsp;&nbsp;BSP_Init
</UL>

<P><STRONG><a name="[5e]"></a>BSP_ADC_Init</STRONG> (Thumb, 110 bytes, Stack size 40 bytes, bsp.o(.text))
<BR><BR>[Stack]<UL><LI>Max Depth = 68<LI>Call Chain = BSP_ADC_Init &rArr; GPIO_Init
</UL>
<BR>[Calls]<UL><LI><a href="#[5c]">&gt;&gt;</a>&nbsp;&nbsp;&nbsp;RCC_APB2PeriphClockCmd
<LI><a href="#[56]">&gt;&gt;</a>&nbsp;&nbsp;&nbsp;GPIO_StructInit
<LI><a href="#[57]">&gt;&gt;</a>&nbsp;&nbsp;&nbsp;GPIO_Init
<LI><a href="#[62]">&gt;&gt;</a>&nbsp;&nbsp;&nbsp;ADC_SoftwareStartConvCmd
<LI><a href="#[60]">&gt;&gt;</a>&nbsp;&nbsp;&nbsp;ADC_RegularChannelConfig
<LI><a href="#[5f]">&gt;&gt;</a>&nbsp;&nbsp;&nbsp;ADC_Init
<LI><a href="#[61]">&gt;&gt;</a>&nbsp;&nbsp;&nbsp;ADC_Cmd
</UL>
<BR>[Called By]<UL><LI><a href="#[49]">&gt;&gt;</a>&nbsp;&nbsp;&nbsp;BSP_Init
</UL>

<P><STRONG><a name="[38]"></a>UART1_ISR</STRONG> (Thumb, 46 bytes, Stack size 8 bytes, bsp_int.o(.text))
<BR><BR>[Stack]<UL><LI>Max Depth = 24<LI>Call Chain = UART1_ISR &rArr; USART_GetITStatus
</UL>
<BR>[Calls]<UL><LI><a href="#[85]">&gt;&gt;</a>&nbsp;&nbsp;&nbsp;USART_ReceiveData
<LI><a href="#[84]">&gt;&gt;</a>&nbsp;&nbsp;&nbsp;USART_GetITStatus
<LI><a href="#[4d]">&gt;&gt;</a>&nbsp;&nbsp;&nbsp;USART_SendData
<LI><a href="#[4e]">&gt;&gt;</a>&nbsp;&nbsp;&nbsp;USART_GetFlagStatus
</UL>
<BR>[Address Reference Count : 1]<UL><LI> bsp_int.o(.text)
</UL>
<P><STRONG><a name="[37]"></a>BSP_IntHandlerDummy</STRONG> (Thumb, 2 bytes, Stack size 0 bytes, bsp_int.o(.text))
<BR>[Address Reference Count : 1]<UL><LI> bsp_int.o(.text)
</UL>
<P><STRONG><a name="[86]"></a>BSP_IntHandler</STRONG> (Thumb, 42 bytes, Stack size 8 bytes, bsp_int.o(.text))
<BR><BR>[Stack]<UL><LI>Max Depth = 24 + Unknown Stack Size
<LI>Call Chain = BSP_IntHandler &rArr; OSIntExit
</UL>
<BR>[Calls]<UL><LI><a href="#[87]">&gt;&gt;</a>&nbsp;&nbsp;&nbsp;OSIntExit
<LI><a href="#[80]">&gt;&gt;</a>&nbsp;&nbsp;&nbsp;CPU_SR_Save
<LI><a href="#[81]">&gt;&gt;</a>&nbsp;&nbsp;&nbsp;CPU_SR_Restore
</UL>
<BR>[Called By]<UL><LI><a href="#[9]">&gt;&gt;</a>&nbsp;&nbsp;&nbsp;BSP_IntHandlerWWDG
<LI><a href="#[1d]">&gt;&gt;</a>&nbsp;&nbsp;&nbsp;BSP_IntHandlerUSB_LP_CAN_RX0
<LI><a href="#[1c]">&gt;&gt;</a>&nbsp;&nbsp;&nbsp;BSP_IntHandlerUSB_HP_CAN_TX
<LI><a href="#[33]">&gt;&gt;</a>&nbsp;&nbsp;&nbsp;BSP_IntHandlerUSBWakeUp
<LI><a href="#[30]">&gt;&gt;</a>&nbsp;&nbsp;&nbsp;BSP_IntHandlerUSART3
<LI><a href="#[2f]">&gt;&gt;</a>&nbsp;&nbsp;&nbsp;BSP_IntHandlerUSART2
<LI><a href="#[2e]">&gt;&gt;</a>&nbsp;&nbsp;&nbsp;BSP_IntHandlerUSART1
<LI><a href="#[27]">&gt;&gt;</a>&nbsp;&nbsp;&nbsp;BSP_IntHandlerTIM4
<LI><a href="#[26]">&gt;&gt;</a>&nbsp;&nbsp;&nbsp;BSP_IntHandlerTIM3
<LI><a href="#[25]">&gt;&gt;</a>&nbsp;&nbsp;&nbsp;BSP_IntHandlerTIM2
<LI><a href="#[22]">&gt;&gt;</a>&nbsp;&nbsp;&nbsp;BSP_IntHandlerTIM1_UP
<LI><a href="#[23]">&gt;&gt;</a>&nbsp;&nbsp;&nbsp;BSP_IntHandlerTIM1_TRG_COM
<LI><a href="#[24]">&gt;&gt;</a>&nbsp;&nbsp;&nbsp;BSP_IntHandlerTIM1_CC
<LI><a href="#[21]">&gt;&gt;</a>&nbsp;&nbsp;&nbsp;BSP_IntHandlerTIM1_BRK
<LI><a href="#[b]">&gt;&gt;</a>&nbsp;&nbsp;&nbsp;BSP_IntHandlerTAMPER
<LI><a href="#[2d]">&gt;&gt;</a>&nbsp;&nbsp;&nbsp;BSP_IntHandlerSPI2
<LI><a href="#[2c]">&gt;&gt;</a>&nbsp;&nbsp;&nbsp;BSP_IntHandlerSPI1
<LI><a href="#[32]">&gt;&gt;</a>&nbsp;&nbsp;&nbsp;BSP_IntHandlerRTCAlarm
<LI><a href="#[c]">&gt;&gt;</a>&nbsp;&nbsp;&nbsp;BSP_IntHandlerRTC
<LI><a href="#[e]">&gt;&gt;</a>&nbsp;&nbsp;&nbsp;BSP_IntHandlerRCC
<LI><a href="#[a]">&gt;&gt;</a>&nbsp;&nbsp;&nbsp;BSP_IntHandlerPVD
<LI><a href="#[2a]">&gt;&gt;</a>&nbsp;&nbsp;&nbsp;BSP_IntHandlerI2C2_EV
<LI><a href="#[2b]">&gt;&gt;</a>&nbsp;&nbsp;&nbsp;BSP_IntHandlerI2C2_ER
<LI><a href="#[28]">&gt;&gt;</a>&nbsp;&nbsp;&nbsp;BSP_IntHandlerI2C1_EV
<LI><a href="#[29]">&gt;&gt;</a>&nbsp;&nbsp;&nbsp;BSP_IntHandlerI2C1_ER
<LI><a href="#[d]">&gt;&gt;</a>&nbsp;&nbsp;&nbsp;BSP_IntHandlerFLASH
<LI><a href="#[20]">&gt;&gt;</a>&nbsp;&nbsp;&nbsp;BSP_IntHandlerEXTI9_5
<LI><a href="#[13]">&gt;&gt;</a>&nbsp;&nbsp;&nbsp;BSP_IntHandlerEXTI4
<LI><a href="#[12]">&gt;&gt;</a>&nbsp;&nbsp;&nbsp;BSP_IntHandlerEXTI3
<LI><a href="#[11]">&gt;&gt;</a>&nbsp;&nbsp;&nbsp;BSP_IntHandlerEXTI2
<LI><a href="#[31]">&gt;&gt;</a>&nbsp;&nbsp;&nbsp;BSP_IntHandlerEXTI15_10
<LI><a href="#[10]">&gt;&gt;</a>&nbsp;&nbsp;&nbsp;BSP_IntHandlerEXTI1
<LI><a href="#[f]">&gt;&gt;</a>&nbsp;&nbsp;&nbsp;BSP_IntHandlerEXTI0
<LI><a href="#[1a]">&gt;&gt;</a>&nbsp;&nbsp;&nbsp;BSP_IntHandlerDMA1_CH7
<LI><a href="#[19]">&gt;&gt;</a>&nbsp;&nbsp;&nbsp;BSP_IntHandlerDMA1_CH6
<LI><a href="#[18]">&gt;&gt;</a>&nbsp;&nbsp;&nbsp;BSP_IntHandlerDMA1_CH5
<LI><a href="#[17]">&gt;&gt;</a>&nbsp;&nbsp;&nbsp;BSP_IntHandlerDMA1_CH4
<LI><a href="#[16]">&gt;&gt;</a>&nbsp;&nbsp;&nbsp;BSP_IntHandlerDMA1_CH3
<LI><a href="#[15]">&gt;&gt;</a>&nbsp;&nbsp;&nbsp;BSP_IntHandlerDMA1_CH2
<LI><a href="#[14]">&gt;&gt;</a>&nbsp;&nbsp;&nbsp;BSP_IntHandlerDMA1_CH1
<LI><a href="#[1f]">&gt;&gt;</a>&nbsp;&nbsp;&nbsp;BSP_IntHandlerCAN_SCE
<LI><a href="#[1e]">&gt;&gt;</a>&nbsp;&nbsp;&nbsp;BSP_IntHandlerCAN_RX1
<LI><a href="#[1b]">&gt;&gt;</a>&nbsp;&nbsp;&nbsp;BSP_IntHandlerADC1_2
</UL>

<P><STRONG><a name="[97]"></a>OS_SchedNew</STRONG> (Thumb, 24 bytes, Stack size 0 bytes, os_core.o(.text))
<BR><BR>[Called By]<UL><LI><a href="#[96]">&gt;&gt;</a>&nbsp;&nbsp;&nbsp;OS_Sched
<LI><a href="#[87]">&gt;&gt;</a>&nbsp;&nbsp;&nbsp;OSIntExit
<LI><a href="#[4c]">&gt;&gt;</a>&nbsp;&nbsp;&nbsp;OSStart
</UL>

<P><STRONG><a name="[a1]"></a>OS_InitTaskStat</STRONG> (Thumb, 90 bytes, Stack size 32 bytes, os_core.o(.text))
<BR><BR>[Stack]<UL><LI>Max Depth = 136 + Unknown Stack Size
<LI>Call Chain = OS_InitTaskStat &rArr; OSTaskCreateExt &rArr; OS_TCBInit
</UL>
<BR>[Calls]<UL><LI><a href="#[a3]">&gt;&gt;</a>&nbsp;&nbsp;&nbsp;OSTaskNameSet
<LI><a href="#[a2]">&gt;&gt;</a>&nbsp;&nbsp;&nbsp;OSTaskCreateExt
</UL>
<BR>[Called By]<UL><LI><a href="#[48]">&gt;&gt;</a>&nbsp;&nbsp;&nbsp;OSInit
</UL>

<P><STRONG><a name="[a6]"></a>OS_InitTaskIdle</STRONG> (Thumb, 50 bytes, Stack size 32 bytes, os_core.o(.text))
<BR><BR>[Stack]<UL><LI>Max Depth = 136 + Unknown Stack Size
<LI>Call Chain = OS_InitTaskIdle &rArr; OSTaskCreateExt &rArr; OS_TCBInit
</UL>
<BR>[Calls]<UL><LI><a href="#[a3]">&gt;&gt;</a>&nbsp;&nbsp;&nbsp;OSTaskNameSet
<LI><a href="#[a2]">&gt;&gt;</a>&nbsp;&nbsp;&nbsp;OSTaskCreateExt
</UL>
<BR>[Called By]<UL><LI><a href="#[48]">&gt;&gt;</a>&nbsp;&nbsp;&nbsp;OSInit
</UL>

<P><STRONG><a name="[a7]"></a>OS_InitEventList</STRONG> (Thumb, 60 bytes, Stack size 8 bytes, os_core.o(.text))
<BR><BR>[Stack]<UL><LI>Max Depth = 8<LI>Call Chain = OS_InitEventList
</UL>
<BR>[Calls]<UL><LI><a href="#[a8]">&gt;&gt;</a>&nbsp;&nbsp;&nbsp;OS_MemClr
</UL>
<BR>[Called By]<UL><LI><a href="#[48]">&gt;&gt;</a>&nbsp;&nbsp;&nbsp;OSInit
</UL>

<P><STRONG><a name="[a9]"></a>OS_InitTCBList</STRONG> (Thumb, 82 bytes, Stack size 8 bytes, os_core.o(.text))
<BR><BR>[Stack]<UL><LI>Max Depth = 8<LI>Call Chain = OS_InitTCBList
</UL>
<BR>[Calls]<UL><LI><a href="#[a8]">&gt;&gt;</a>&nbsp;&nbsp;&nbsp;OS_MemClr
</UL>
<BR>[Called By]<UL><LI><a href="#[48]">&gt;&gt;</a>&nbsp;&nbsp;&nbsp;OSInit
</UL>

<P><STRONG><a name="[ac]"></a>OS_InitRdyList</STRONG> (Thumb, 34 bytes, Stack size 0 bytes, os_core.o(.text))
<BR><BR>[Called By]<UL><LI><a href="#[48]">&gt;&gt;</a>&nbsp;&nbsp;&nbsp;OSInit
</UL>

<P><STRONG><a name="[ab]"></a>OS_InitMisc</STRONG> (Thumb, 26 bytes, Stack size 0 bytes, os_core.o(.text))
<BR><BR>[Called By]<UL><LI><a href="#[48]">&gt;&gt;</a>&nbsp;&nbsp;&nbsp;OSInit
</UL>

<P><STRONG><a name="[bc]"></a>OS_FlagTaskRdy</STRONG> (Thumb, 70 bytes, Stack size 8 bytes, os_flag.o(.text), UNUSED)
<BR><BR>[Calls]<UL><LI><a href="#[bd]">&gt;&gt;</a>&nbsp;&nbsp;&nbsp;OS_FlagUnlink
</UL>
<BR>[Called By]<UL><LI><a href="#[be]">&gt;&gt;</a>&nbsp;&nbsp;&nbsp;OSFlagDel
<LI><a href="#[c4]">&gt;&gt;</a>&nbsp;&nbsp;&nbsp;OSFlagPost
</UL>

<P><STRONG><a name="[c2]"></a>OS_FlagBlock</STRONG> (Thumb, 88 bytes, Stack size 20 bytes, os_flag.o(.text), UNUSED)
<BR><BR>[Called By]<UL><LI><a href="#[c1]">&gt;&gt;</a>&nbsp;&nbsp;&nbsp;OSFlagPend
</UL>

<P><STRONG><a name="[db]"></a>_printf_core</STRONG> (Thumb, 34 bytes, Stack size 24 bytes, printfb.o(i._printf_core), UNUSED)
<BR><BR>[Called By]<UL><LI><a href="#[da]">&gt;&gt;</a>&nbsp;&nbsp;&nbsp;__0printf$bare
</UL>
<P>
<H3>
Undefined Global Symbols
</H3><HR></body></html>
