<html>
<body>
<pre>
<h1>µVision Build Log</h1>
<h2>Tool Versions:</h2>
IDE-Version: ¶ÃVision V5.15
Copyright (C) 2015 ARM Ltd and ARM Germany GmbH. All rights reserved.
License Information: king king, nuc, LIC=----
 
Tool Versions:
Toolchain:       MDK-Lite  Version: 5.15.0
Toolchain Path:  E:\keil5\ARM\ARMCC\Bin
C Compiler:      Armcc.exe V5.05 update 2 (build 169)
Assembler:       Armasm.exe V5.05 update 2 (build 169)
Linker/Locator:  ArmLink.exe V5.05 update 2 (build 169)
Library Manager: ArmAr.exe V5.05 update 2 (build 169)
Hex Converter:   FromElf.exe V5.05 update 2 (build 169)
CPU DLL:         SARMCM3.DLL V5.15.0
Dialog DLL:      DARMSTM.DLL V1.65.0.0
    Target DLL: UL2CM3_ULINK1.DLL
Dialog DLL:      TARMSTM.DLL V1.64.0.0
 
<h2>Project:</h2>
D:\2016NEW\◊ ¡œ≈Ã\38471215ucosii-13K\ucosii-13K\EvalBoards\ST\STM3210B-LK1\RVMDK\APP\STM3210B-LK1-OS.Uv2
Project File Date:  02/18/2016

<h2>Output:</h2>
*** Using Compiler 'V5.05 update 2 (build 169)', folder: 'E:\keil5\ARM\ARMCC\Bin'
Build target 'Flash'
assembling vectors.s...
compiling main.c...
main.c(18): warning:  #550-D: variable "os_err" was set but never used
      CPU_INT08U  os_err;
main.c(41): warning:  #177-D: variable "os_err" was declared but never referenced
         CPU_INT08U  os_err;
main.c(7): warning:  #177-D: variable "App_TaskLEDStk" was declared but never referenced
  static  OS_STK   App_TaskLEDStk[APP_TASK_LED_STK_SIZE];
main.c: 3 warnings, 0 errors
compiling bsp.c...
assembling init.s...
compiling bsp_int.c...
compiling bsp_periph.c...
compiling stm32f10x_usart.c...
compiling stm32f10x_gpio.c...
compiling stm32f10x_systick.c...
compiling stm32f10x_i2c.c...
compiling stm32f10x_spi.c...
compiling stm32f10x_rtc.c...
compiling stm32f10x_rcc.c...
compiling stm32f10x_adc.c...
compiling stm32f10x_bkp.c...
compiling stm32f10x_flash.c...
compiling stm32f10x_lib.c...
compiling stm32f10x_tim.c...
compiling stm32f10x_nvic.c...
assembling cpu_a.asm...
compiling cpu_c.c...
compiling os_core.c...
compiling os_flag.c...
compiling os_mbox.c...
compiling os_mem.c...
compiling os_mutex.c...
compiling os_q.c...
compiling os_sem.c...
compiling os_task.c...
compiling os_time.c...
compiling os_tmr.c...
assembling os_cpu_a.asm...
compiling os_cpu_c.c...
compiling os_dbg.c...
compiling lib_mem.c...
compiling lib_str.c...
assembling lib_mem_a.asm...
linking...
Program Size: Code=13456 RO-data=308 RW-data=68 ZI-data=5340  
".\output\STM3210B-EVAL-OS-Probe.axf" - 0 Error(s), 3 Warning(s).
</pre>
</body>
</html>
